08:01:01 DEBUG : Logs will be stored at 'C:/Users/C27Bradford.Hurt/ece383_wksp/ice3/IDE.log'.
08:01:05 INFO  : Launching XSCT server: xsct.bat -n  -interactive C:\Users\C27Bradford.Hurt\ece383_wksp\ice3\temp_xsdb_launch_script.tcl
08:01:05 INFO  : Platform repository initialization has completed.
08:01:06 INFO  : Registering command handlers for Vitis TCF services
08:01:13 INFO  : XSCT server has started successfully.
08:01:14 INFO  : Successfully done setting XSCT server connection channel  
08:01:22 INFO  : plnx-install-location is set to ''
08:01:22 INFO  : Successfully done setting workspace for the tool. 
08:01:22 INFO  : Successfully done query RDI_DATADIR 
08:02:25 DEBUG : Logs will be stored at 'C:/Users/C27Bradford.Hurt/ece383_wksp/ice3/IDE.log'.
08:02:28 INFO  : Launching XSCT server: xsct.bat -n  -interactive C:\Users\C27Bradford.Hurt\ece383_wksp\ice3\temp_xsdb_launch_script.tcl
08:02:28 INFO  : Platform repository initialization has completed.
08:02:29 INFO  : Registering command handlers for Vitis TCF services
08:02:32 INFO  : XSCT server has started successfully.
08:02:32 INFO  : plnx-install-location is set to ''
08:02:32 INFO  : Successfully done setting XSCT server connection channel  
08:02:32 INFO  : Successfully done query RDI_DATADIR 
08:02:32 INFO  : Successfully done setting workspace for the tool. 
08:08:13 INFO  : Result from executing command 'getProjects': design_1_wrapper
08:08:13 INFO  : Result from executing command 'getPlatforms': 
08:08:13 WARN  : An unexpected exception occurred in the module 'platform project logging'
08:08:13 INFO  : Platform 'design_1_wrapper' is added to custom repositories.
08:08:16 INFO  : Platform 'design_1_wrapper' is added to custom repositories.
08:11:03 INFO  : Result from executing command 'getProjects': design_1_wrapper
08:11:03 INFO  : Result from executing command 'getPlatforms': design_1_wrapper|C:/Users/C27Bradford.Hurt/ece383_wksp/ice3/design_1_wrapper/export/design_1_wrapper/design_1_wrapper.xpfm
08:11:03 INFO  : Checking for BSP changes to sync application flags for project 'ICE3'...
08:11:14 INFO  : Connected to target on host '127.0.0.1' and port '3121'.
08:11:23 INFO  : Jtag cable 'Digilent Nexys Video 210276AEF629B' is selected.
08:11:25 INFO  : 'jtag frequency' command is executed.
08:11:27 INFO  : 'targets -set -filter {jtag_cable_name =~ "Digilent Nexys Video 210276AEF629B" && level==0 && jtag_device_ctx=="jsn-Nexys Video-210276AEF629B-13636093-0"}' command is executed.
08:11:33 INFO  : Device configured successfully with "C:/Users/C27Bradford.Hurt/ece383_wksp/ice3/ICE3/_ide/bitstream/design_1_wrapper.bit"
08:11:33 INFO  : Context for processor 'microblaze_0' is selected.
08:11:33 INFO  : Hardware design and registers information is loaded from 'C:/Users/C27Bradford.Hurt/ece383_wksp/ice3/design_1_wrapper/export/design_1_wrapper/hw/design_1_wrapper.xsa'.
08:11:33 INFO  : 'configparams mdm-detect-bscan-mask 2' command is executed.
08:11:33 INFO  : Context for processor 'microblaze_0' is selected.
08:11:33 INFO  : System reset is completed.
08:11:36 INFO  : 'after 3000' command is executed.
08:11:36 INFO  : Context for processor 'microblaze_0' is selected.
08:11:36 INFO  : The application 'C:/Users/C27Bradford.Hurt/ece383_wksp/ice3/ICE3/Debug/ICE3.elf' is downloaded to processor 'microblaze_0'.
08:11:36 INFO  : ----------------XSDB Script----------------
connect -url tcp:127.0.0.1:3121
targets -set -filter {jtag_cable_name =~ "Digilent Nexys Video 210276AEF629B" && level==0 && jtag_device_ctx=="jsn-Nexys Video-210276AEF629B-13636093-0"}
fpga -file C:/Users/C27Bradford.Hurt/ece383_wksp/ice3/ICE3/_ide/bitstream/design_1_wrapper.bit
targets -set -nocase -filter {name =~ "*microblaze*#0" && bscan=="USER2" }
loadhw -hw C:/Users/C27Bradford.Hurt/ece383_wksp/ice3/design_1_wrapper/export/design_1_wrapper/hw/design_1_wrapper.xsa -regs
configparams mdm-detect-bscan-mask 2
targets -set -nocase -filter {name =~ "*microblaze*#0" && bscan=="USER2" }
rst -system
after 3000
targets -set -nocase -filter {name =~ "*microblaze*#0" && bscan=="USER2" }
dow C:/Users/C27Bradford.Hurt/ece383_wksp/ice3/ICE3/Debug/ICE3.elf
----------------End of Script----------------

08:11:36 INFO  : Context for processor 'microblaze_0' is selected.
08:11:36 INFO  : 'con' command is executed.
08:11:36 INFO  : ----------------XSDB Script (After Launch)----------------
targets -set -nocase -filter {name =~ "*microblaze*#0" && bscan=="USER2" }
con
----------------End of Script----------------

08:11:36 INFO  : Launch script is exported to file 'C:\Users\C27Bradford.Hurt\ece383_wksp\ice3\ICE3_system\_ide\scripts\debugger_ice3-default.tcl'
08:12:34 INFO  : Disconnected from the channel tcfchan#2.
08:12:35 INFO  : Connected to target on host '127.0.0.1' and port '3121'.
08:12:44 INFO  : ----------------XSDB Script----------------
connect -url tcp:127.0.0.1:3121
----------------End of Script----------------

08:12:44 ERROR : Could not find FPGA device on the board for connection 'Local'.


Troubleshooting hints:
1. Check whether board is connected to system properly.
2. In case of zynq board, check whether Digilent/Xilinx cable switch settings are correct.
3. If you are using Xilinx Platform Cable USB, ensure that status LED is green.
08:13:17 INFO  : Checking for BSP changes to sync application flags for project 'ICE3'...
08:13:24 INFO  : Connected to target on host '127.0.0.1' and port '3121'.
08:13:24 INFO  : Jtag cable 'Digilent Nexys Video 210276AEF629B' is selected.
08:13:24 INFO  : 'jtag frequency' command is executed.
08:13:25 INFO  : 'targets -set -filter {jtag_cable_name =~ "Digilent Nexys Video 210276AEF629B" && level==0 && jtag_device_ctx=="jsn-Nexys Video-210276AEF629B-13636093-0"}' command is executed.
08:13:30 INFO  : Device configured successfully with "C:/Users/C27Bradford.Hurt/ece383_wksp/ice3/ICE3/_ide/bitstream/design_1_wrapper.bit"
08:13:30 INFO  : Context for processor 'microblaze_0' is selected.
08:13:30 INFO  : Hardware design and registers information is loaded from 'C:/Users/C27Bradford.Hurt/ece383_wksp/ice3/design_1_wrapper/export/design_1_wrapper/hw/design_1_wrapper.xsa'.
08:13:30 INFO  : 'configparams mdm-detect-bscan-mask 2' command is executed.
08:13:30 INFO  : Context for processor 'microblaze_0' is selected.
08:13:30 INFO  : System reset is completed.
08:13:33 INFO  : 'after 3000' command is executed.
08:13:33 INFO  : Context for processor 'microblaze_0' is selected.
08:13:33 INFO  : The application 'C:/Users/C27Bradford.Hurt/ece383_wksp/ice3/ICE3/Debug/ICE3.elf' is downloaded to processor 'microblaze_0'.
08:13:33 INFO  : ----------------XSDB Script----------------
connect -url tcp:127.0.0.1:3121
targets -set -filter {jtag_cable_name =~ "Digilent Nexys Video 210276AEF629B" && level==0 && jtag_device_ctx=="jsn-Nexys Video-210276AEF629B-13636093-0"}
fpga -file C:/Users/C27Bradford.Hurt/ece383_wksp/ice3/ICE3/_ide/bitstream/design_1_wrapper.bit
targets -set -nocase -filter {name =~ "*microblaze*#0" && bscan=="USER2" }
loadhw -hw C:/Users/C27Bradford.Hurt/ece383_wksp/ice3/design_1_wrapper/export/design_1_wrapper/hw/design_1_wrapper.xsa -regs
configparams mdm-detect-bscan-mask 2
targets -set -nocase -filter {name =~ "*microblaze*#0" && bscan=="USER2" }
rst -system
after 3000
targets -set -nocase -filter {name =~ "*microblaze*#0" && bscan=="USER2" }
dow C:/Users/C27Bradford.Hurt/ece383_wksp/ice3/ICE3/Debug/ICE3.elf
----------------End of Script----------------

08:13:33 INFO  : Context for processor 'microblaze_0' is selected.
08:13:33 INFO  : 'con' command is executed.
08:13:33 INFO  : ----------------XSDB Script (After Launch)----------------
targets -set -nocase -filter {name =~ "*microblaze*#0" && bscan=="USER2" }
con
----------------End of Script----------------

08:13:33 INFO  : Launch script is exported to file 'C:\Users\C27Bradford.Hurt\ece383_wksp\ice3\ICE3_system\_ide\scripts\debugger_ice3-default.tcl'
08:15:48 INFO  : Checking for BSP changes to sync application flags for project 'ICE3'...
08:16:07 INFO  : Disconnected from the channel tcfchan#3.
08:16:08 INFO  : Connected to target on host '127.0.0.1' and port '3121'.
08:16:18 INFO  : ----------------XSDB Script----------------
connect -url tcp:127.0.0.1:3121
----------------End of Script----------------

08:16:18 ERROR : Could not find FPGA device on the board for connection 'Local'.


Troubleshooting hints:
1. Check whether board is connected to system properly.
2. In case of zynq board, check whether Digilent/Xilinx cable switch settings are correct.
3. If you are using Xilinx Platform Cable USB, ensure that status LED is green.
08:16:27 INFO  : Connected to target on host '127.0.0.1' and port '3121'.
08:16:27 INFO  : Jtag cable 'Digilent Nexys Video 210276AEF629B' is selected.
08:16:27 INFO  : 'jtag frequency' command is executed.
08:16:27 INFO  : 'targets -set -filter {jtag_cable_name =~ "Digilent Nexys Video 210276AEF629B" && level==0 && jtag_device_ctx=="jsn-Nexys Video-210276AEF629B-13636093-0"}' command is executed.
08:16:33 INFO  : Device configured successfully with "C:/Users/C27Bradford.Hurt/ece383_wksp/ice3/ICE3/_ide/bitstream/design_1_wrapper.bit"
08:16:33 INFO  : Context for processor 'microblaze_0' is selected.
08:16:33 INFO  : Hardware design and registers information is loaded from 'C:/Users/C27Bradford.Hurt/ece383_wksp/ice3/design_1_wrapper/export/design_1_wrapper/hw/design_1_wrapper.xsa'.
08:16:33 INFO  : 'configparams mdm-detect-bscan-mask 2' command is executed.
08:16:33 INFO  : Context for processor 'microblaze_0' is selected.
08:16:33 INFO  : System reset is completed.
08:16:36 INFO  : 'after 3000' command is executed.
08:16:36 INFO  : Context for processor 'microblaze_0' is selected.
08:16:36 INFO  : The application 'C:/Users/C27Bradford.Hurt/ece383_wksp/ice3/ICE3/Debug/ICE3.elf' is downloaded to processor 'microblaze_0'.
08:16:36 INFO  : ----------------XSDB Script----------------
connect -url tcp:127.0.0.1:3121
targets -set -filter {jtag_cable_name =~ "Digilent Nexys Video 210276AEF629B" && level==0 && jtag_device_ctx=="jsn-Nexys Video-210276AEF629B-13636093-0"}
fpga -file C:/Users/C27Bradford.Hurt/ece383_wksp/ice3/ICE3/_ide/bitstream/design_1_wrapper.bit
targets -set -nocase -filter {name =~ "*microblaze*#0" && bscan=="USER2" }
loadhw -hw C:/Users/C27Bradford.Hurt/ece383_wksp/ice3/design_1_wrapper/export/design_1_wrapper/hw/design_1_wrapper.xsa -regs
configparams mdm-detect-bscan-mask 2
targets -set -nocase -filter {name =~ "*microblaze*#0" && bscan=="USER2" }
rst -system
after 3000
targets -set -nocase -filter {name =~ "*microblaze*#0" && bscan=="USER2" }
dow C:/Users/C27Bradford.Hurt/ece383_wksp/ice3/ICE3/Debug/ICE3.elf
----------------End of Script----------------

08:16:36 INFO  : Context for processor 'microblaze_0' is selected.
08:16:36 INFO  : 'con' command is executed.
08:16:36 INFO  : ----------------XSDB Script (After Launch)----------------
targets -set -nocase -filter {name =~ "*microblaze*#0" && bscan=="USER2" }
con
----------------End of Script----------------

08:16:36 INFO  : Launch script is exported to file 'C:\Users\C27Bradford.Hurt\ece383_wksp\ice3\ICE3_system\_ide\scripts\debugger_ice3-default.tcl'
08:39:49 INFO  : Disconnected from the channel tcfchan#4.
