08:50:51 DEBUG : Logs will be stored at 'C:/Users/C27Bradford.Hurt/ece383_wksp/ice1/IDE.log'.
08:50:56 INFO  : Platform repository initialization has completed.
08:50:56 INFO  : Launching XSCT server: xsct.bat -n  -interactive C:\Users\C27Bradford.Hurt\ece383_wksp\ice1\temp_xsdb_launch_script.tcl
08:50:57 INFO  : Registering command handlers for Vitis TCF services
08:51:05 INFO  : XSCT server has started successfully.
08:51:14 INFO  : Successfully done setting XSCT server connection channel  
08:51:14 INFO  : plnx-install-location is set to ''
08:51:14 INFO  : Successfully done query RDI_DATADIR 
08:51:14 INFO  : Successfully done setting workspace for the tool. 
08:52:30 INFO  : Result from executing command 'getProjects': design_1_wrapper
08:52:30 INFO  : Result from executing command 'getPlatforms': 
08:52:30 WARN  : An unexpected exception occurred in the module 'platform project logging'
08:52:31 INFO  : Platform 'design_1_wrapper' is added to custom repositories.
08:52:35 INFO  : Platform 'design_1_wrapper' is added to custom repositories.
08:59:09 INFO  : Result from executing command 'getProjects': design_1_wrapper
08:59:09 INFO  : Result from executing command 'getPlatforms': design_1_wrapper|C:/Users/C27Bradford.Hurt/ece383_wksp/ice1/design_1_wrapper/export/design_1_wrapper/design_1_wrapper.xpfm
08:59:09 INFO  : Checking for BSP changes to sync application flags for project 'ublaze1'...
08:59:17 INFO  : Connected to target on host '127.0.0.1' and port '3121'.
08:59:21 INFO  : Jtag cable 'Digilent Nexys Video 210276AEF629B' is selected.
08:59:21 INFO  : 'jtag frequency' command is executed.
08:59:22 INFO  : 'targets -set -filter {jtag_cable_name =~ "Digilent Nexys Video 210276AEF629B" && level==0 && jtag_device_ctx=="jsn-Nexys Video-210276AEF629B-13636093-0"}' command is executed.
08:59:29 INFO  : Device configured successfully with "C:/Users/C27Bradford.Hurt/ece383_wksp/ice1/ublaze1/_ide/bitstream/design_1_wrapper.bit"
08:59:29 INFO  : Context for processor 'microblaze_0' is selected.
08:59:29 INFO  : Hardware design and registers information is loaded from 'C:/Users/C27Bradford.Hurt/ece383_wksp/ice1/design_1_wrapper/export/design_1_wrapper/hw/design_1_wrapper.xsa'.
08:59:29 INFO  : 'configparams mdm-detect-bscan-mask 2' command is executed.
08:59:29 INFO  : ----------------XSDB Script----------------
connect -url tcp:127.0.0.1:3121
targets -set -filter {jtag_cable_name =~ "Digilent Nexys Video 210276AEF629B" && level==0 && jtag_device_ctx=="jsn-Nexys Video-210276AEF629B-13636093-0"}
fpga -file C:/Users/C27Bradford.Hurt/ece383_wksp/ice1/ublaze1/_ide/bitstream/design_1_wrapper.bit
targets -set -nocase -filter {name =~ "*microblaze*#0" && bscan=="USER2" }
loadhw -hw C:/Users/C27Bradford.Hurt/ece383_wksp/ice1/design_1_wrapper/export/design_1_wrapper/hw/design_1_wrapper.xsa -regs
configparams mdm-detect-bscan-mask 2
----------------End of Script----------------

08:59:29 INFO  : Launch script is exported to file 'C:\Users\C27Bradford.Hurt\ece383_wksp\ice1\ublaze1_system\_ide\scripts\debugger_ublaze1-default.tcl'
09:00:35 INFO  : Disconnected from the channel tcfchan#2.
09:00:36 INFO  : Connected to target on host '127.0.0.1' and port '3121'.
09:00:37 INFO  : Jtag cable 'Digilent Nexys Video 210276AEF629B' is selected.
09:00:37 INFO  : 'jtag frequency' command is executed.
09:00:37 INFO  : 'targets -set -filter {jtag_cable_name =~ "Digilent Nexys Video 210276AEF629B" && level==0 && jtag_device_ctx=="jsn-Nexys Video-210276AEF629B-13636093-0"}' command is executed.
09:00:42 INFO  : Device configured successfully with "C:/Users/C27Bradford.Hurt/ece383_wksp/ice1/ublaze1/_ide/bitstream/design_1_wrapper.bit"
09:00:43 INFO  : Context for processor 'microblaze_0' is selected.
09:00:43 INFO  : Hardware design and registers information is loaded from 'C:/Users/C27Bradford.Hurt/ece383_wksp/ice1/design_1_wrapper/export/design_1_wrapper/hw/design_1_wrapper.xsa'.
09:00:43 INFO  : 'configparams mdm-detect-bscan-mask 2' command is executed.
09:00:43 INFO  : ----------------XSDB Script----------------
connect -url tcp:127.0.0.1:3121
targets -set -filter {jtag_cable_name =~ "Digilent Nexys Video 210276AEF629B" && level==0 && jtag_device_ctx=="jsn-Nexys Video-210276AEF629B-13636093-0"}
fpga -file C:/Users/C27Bradford.Hurt/ece383_wksp/ice1/ublaze1/_ide/bitstream/design_1_wrapper.bit
targets -set -nocase -filter {name =~ "*microblaze*#0" && bscan=="USER2" }
loadhw -hw C:/Users/C27Bradford.Hurt/ece383_wksp/ice1/design_1_wrapper/export/design_1_wrapper/hw/design_1_wrapper.xsa -regs
configparams mdm-detect-bscan-mask 2
----------------End of Script----------------

09:00:43 INFO  : Launch script is exported to file 'C:\Users\C27Bradford.Hurt\ece383_wksp\ice1\ublaze1_system\_ide\scripts\debugger_ublaze1-default.tcl'
09:01:45 INFO  : Disconnected from the channel tcfchan#3.
09:01:46 INFO  : Connected to target on host '127.0.0.1' and port '3121'.
09:01:56 INFO  : ----------------XSDB Script----------------
connect -url tcp:127.0.0.1:3121
----------------End of Script----------------

09:01:56 ERROR : Could not find FPGA device on the board for connection 'Local'.


Troubleshooting hints:
1. Check whether board is connected to system properly.
2. In case of zynq board, check whether Digilent/Xilinx cable switch settings are correct.
3. If you are using Xilinx Platform Cable USB, ensure that status LED is green.
09:01:59 INFO  : Connected to target on host '127.0.0.1' and port '3121'.
09:02:00 INFO  : Jtag cable 'Digilent Nexys Video 210276AEF629B' is selected.
09:02:00 INFO  : 'jtag frequency' command is executed.
09:02:00 INFO  : 'targets -set -filter {jtag_cable_name =~ "Digilent Nexys Video 210276AEF629B" && level==0 && jtag_device_ctx=="jsn-Nexys Video-210276AEF629B-13636093-0"}' command is executed.
09:02:05 INFO  : Device configured successfully with "C:/Users/C27Bradford.Hurt/ece383_wksp/ice1/ublaze1/_ide/bitstream/design_1_wrapper.bit"
09:02:05 INFO  : Context for processor 'microblaze_0' is selected.
09:02:05 INFO  : Hardware design and registers information is loaded from 'C:/Users/C27Bradford.Hurt/ece383_wksp/ice1/design_1_wrapper/export/design_1_wrapper/hw/design_1_wrapper.xsa'.
09:02:05 INFO  : 'configparams mdm-detect-bscan-mask 2' command is executed.
09:02:05 INFO  : ----------------XSDB Script----------------
connect -url tcp:127.0.0.1:3121
targets -set -filter {jtag_cable_name =~ "Digilent Nexys Video 210276AEF629B" && level==0 && jtag_device_ctx=="jsn-Nexys Video-210276AEF629B-13636093-0"}
fpga -file C:/Users/C27Bradford.Hurt/ece383_wksp/ice1/ublaze1/_ide/bitstream/design_1_wrapper.bit
targets -set -nocase -filter {name =~ "*microblaze*#0" && bscan=="USER2" }
loadhw -hw C:/Users/C27Bradford.Hurt/ece383_wksp/ice1/design_1_wrapper/export/design_1_wrapper/hw/design_1_wrapper.xsa -regs
configparams mdm-detect-bscan-mask 2
----------------End of Script----------------

09:02:05 INFO  : Launch script is exported to file 'C:\Users\C27Bradford.Hurt\ece383_wksp\ice1\ublaze1_system\_ide\scripts\debugger_ublaze1-default.tcl'
09:02:26 INFO  : Result from executing command 'removePlatformRepo': 
09:03:11 INFO  : Disconnected from the channel tcfchan#4.
09:03:12 ERROR : Hardware specification file is not configured properly in the launch configuration 'Debugger_ublaze1-Default'. 
Make sure that the application 'ublaze1' is built properly for configuration 'Debug' before launching.
09:03:18 ERROR : Hardware specification file is not configured properly in the launch configuration 'Debugger_ublaze1-Default'. 
Make sure that the application 'ublaze1' is built properly for configuration 'Debug' before launching.
09:03:34 INFO  : Result from executing command 'getProjects': design_1_wrapper
09:03:34 INFO  : Result from executing command 'getPlatforms': 
09:03:34 INFO  : Checking for BSP changes to sync application flags for project 'ublaze1'...
09:03:43 INFO  : Connected to target on host '127.0.0.1' and port '3121'.
09:03:44 INFO  : Jtag cable 'Digilent Nexys Video 210276AEF629B' is selected.
09:03:44 INFO  : 'jtag frequency' command is executed.
09:03:45 INFO  : 'targets -set -filter {jtag_cable_name =~ "Digilent Nexys Video 210276AEF629B" && level==0 && jtag_device_ctx=="jsn-Nexys Video-210276AEF629B-13636093-0"}' command is executed.
09:03:51 INFO  : Device configured successfully with "C:/Users/C27Bradford.Hurt/ece383_wksp/ice1/ublaze1/_ide/bitstream/design_1_wrapper.bit"
09:03:51 INFO  : Context for processor 'microblaze_0' is selected.
09:03:51 INFO  : Hardware design and registers information is loaded from 'C:/Users/C27Bradford.Hurt/ece383_wksp/ice1/design_1_wrapper/export/design_1_wrapper/hw/design_1_wrapper.xsa'.
09:03:51 INFO  : 'configparams mdm-detect-bscan-mask 2' command is executed.
09:03:51 INFO  : ----------------XSDB Script----------------
connect -url tcp:127.0.0.1:3121
targets -set -filter {jtag_cable_name =~ "Digilent Nexys Video 210276AEF629B" && level==0 && jtag_device_ctx=="jsn-Nexys Video-210276AEF629B-13636093-0"}
fpga -file C:/Users/C27Bradford.Hurt/ece383_wksp/ice1/ublaze1/_ide/bitstream/design_1_wrapper.bit
targets -set -nocase -filter {name =~ "*microblaze*#0" && bscan=="USER2" }
loadhw -hw C:/Users/C27Bradford.Hurt/ece383_wksp/ice1/design_1_wrapper/export/design_1_wrapper/hw/design_1_wrapper.xsa -regs
configparams mdm-detect-bscan-mask 2
----------------End of Script----------------

09:03:52 INFO  : Launch script is exported to file 'C:\Users\C27Bradford.Hurt\ece383_wksp\ice1\ublaze1_system\_ide\scripts\debugger_ublaze1-default.tcl'
09:04:12 INFO  : Disconnected from the channel tcfchan#7.
09:05:07 DEBUG : Logs will be stored at 'C:/Users/C27Bradford.Hurt/ece383_wksp/ice1/IDE.log'.
09:05:08 INFO  : Launching XSCT server: xsct.bat -n  -interactive C:\Users\C27Bradford.Hurt\ece383_wksp\ice1\temp_xsdb_launch_script.tcl
09:05:12 INFO  : XSCT server has started successfully.
09:05:12 INFO  : plnx-install-location is set to ''
09:05:12 INFO  : Successfully done setting XSCT server connection channel  
09:05:12 INFO  : Successfully done setting workspace for the tool. 
09:05:14 INFO  : Platform repository initialization has completed.
09:05:15 INFO  : Registering command handlers for Vitis TCF services
09:05:30 INFO  : Successfully done query RDI_DATADIR 
09:05:33 INFO  : Connected to target on host '127.0.0.1' and port '3121'.
09:05:35 INFO  : Jtag cable 'Digilent Nexys Video 210276AEF629B' is selected.
09:05:35 INFO  : 'jtag frequency' command is executed.
09:05:35 INFO  : 'targets -set -filter {jtag_cable_name =~ "Digilent Nexys Video 210276AEF629B" && level==0 && jtag_device_ctx=="jsn-Nexys Video-210276AEF629B-13636093-0"}' command is executed.
09:05:41 INFO  : Device configured successfully with "C:/Users/C27Bradford.Hurt/ece383_wksp/ice1/ublaze1/_ide/bitstream/design_1_wrapper.bit"
09:05:41 INFO  : Context for processor 'microblaze_0' is selected.
09:05:41 INFO  : Hardware design and registers information is loaded from 'C:/Users/C27Bradford.Hurt/ece383_wksp/ice1/design_1_wrapper/export/design_1_wrapper/hw/design_1_wrapper.xsa'.
09:05:41 INFO  : 'configparams mdm-detect-bscan-mask 2' command is executed.
09:05:41 INFO  : ----------------XSDB Script----------------
connect -url tcp:127.0.0.1:3121
targets -set -filter {jtag_cable_name =~ "Digilent Nexys Video 210276AEF629B" && level==0 && jtag_device_ctx=="jsn-Nexys Video-210276AEF629B-13636093-0"}
fpga -file C:/Users/C27Bradford.Hurt/ece383_wksp/ice1/ublaze1/_ide/bitstream/design_1_wrapper.bit
targets -set -nocase -filter {name =~ "*microblaze*#0" && bscan=="USER2" }
loadhw -hw C:/Users/C27Bradford.Hurt/ece383_wksp/ice1/design_1_wrapper/export/design_1_wrapper/hw/design_1_wrapper.xsa -regs
configparams mdm-detect-bscan-mask 2
----------------End of Script----------------

09:05:42 INFO  : Launch script is exported to file 'C:\Users\C27Bradford.Hurt\ece383_wksp\ice1\ublaze1_system\_ide\scripts\debugger_ublaze1-default.tcl'
09:06:38 INFO  : Disconnected from the channel tcfchan#1.
09:06:39 INFO  : Connected to target on host '127.0.0.1' and port '3121'.
09:06:48 INFO  : ----------------XSDB Script----------------
connect -url tcp:127.0.0.1:3121
----------------End of Script----------------

09:06:48 ERROR : Could not find FPGA device on the board for connection 'Local'.


Troubleshooting hints:
1. Check whether board is connected to system properly.
2. In case of zynq board, check whether Digilent/Xilinx cable switch settings are correct.
3. If you are using Xilinx Platform Cable USB, ensure that status LED is green.
09:07:10 INFO  : Connected to target on host '127.0.0.1' and port '3121'.
09:07:10 INFO  : Jtag cable 'Digilent Nexys Video 210276AEF629B' is selected.
09:07:10 INFO  : 'jtag frequency' command is executed.
09:07:10 INFO  : 'targets -set -filter {jtag_cable_name =~ "Digilent Nexys Video 210276AEF629B" && level==0 && jtag_device_ctx=="jsn-Nexys Video-210276AEF629B-13636093-0"}' command is executed.
09:07:16 INFO  : Device configured successfully with "C:/Users/C27Bradford.Hurt/ece383_wksp/ice1/ublaze1/_ide/bitstream/design_1_wrapper.bit"
09:07:16 INFO  : Context for processor 'microblaze_0' is selected.
09:07:17 INFO  : Hardware design and registers information is loaded from 'C:/Users/C27Bradford.Hurt/ece383_wksp/ice1/design_1_wrapper/export/design_1_wrapper/hw/design_1_wrapper.xsa'.
09:07:17 INFO  : 'configparams mdm-detect-bscan-mask 2' command is executed.
09:07:17 INFO  : ----------------XSDB Script----------------
connect -url tcp:127.0.0.1:3121
targets -set -filter {jtag_cable_name =~ "Digilent Nexys Video 210276AEF629B" && level==0 && jtag_device_ctx=="jsn-Nexys Video-210276AEF629B-13636093-0"}
fpga -file C:/Users/C27Bradford.Hurt/ece383_wksp/ice1/ublaze1/_ide/bitstream/design_1_wrapper.bit
targets -set -nocase -filter {name =~ "*microblaze*#0" && bscan=="USER2" }
loadhw -hw C:/Users/C27Bradford.Hurt/ece383_wksp/ice1/design_1_wrapper/export/design_1_wrapper/hw/design_1_wrapper.xsa -regs
configparams mdm-detect-bscan-mask 2
----------------End of Script----------------

09:07:17 INFO  : Launch script is exported to file 'C:\Users\C27Bradford.Hurt\ece383_wksp\ice1\ublaze1_system\_ide\scripts\debugger_ublaze1-default.tcl'
09:09:32 INFO  : Disconnected from the channel tcfchan#2.
09:09:33 INFO  : Connected to target on host '127.0.0.1' and port '3121'.
09:09:42 INFO  : ----------------XSDB Script----------------
connect -url tcp:127.0.0.1:3121
----------------End of Script----------------

09:09:42 ERROR : Could not find FPGA device on the board for connection 'Local'.


Troubleshooting hints:
1. Check whether board is connected to system properly.
2. In case of zynq board, check whether Digilent/Xilinx cable switch settings are correct.
3. If you are using Xilinx Platform Cable USB, ensure that status LED is green.
09:09:52 INFO  : Connected to target on host '127.0.0.1' and port '3121'.
09:09:52 INFO  : Jtag cable 'Digilent Nexys Video 210276AEF629B' is selected.
09:09:52 INFO  : 'jtag frequency' command is executed.
09:09:52 INFO  : 'targets -set -filter {jtag_cable_name =~ "Digilent Nexys Video 210276AEF629B" && level==0 && jtag_device_ctx=="jsn-Nexys Video-210276AEF629B-13636093-0"}' command is executed.
09:09:58 INFO  : Device configured successfully with "C:/Users/C27Bradford.Hurt/ece383_wksp/ice1/ublaze1/_ide/bitstream/design_1_wrapper.bit"
09:09:58 INFO  : Context for processor 'microblaze_0' is selected.
09:09:58 INFO  : Hardware design and registers information is loaded from 'C:/Users/C27Bradford.Hurt/ece383_wksp/ice1/design_1_wrapper/export/design_1_wrapper/hw/design_1_wrapper.xsa'.
09:09:58 INFO  : 'configparams mdm-detect-bscan-mask 2' command is executed.
09:09:58 INFO  : ----------------XSDB Script----------------
connect -url tcp:127.0.0.1:3121
targets -set -filter {jtag_cable_name =~ "Digilent Nexys Video 210276AEF629B" && level==0 && jtag_device_ctx=="jsn-Nexys Video-210276AEF629B-13636093-0"}
fpga -file C:/Users/C27Bradford.Hurt/ece383_wksp/ice1/ublaze1/_ide/bitstream/design_1_wrapper.bit
targets -set -nocase -filter {name =~ "*microblaze*#0" && bscan=="USER2" }
loadhw -hw C:/Users/C27Bradford.Hurt/ece383_wksp/ice1/design_1_wrapper/export/design_1_wrapper/hw/design_1_wrapper.xsa -regs
configparams mdm-detect-bscan-mask 2
----------------End of Script----------------

09:09:58 INFO  : Launch script is exported to file 'C:\Users\C27Bradford.Hurt\ece383_wksp\ice1\ublaze1_system\_ide\scripts\debugger_ublaze1-default.tcl'
09:12:59 INFO  : Result from executing command 'removePlatformRepo': 
09:13:10 INFO  : Result from executing command 'getProjects': design_1_wrapper
09:13:10 INFO  : Result from executing command 'getPlatforms': 
09:13:10 INFO  : Checking for BSP changes to sync application flags for project 'ublaze1'...
09:13:21 INFO  : Disconnected from the channel tcfchan#3.
09:13:22 INFO  : Connected to target on host '127.0.0.1' and port '3121'.
09:13:22 INFO  : Jtag cable 'Digilent Nexys Video 210276AEF629B' is selected.
09:13:22 INFO  : 'jtag frequency' command is executed.
09:13:22 INFO  : 'targets -set -filter {jtag_cable_name =~ "Digilent Nexys Video 210276AEF629B" && level==0 && jtag_device_ctx=="jsn-Nexys Video-210276AEF629B-13636093-0"}' command is executed.
09:13:28 INFO  : Device configured successfully with "C:/Users/C27Bradford.Hurt/ece383_wksp/ice1/ublaze1/_ide/bitstream/design_1_wrapper.bit"
09:13:28 INFO  : Context for processor 'microblaze_0' is selected.
09:13:28 INFO  : Hardware design and registers information is loaded from 'C:/Users/C27Bradford.Hurt/ece383_wksp/ice1/design_1_wrapper/export/design_1_wrapper/hw/design_1_wrapper.xsa'.
09:13:28 INFO  : 'configparams mdm-detect-bscan-mask 2' command is executed.
09:13:28 INFO  : ----------------XSDB Script----------------
connect -url tcp:127.0.0.1:3121
targets -set -filter {jtag_cable_name =~ "Digilent Nexys Video 210276AEF629B" && level==0 && jtag_device_ctx=="jsn-Nexys Video-210276AEF629B-13636093-0"}
fpga -file C:/Users/C27Bradford.Hurt/ece383_wksp/ice1/ublaze1/_ide/bitstream/design_1_wrapper.bit
targets -set -nocase -filter {name =~ "*microblaze*#0" && bscan=="USER2" }
loadhw -hw C:/Users/C27Bradford.Hurt/ece383_wksp/ice1/design_1_wrapper/export/design_1_wrapper/hw/design_1_wrapper.xsa -regs
configparams mdm-detect-bscan-mask 2
----------------End of Script----------------

09:13:28 INFO  : Launch script is exported to file 'C:\Users\C27Bradford.Hurt\ece383_wksp\ice1\ublaze1_system\_ide\scripts\debugger_ublaze1-default.tcl'
09:14:38 INFO  : Disconnected from the channel tcfchan#6.
09:14:39 INFO  : Connected to target on host '127.0.0.1' and port '3121'.
09:14:40 INFO  : Jtag cable 'Digilent Nexys Video 210276AEF629B' is selected.
09:14:40 INFO  : 'jtag frequency' command is executed.
09:14:40 INFO  : 'targets -set -filter {jtag_cable_name =~ "Digilent Nexys Video 210276AEF629B" && level==0 && jtag_device_ctx=="jsn-Nexys Video-210276AEF629B-13636093-0"}' command is executed.
09:14:45 INFO  : Device configured successfully with "C:/Users/C27Bradford.Hurt/ece383_wksp/ice1/ublaze1/_ide/bitstream/design_1_wrapper.bit"
09:14:45 INFO  : Context for processor 'microblaze_0' is selected.
09:14:45 INFO  : Hardware design and registers information is loaded from 'C:/Users/C27Bradford.Hurt/ece383_wksp/ice1/design_1_wrapper/export/design_1_wrapper/hw/design_1_wrapper.xsa'.
09:14:45 INFO  : 'configparams mdm-detect-bscan-mask 2' command is executed.
09:14:45 INFO  : ----------------XSDB Script----------------
connect -url tcp:127.0.0.1:3121
targets -set -filter {jtag_cable_name =~ "Digilent Nexys Video 210276AEF629B" && level==0 && jtag_device_ctx=="jsn-Nexys Video-210276AEF629B-13636093-0"}
fpga -file C:/Users/C27Bradford.Hurt/ece383_wksp/ice1/ublaze1/_ide/bitstream/design_1_wrapper.bit
targets -set -nocase -filter {name =~ "*microblaze*#0" && bscan=="USER2" }
loadhw -hw C:/Users/C27Bradford.Hurt/ece383_wksp/ice1/design_1_wrapper/export/design_1_wrapper/hw/design_1_wrapper.xsa -regs
configparams mdm-detect-bscan-mask 2
----------------End of Script----------------

09:14:45 INFO  : Launch script is exported to file 'C:\Users\C27Bradford.Hurt\ece383_wksp\ice1\ublaze1_system\_ide\scripts\debugger_ublaze1-default.tcl'
09:15:21 ERROR : An unexpected exception occurred in the module 'reading platform'
09:15:57 INFO  : Result from executing command 'getProjects': design_1_wrapper
09:15:57 INFO  : Result from executing command 'getPlatforms': 
09:15:58 INFO  : Platform 'design_1_wrapper' is added to custom repositories.
09:16:00 INFO  : Platform 'design_1_wrapper' is added to custom repositories.
09:16:15 INFO  : Result from executing command 'getProjects': design_1_wrapper
09:16:15 INFO  : Result from executing command 'getPlatforms': design_1_wrapper|C:/Users/C27Bradford.Hurt/ece383_wksp/ice1/design_1_wrapper/export/design_1_wrapper/design_1_wrapper.xpfm
09:16:22 INFO  : Checking for BSP changes to sync application flags for project 'ublaze1'...
09:16:40 INFO  : Connected to target on host '127.0.0.1' and port '3121'.
09:16:40 INFO  : Jtag cable 'Digilent Nexys Video 210276AEF629B' is selected.
09:16:40 INFO  : 'jtag frequency' command is executed.
09:16:40 INFO  : 'targets -set -filter {jtag_cable_name =~ "Digilent Nexys Video 210276AEF629B" && level==0 && jtag_device_ctx=="jsn-Nexys Video-210276AEF629B-13636093-0"}' command is executed.
09:16:46 INFO  : Device configured successfully with "C:/Users/C27Bradford.Hurt/ece383_wksp/ice1/ublaze1/_ide/bitstream/design_1_wrapper.bit"
09:16:46 INFO  : Context for processor 'microblaze_0' is selected.
09:16:46 INFO  : Hardware design and registers information is loaded from 'C:/Users/C27Bradford.Hurt/ece383_wksp/ice1/design_1_wrapper/export/design_1_wrapper/hw/design_1_wrapper.xsa'.
09:16:46 INFO  : 'configparams mdm-detect-bscan-mask 2' command is executed.
09:16:46 INFO  : Context for processor 'microblaze_0' is selected.
09:16:46 INFO  : System reset is completed.
09:16:49 INFO  : 'after 3000' command is executed.
09:16:49 INFO  : Context for processor 'microblaze_0' is selected.
09:16:49 INFO  : The application 'C:/Users/C27Bradford.Hurt/ece383_wksp/ice1/ublaze1/Debug/ublaze1.elf' is downloaded to processor 'microblaze_0'.
09:16:49 INFO  : ----------------XSDB Script----------------
connect -url tcp:127.0.0.1:3121
targets -set -filter {jtag_cable_name =~ "Digilent Nexys Video 210276AEF629B" && level==0 && jtag_device_ctx=="jsn-Nexys Video-210276AEF629B-13636093-0"}
fpga -file C:/Users/C27Bradford.Hurt/ece383_wksp/ice1/ublaze1/_ide/bitstream/design_1_wrapper.bit
targets -set -nocase -filter {name =~ "*microblaze*#0" && bscan=="USER2" }
loadhw -hw C:/Users/C27Bradford.Hurt/ece383_wksp/ice1/design_1_wrapper/export/design_1_wrapper/hw/design_1_wrapper.xsa -regs
configparams mdm-detect-bscan-mask 2
targets -set -nocase -filter {name =~ "*microblaze*#0" && bscan=="USER2" }
rst -system
after 3000
targets -set -nocase -filter {name =~ "*microblaze*#0" && bscan=="USER2" }
dow C:/Users/C27Bradford.Hurt/ece383_wksp/ice1/ublaze1/Debug/ublaze1.elf
----------------End of Script----------------

09:16:49 INFO  : Context for processor 'microblaze_0' is selected.
09:16:49 INFO  : 'con' command is executed.
09:16:49 INFO  : ----------------XSDB Script (After Launch)----------------
targets -set -nocase -filter {name =~ "*microblaze*#0" && bscan=="USER2" }
con
----------------End of Script----------------

09:16:49 INFO  : Launch script is exported to file 'C:\Users\C27Bradford.Hurt\ece383_wksp\ice1\ublaze1_system\_ide\scripts\debugger_ublaze1-default.tcl'
17:27:34 INFO  : Disconnected from the channel tcfchan#7.
17:27:34 WARN  : channel "tcfchan#7" closed
22:43:36 DEBUG : Logs will be stored at 'C:/Users/C27Bradford.Hurt/ece383_wksp/ice1/IDE.log'.
22:43:37 INFO  : Launching XSCT server: xsct.bat -n  -interactive C:\Users\C27Bradford.Hurt\ece383_wksp\ice1\temp_xsdb_launch_script.tcl
22:43:39 INFO  : Platform repository initialization has completed.
22:43:44 INFO  : Registering command handlers for Vitis TCF services
22:43:44 INFO  : XSCT server has started successfully.
22:43:44 INFO  : Successfully done setting XSCT server connection channel  
22:43:44 INFO  : plnx-install-location is set to ''
22:43:57 INFO  : Successfully done setting workspace for the tool. 
22:43:57 INFO  : Successfully done query RDI_DATADIR 
22:44:46 INFO  : Checking for BSP changes to sync application flags for project 'ublaze1'...
22:45:10 INFO  : Connected to target on host '127.0.0.1' and port '3121'.
22:45:13 INFO  : Jtag cable 'Digilent Nexys Video 210276AEF629B' is selected.
22:45:13 INFO  : 'jtag frequency' command is executed.
22:45:15 INFO  : 'targets -set -filter {jtag_cable_name =~ "Digilent Nexys Video 210276AEF629B" && level==0 && jtag_device_ctx=="jsn-Nexys Video-210276AEF629B-13636093-0"}' command is executed.
22:45:21 INFO  : Device configured successfully with "C:/Users/C27Bradford.Hurt/ece383_wksp/ice1/ublaze1/_ide/bitstream/design_1_wrapper.bit"
22:45:21 INFO  : Context for processor 'microblaze_0' is selected.
22:45:21 INFO  : Hardware design and registers information is loaded from 'C:/Users/C27Bradford.Hurt/ece383_wksp/ice1/design_1_wrapper/export/design_1_wrapper/hw/design_1_wrapper.xsa'.
22:45:21 INFO  : 'configparams mdm-detect-bscan-mask 2' command is executed.
22:45:21 INFO  : Context for processor 'microblaze_0' is selected.
22:45:21 INFO  : System reset is completed.
22:45:24 INFO  : 'after 3000' command is executed.
22:45:24 INFO  : Context for processor 'microblaze_0' is selected.
22:45:24 INFO  : The application 'C:/Users/C27Bradford.Hurt/ece383_wksp/ice1/ublaze1/Debug/ublaze1.elf' is downloaded to processor 'microblaze_0'.
22:45:24 INFO  : ----------------XSDB Script----------------
connect -url tcp:127.0.0.1:3121
targets -set -filter {jtag_cable_name =~ "Digilent Nexys Video 210276AEF629B" && level==0 && jtag_device_ctx=="jsn-Nexys Video-210276AEF629B-13636093-0"}
fpga -file C:/Users/C27Bradford.Hurt/ece383_wksp/ice1/ublaze1/_ide/bitstream/design_1_wrapper.bit
targets -set -nocase -filter {name =~ "*microblaze*#0" && bscan=="USER2" }
loadhw -hw C:/Users/C27Bradford.Hurt/ece383_wksp/ice1/design_1_wrapper/export/design_1_wrapper/hw/design_1_wrapper.xsa -regs
configparams mdm-detect-bscan-mask 2
targets -set -nocase -filter {name =~ "*microblaze*#0" && bscan=="USER2" }
rst -system
after 3000
targets -set -nocase -filter {name =~ "*microblaze*#0" && bscan=="USER2" }
dow C:/Users/C27Bradford.Hurt/ece383_wksp/ice1/ublaze1/Debug/ublaze1.elf
----------------End of Script----------------

22:45:24 INFO  : Context for processor 'microblaze_0' is selected.
22:45:24 INFO  : 'con' command is executed.
22:45:24 INFO  : ----------------XSDB Script (After Launch)----------------
targets -set -nocase -filter {name =~ "*microblaze*#0" && bscan=="USER2" }
con
----------------End of Script----------------

22:45:24 INFO  : Launch script is exported to file 'C:\Users\C27Bradford.Hurt\ece383_wksp\ice1\ublaze1_system\_ide\scripts\debugger_ublaze1-default.tcl'
22:46:16 INFO  : Checking for BSP changes to sync application flags for project 'ublaze1'...
22:46:33 INFO  : Disconnected from the channel tcfchan#1.
22:46:34 INFO  : Connected to target on host '127.0.0.1' and port '3121'.
22:46:34 INFO  : Jtag cable 'Digilent Nexys Video 210276AEF629B' is selected.
22:46:34 INFO  : 'jtag frequency' command is executed.
22:46:34 INFO  : 'targets -set -filter {jtag_cable_name =~ "Digilent Nexys Video 210276AEF629B" && level==0 && jtag_device_ctx=="jsn-Nexys Video-210276AEF629B-13636093-0"}' command is executed.
22:46:40 INFO  : Device configured successfully with "C:/Users/C27Bradford.Hurt/ece383_wksp/ice1/ublaze1/_ide/bitstream/design_1_wrapper.bit"
22:46:40 INFO  : Context for processor 'microblaze_0' is selected.
22:46:41 INFO  : Hardware design and registers information is loaded from 'C:/Users/C27Bradford.Hurt/ece383_wksp/ice1/design_1_wrapper/export/design_1_wrapper/hw/design_1_wrapper.xsa'.
22:46:41 INFO  : 'configparams mdm-detect-bscan-mask 2' command is executed.
22:46:41 INFO  : Context for processor 'microblaze_0' is selected.
22:46:41 INFO  : System reset is completed.
22:46:44 INFO  : 'after 3000' command is executed.
22:46:44 INFO  : Context for processor 'microblaze_0' is selected.
22:46:44 INFO  : The application 'C:/Users/C27Bradford.Hurt/ece383_wksp/ice1/ublaze1/Debug/ublaze1.elf' is downloaded to processor 'microblaze_0'.
22:46:44 INFO  : ----------------XSDB Script----------------
connect -url tcp:127.0.0.1:3121
targets -set -filter {jtag_cable_name =~ "Digilent Nexys Video 210276AEF629B" && level==0 && jtag_device_ctx=="jsn-Nexys Video-210276AEF629B-13636093-0"}
fpga -file C:/Users/C27Bradford.Hurt/ece383_wksp/ice1/ublaze1/_ide/bitstream/design_1_wrapper.bit
targets -set -nocase -filter {name =~ "*microblaze*#0" && bscan=="USER2" }
loadhw -hw C:/Users/C27Bradford.Hurt/ece383_wksp/ice1/design_1_wrapper/export/design_1_wrapper/hw/design_1_wrapper.xsa -regs
configparams mdm-detect-bscan-mask 2
targets -set -nocase -filter {name =~ "*microblaze*#0" && bscan=="USER2" }
rst -system
after 3000
targets -set -nocase -filter {name =~ "*microblaze*#0" && bscan=="USER2" }
dow C:/Users/C27Bradford.Hurt/ece383_wksp/ice1/ublaze1/Debug/ublaze1.elf
----------------End of Script----------------

22:46:44 INFO  : Context for processor 'microblaze_0' is selected.
22:46:44 INFO  : 'con' command is executed.
22:46:44 INFO  : ----------------XSDB Script (After Launch)----------------
targets -set -nocase -filter {name =~ "*microblaze*#0" && bscan=="USER2" }
con
----------------End of Script----------------

22:46:44 INFO  : Launch script is exported to file 'C:\Users\C27Bradford.Hurt\ece383_wksp\ice1\ublaze1_system\_ide\scripts\debugger_ublaze1-default.tcl'
22:47:07 INFO  : Disconnected from the channel tcfchan#2.
22:47:08 INFO  : Connected to target on host '127.0.0.1' and port '3121'.
22:47:08 INFO  : Jtag cable 'Digilent Nexys Video 210276AEF629B' is selected.
22:47:08 INFO  : 'jtag frequency' command is executed.
22:47:08 INFO  : 'targets -set -filter {jtag_cable_name =~ "Digilent Nexys Video 210276AEF629B" && level==0 && jtag_device_ctx=="jsn-Nexys Video-210276AEF629B-13636093-0"}' command is executed.
22:47:14 INFO  : Device configured successfully with "C:/Users/C27Bradford.Hurt/ece383_wksp/ice1/ublaze1/_ide/bitstream/design_1_wrapper.bit"
22:47:14 INFO  : Context for processor 'microblaze_0' is selected.
22:47:15 INFO  : Hardware design and registers information is loaded from 'C:/Users/C27Bradford.Hurt/ece383_wksp/ice1/design_1_wrapper/export/design_1_wrapper/hw/design_1_wrapper.xsa'.
22:47:15 INFO  : 'configparams mdm-detect-bscan-mask 2' command is executed.
22:47:15 INFO  : Context for processor 'microblaze_0' is selected.
22:47:15 INFO  : System reset is completed.
22:47:18 INFO  : 'after 3000' command is executed.
22:47:18 INFO  : Context for processor 'microblaze_0' is selected.
22:47:18 INFO  : The application 'C:/Users/C27Bradford.Hurt/ece383_wksp/ice1/ublaze1/Debug/ublaze1.elf' is downloaded to processor 'microblaze_0'.
22:47:18 INFO  : ----------------XSDB Script----------------
connect -url tcp:127.0.0.1:3121
targets -set -filter {jtag_cable_name =~ "Digilent Nexys Video 210276AEF629B" && level==0 && jtag_device_ctx=="jsn-Nexys Video-210276AEF629B-13636093-0"}
fpga -file C:/Users/C27Bradford.Hurt/ece383_wksp/ice1/ublaze1/_ide/bitstream/design_1_wrapper.bit
targets -set -nocase -filter {name =~ "*microblaze*#0" && bscan=="USER2" }
loadhw -hw C:/Users/C27Bradford.Hurt/ece383_wksp/ice1/design_1_wrapper/export/design_1_wrapper/hw/design_1_wrapper.xsa -regs
configparams mdm-detect-bscan-mask 2
targets -set -nocase -filter {name =~ "*microblaze*#0" && bscan=="USER2" }
rst -system
after 3000
targets -set -nocase -filter {name =~ "*microblaze*#0" && bscan=="USER2" }
dow C:/Users/C27Bradford.Hurt/ece383_wksp/ice1/ublaze1/Debug/ublaze1.elf
----------------End of Script----------------

22:47:18 INFO  : Context for processor 'microblaze_0' is selected.
22:47:18 INFO  : 'con' command is executed.
22:47:18 INFO  : ----------------XSDB Script (After Launch)----------------
targets -set -nocase -filter {name =~ "*microblaze*#0" && bscan=="USER2" }
con
----------------End of Script----------------

22:47:18 INFO  : Launch script is exported to file 'C:\Users\C27Bradford.Hurt\ece383_wksp\ice1\ublaze1_system\_ide\scripts\debugger_ublaze1-default.tcl'
22:48:55 INFO  : Disconnected from the channel tcfchan#3.
