00:26:14 **** Incremental Build of configuration Debug for project final_project_4 ****
make all 
'Building file: ../src/helloworld.c'
'Invoking: MicroBlaze gcc compiler'
mb-gcc -Wall -O0 -g3 -c -fmessage-length=0 -MT"src/helloworld.o" -IC:/Users/C27Bradford.Hurt/ece383_wksp/final_project/design_1_wrapper/export/design_1_wrapper/sw/design_1_wrapper/standalone_microblaze_0/bspinclude/include -mlittle-endian -mcpu=v11.0 -mxl-soft-mul -Wl,--no-relax -ffunction-sections -fdata-sections -MMD -MP -MF"src/helloworld.d" -MT"src/helloworld.o" -o "src/helloworld.o" "../src/helloworld.c"
'Finished building: ../src/helloworld.c'
' '
'Building target: final_project_4.elf'
'Invoking: MicroBlaze gcc linker'
mb-gcc -Wl,-T -Wl,../src/lscript.ld -LC:/Users/C27Bradford.Hurt/ece383_wksp/final_project/design_1_wrapper/export/design_1_wrapper/sw/design_1_wrapper/standalone_microblaze_0/bsplib/lib -mlittle-endian -mcpu=v11.0 -mxl-soft-mul -Wl,--no-relax -Wl,--gc-sections -o "final_project_4.elf"  ./src/helloworld.o ./src/platform.o   -Wl,--start-group,-lxil,-lgcc,-lc,--end-group
'Finished building target: final_project_4.elf'
' '
'Invoking: MicroBlaze Print Size'
mb-size final_project_4.elf  |tee "final_project_4.elf.size"
   text	   data	    bss	    dec	    hex	filename
  10696	     28	   3428	  14152	   3748	final_project_4.elf
'Finished building: final_project_4.elf.size'
' '

00:26:18 Build Finished (took 4s.231ms)

