
*** Running vivado
    with args -log design_1_HDMI_output_0_1.vds -m64 -product Vivado -mode batch -messageDb vivado.pb -notrace -source design_1_HDMI_output_0_1.tcl



****** Vivado v2024.2 (64-bit)
  **** SW Build 5239630 on Fri Nov 08 22:35:27 MST 2024
  **** IP Build 5239520 on Sun Nov 10 16:12:51 MST 2024
  **** SharedData Build 5239561 on Fri Nov 08 14:39:27 MST 2024
  **** Start of session at: Wed May  6 15:01:30 2026
    ** Copyright 1986-2022 Xilinx, Inc. All Rights Reserved.
    ** Copyright 2022-2024 Advanced Micro Devices, Inc. All Rights Reserved.

source design_1_HDMI_output_0_1.tcl -notrace
WARNING: [Common 17-1361] You have specified a new message control rule that is equivalent to an existing rule with attributes ' -id {17-179}  -suppress '. The existing rule will be replaced.
INFO: [IP_Flow 19-234] Refreshing IP repositories
INFO: [IP_Flow 19-1700] Loaded user IP repository 'c:/Users/C27Bradford.Hurt/ece383_wksp/ip_repo/myip_write_SCCB_1_0'.
INFO: [IP_Flow 19-1700] Loaded user IP repository 'c:/Users/C27Bradford.Hurt/ece383_wksp/ip_repo/write_SCCB_1_0'.
INFO: [IP_Flow 19-1700] Loaded user IP repository 'c:/Users/C27Bradford.Hurt/ece383_wksp/ip_repo/my_oscope_1_0'.
INFO: [IP_Flow 19-1700] Loaded user IP repository 'c:/Users/C27Bradford.Hurt/ece383_wksp/ip_repo/My_Counter_IP_1_0'.
INFO: [IP_Flow 19-2313] Loaded Vivado IP repository 'C:/Xilinx/Vivado/2024.2/data/ip'.
Command: synth_design -top design_1_HDMI_output_0_1 -part xc7a200tsbg484-1 -incremental_mode off -mode out_of_context
Starting synth_design
Attempting to get a license for feature 'Synthesis' and/or device 'xc7a200t'
INFO: [Common 17-349] Got license for feature 'Synthesis' and/or device 'xc7a200t'
INFO: [Device 21-403] Loading part xc7a200tsbg484-1
INFO: [Synth 8-7079] Multithreading enabled for synth_design using a maximum of 2 processes.
INFO: [Synth 8-7078] Launching helper process for spawning children vivado processes
WARNING: [Common 17-1361] You have specified a new message control rule that is equivalent to an existing rule with attributes ' -id {17-179}  -suppress '. The existing rule will be replaced.
INFO: [Synth 8-7075] Helper process launched with PID 18084
---------------------------------------------------------------------------------
Starting RTL Elaboration : Time (s): cpu = 00:00:06 ; elapsed = 00:00:09 . Memory (MB): peak = 1014.082 ; gain = 468.727
---------------------------------------------------------------------------------
INFO: [Synth 8-638] synthesizing module 'design_1_HDMI_output_0_1' [c:/Users/C27Bradford.Hurt/ece383_wksp/final_project/final_project.gen/sources_1/bd/design_1/ip/design_1_HDMI_output_0_1/synth/design_1_HDMI_output_0_1.vhd:67]
INFO: [Synth 8-3491] module 'HDMI_output' declared at 'C:/Users/C27Bradford.Hurt/ece383_wksp/final_project/final_project.srcs/sources_1/new/OBUFDS.vhd:37' bound to instance 'U0' of component 'HDMI_output' [c:/Users/C27Bradford.Hurt/ece383_wksp/final_project/final_project.gen/sources_1/bd/design_1/ip/design_1_HDMI_output_0_1/synth/design_1_HDMI_output_0_1.vhd:95]
INFO: [Synth 8-638] synthesizing module 'HDMI_output' [C:/Users/C27Bradford.Hurt/ece383_wksp/final_project/final_project.srcs/sources_1/new/OBUFDS.vhd:46]
INFO: [Synth 8-113] binding component instance 'OBUFDS_blue' to cell 'OBUFDS' [C:/Users/C27Bradford.Hurt/ece383_wksp/final_project/final_project.srcs/sources_1/new/OBUFDS.vhd:53]
INFO: [Synth 8-113] binding component instance 'OBUFDS_red' to cell 'OBUFDS' [C:/Users/C27Bradford.Hurt/ece383_wksp/final_project/final_project.srcs/sources_1/new/OBUFDS.vhd:55]
INFO: [Synth 8-113] binding component instance 'OBUFDS_green' to cell 'OBUFDS' [C:/Users/C27Bradford.Hurt/ece383_wksp/final_project/final_project.srcs/sources_1/new/OBUFDS.vhd:57]
INFO: [Synth 8-113] binding component instance 'OBUFDS_clock' to cell 'OBUFDS' [C:/Users/C27Bradford.Hurt/ece383_wksp/final_project/final_project.srcs/sources_1/new/OBUFDS.vhd:59]
INFO: [Synth 8-256] done synthesizing module 'HDMI_output' (0#1) [C:/Users/C27Bradford.Hurt/ece383_wksp/final_project/final_project.srcs/sources_1/new/OBUFDS.vhd:46]
INFO: [Synth 8-256] done synthesizing module 'design_1_HDMI_output_0_1' (0#1) [c:/Users/C27Bradford.Hurt/ece383_wksp/final_project/final_project.gen/sources_1/bd/design_1/ip/design_1_HDMI_output_0_1/synth/design_1_HDMI_output_0_1.vhd:67]
---------------------------------------------------------------------------------
Finished RTL Elaboration : Time (s): cpu = 00:00:08 ; elapsed = 00:00:11 . Memory (MB): peak = 1125.043 ; gain = 579.688
---------------------------------------------------------------------------------
---------------------------------------------------------------------------------
Start Handling Custom Attributes
---------------------------------------------------------------------------------
---------------------------------------------------------------------------------
Finished Handling Custom Attributes : Time (s): cpu = 00:00:08 ; elapsed = 00:00:11 . Memory (MB): peak = 1125.043 ; gain = 579.688
---------------------------------------------------------------------------------
---------------------------------------------------------------------------------
Finished RTL Optimization Phase 1 : Time (s): cpu = 00:00:08 ; elapsed = 00:00:11 . Memory (MB): peak = 1125.043 ; gain = 579.688
---------------------------------------------------------------------------------
Netlist sorting complete. Time (s): cpu = 00:00:00 ; elapsed = 00:00:00 . Memory (MB): peak = 1125.043 ; gain = 0.000
INFO: [Netlist 29-17] Analyzing 4 Unisim elements for replacement
INFO: [Netlist 29-28] Unisim Transformation completed in 0 CPU seconds
INFO: [Project 1-570] Preparing netlist for logic optimization

Processing XDC Constraints
Initializing timing engine
Completed Processing XDC Constraints

Netlist sorting complete. Time (s): cpu = 00:00:00 ; elapsed = 00:00:00 . Memory (MB): peak = 1178.707 ; gain = 0.000
INFO: [Project 1-111] Unisim Transformation Summary:
  A total of 4 instances were transformed.
  OBUFDS => OBUFDS_DUAL_BUF (INV, OBUFDS(x2)): 4 instances

Constraint Validation Runtime : Time (s): cpu = 00:00:00 ; elapsed = 00:00:00.062 . Memory (MB): peak = 1178.789 ; gain = 0.082
INFO: [Designutils 20-5008] Incremental synthesis strategy off
---------------------------------------------------------------------------------
Finished Constraint Validation : Time (s): cpu = 00:00:16 ; elapsed = 00:00:22 . Memory (MB): peak = 1178.789 ; gain = 633.434
---------------------------------------------------------------------------------
---------------------------------------------------------------------------------
Start Loading Part and Timing Information
---------------------------------------------------------------------------------
Loading part: xc7a200tsbg484-1
---------------------------------------------------------------------------------
Finished Loading Part and Timing Information : Time (s): cpu = 00:00:16 ; elapsed = 00:00:22 . Memory (MB): peak = 1178.789 ; gain = 633.434
---------------------------------------------------------------------------------
---------------------------------------------------------------------------------
Start Applying 'set_property' XDC Constraints
---------------------------------------------------------------------------------
---------------------------------------------------------------------------------
Finished applying 'set_property' XDC Constraints : Time (s): cpu = 00:00:16 ; elapsed = 00:00:22 . Memory (MB): peak = 1178.789 ; gain = 633.434
---------------------------------------------------------------------------------
---------------------------------------------------------------------------------
Finished RTL Optimization Phase 2 : Time (s): cpu = 00:00:16 ; elapsed = 00:00:23 . Memory (MB): peak = 1178.789 ; gain = 633.434
---------------------------------------------------------------------------------
---------------------------------------------------------------------------------
Start RTL Component Statistics 
---------------------------------------------------------------------------------
Detailed RTL Component Info : 
---------------------------------------------------------------------------------
Finished RTL Component Statistics 
---------------------------------------------------------------------------------
---------------------------------------------------------------------------------
Start Part Resource Summary
---------------------------------------------------------------------------------
Part Resources:
DSPs: 740 (col length:100)
BRAMs: 730 (col length: RAMB18 100 RAMB36 50)
---------------------------------------------------------------------------------
Finished Part Resource Summary
---------------------------------------------------------------------------------
---------------------------------------------------------------------------------
Start Cross Boundary and Area Optimization
---------------------------------------------------------------------------------
WARNING: [Synth 8-7080] Parallel synthesis criteria is not met
---------------------------------------------------------------------------------
Finished Cross Boundary and Area Optimization : Time (s): cpu = 00:00:18 ; elapsed = 00:00:24 . Memory (MB): peak = 1178.789 ; gain = 633.434
---------------------------------------------------------------------------------
---------------------------------------------------------------------------------
Start Applying XDC Timing Constraints
---------------------------------------------------------------------------------
---------------------------------------------------------------------------------
Finished Applying XDC Timing Constraints : Time (s): cpu = 00:00:25 ; elapsed = 00:00:32 . Memory (MB): peak = 1294.672 ; gain = 749.316
---------------------------------------------------------------------------------
---------------------------------------------------------------------------------
Start Timing Optimization
---------------------------------------------------------------------------------
---------------------------------------------------------------------------------
Finished Timing Optimization : Time (s): cpu = 00:00:25 ; elapsed = 00:00:32 . Memory (MB): peak = 1294.672 ; gain = 749.316
---------------------------------------------------------------------------------
---------------------------------------------------------------------------------
Start Technology Mapping
---------------------------------------------------------------------------------
---------------------------------------------------------------------------------
Finished Technology Mapping : Time (s): cpu = 00:00:25 ; elapsed = 00:00:32 . Memory (MB): peak = 1304.246 ; gain = 758.891
---------------------------------------------------------------------------------
---------------------------------------------------------------------------------
Start IO Insertion
---------------------------------------------------------------------------------
---------------------------------------------------------------------------------
Start Flattening Before IO Insertion
---------------------------------------------------------------------------------
---------------------------------------------------------------------------------
Finished Flattening Before IO Insertion
---------------------------------------------------------------------------------
---------------------------------------------------------------------------------
Start Final Netlist Cleanup
---------------------------------------------------------------------------------
---------------------------------------------------------------------------------
Finished Final Netlist Cleanup
---------------------------------------------------------------------------------
---------------------------------------------------------------------------------
Finished IO Insertion : Time (s): cpu = 00:00:29 ; elapsed = 00:00:38 . Memory (MB): peak = 1521.160 ; gain = 975.805
---------------------------------------------------------------------------------
---------------------------------------------------------------------------------
Start Renaming Generated Instances
---------------------------------------------------------------------------------
---------------------------------------------------------------------------------
Finished Renaming Generated Instances : Time (s): cpu = 00:00:29 ; elapsed = 00:00:38 . Memory (MB): peak = 1521.160 ; gain = 975.805
---------------------------------------------------------------------------------
---------------------------------------------------------------------------------
Start Rebuilding User Hierarchy
---------------------------------------------------------------------------------
---------------------------------------------------------------------------------
Finished Rebuilding User Hierarchy : Time (s): cpu = 00:00:29 ; elapsed = 00:00:38 . Memory (MB): peak = 1521.160 ; gain = 975.805
---------------------------------------------------------------------------------
---------------------------------------------------------------------------------
Start Renaming Generated Ports
---------------------------------------------------------------------------------
---------------------------------------------------------------------------------
Finished Renaming Generated Ports : Time (s): cpu = 00:00:29 ; elapsed = 00:00:38 . Memory (MB): peak = 1521.160 ; gain = 975.805
---------------------------------------------------------------------------------
---------------------------------------------------------------------------------
Start Handling Custom Attributes
---------------------------------------------------------------------------------
---------------------------------------------------------------------------------
Finished Handling Custom Attributes : Time (s): cpu = 00:00:29 ; elapsed = 00:00:38 . Memory (MB): peak = 1521.160 ; gain = 975.805
---------------------------------------------------------------------------------
---------------------------------------------------------------------------------
Start Renaming Generated Nets
---------------------------------------------------------------------------------
---------------------------------------------------------------------------------
Finished Renaming Generated Nets : Time (s): cpu = 00:00:29 ; elapsed = 00:00:38 . Memory (MB): peak = 1521.160 ; gain = 975.805
---------------------------------------------------------------------------------
---------------------------------------------------------------------------------
Start Writing Synthesis Report
---------------------------------------------------------------------------------

Report BlackBoxes: 
+-+--------------+----------+
| |BlackBox name |Instances |
+-+--------------+----------+
+-+--------------+----------+

Report Cell Usage: 
+------+-------+------+
|      |Cell   |Count |
+------+-------+------+
|1     |OBUFDS |     4|
+------+-------+------+
---------------------------------------------------------------------------------
Finished Writing Synthesis Report : Time (s): cpu = 00:00:29 ; elapsed = 00:00:38 . Memory (MB): peak = 1521.160 ; gain = 975.805
---------------------------------------------------------------------------------
Synthesis finished with 0 errors, 0 critical warnings and 1 warnings.
Synthesis Optimization Runtime : Time (s): cpu = 00:00:20 ; elapsed = 00:00:35 . Memory (MB): peak = 1521.160 ; gain = 922.059
Synthesis Optimization Complete : Time (s): cpu = 00:00:30 ; elapsed = 00:00:38 . Memory (MB): peak = 1521.160 ; gain = 975.805
INFO: [Project 1-571] Translating synthesized netlist
Netlist sorting complete. Time (s): cpu = 00:00:00 ; elapsed = 00:00:00.001 . Memory (MB): peak = 1521.160 ; gain = 0.000
INFO: [Netlist 29-17] Analyzing 4 Unisim elements for replacement
INFO: [Netlist 29-28] Unisim Transformation completed in 0 CPU seconds
INFO: [Project 1-570] Preparing netlist for logic optimization
INFO: [Opt 31-138] Pushed 0 inverter(s) to 0 load pin(s).
Netlist sorting complete. Time (s): cpu = 00:00:00 ; elapsed = 00:00:00 . Memory (MB): peak = 1521.160 ; gain = 0.000
INFO: [Project 1-111] Unisim Transformation Summary:
  A total of 4 instances were transformed.
  OBUFDS => OBUFDS_DUAL_BUF (INV, OBUFDS(x2)): 4 instances

Synth Design complete | Checksum: 80c2028f
INFO: [Common 17-83] Releasing license: Synthesis
32 Infos, 3 Warnings, 0 Critical Warnings and 0 Errors encountered.
synth_design completed successfully
synth_design: Time (s): cpu = 00:00:33 ; elapsed = 00:01:19 . Memory (MB): peak = 1521.160 ; gain = 1210.727
Write ShapeDB Complete: Time (s): cpu = 00:00:00 ; elapsed = 00:00:00.005 . Memory (MB): peak = 1521.160 ; gain = 0.000
INFO: [Common 17-1381] The checkpoint 'C:/Users/C27Bradford.Hurt/ece383_wksp/final_project/final_project.runs/design_1_HDMI_output_0_1_synth_1/design_1_HDMI_output_0_1.dcp' has been generated.
INFO: [Vivado 12-24828] Executing command : report_utilization -file design_1_HDMI_output_0_1_utilization_synth.rpt -pb design_1_HDMI_output_0_1_utilization_synth.pb
INFO: [Common 17-206] Exiting Vivado at Wed May  6 15:03:10 2026...
