08:24:02 DEBUG : Logs will be stored at 'C:/Users/C27Bradford.Hurt/ece383_wksp/lab3_2/IDE.log'.
08:24:07 INFO  : Launching XSCT server: xsct.bat -n  -interactive C:\Users\C27Bradford.Hurt\ece383_wksp\lab3_2\temp_xsdb_launch_script.tcl
08:24:07 INFO  : Platform repository initialization has completed.
08:24:08 INFO  : Registering command handlers for Vitis TCF services
08:24:12 INFO  : XSCT server has started successfully.
08:24:13 INFO  : plnx-install-location is set to ''
08:24:13 INFO  : Successfully done setting XSCT server connection channel  
08:24:13 INFO  : Successfully done query RDI_DATADIR 
08:24:13 INFO  : Successfully done setting workspace for the tool. 
08:25:57 INFO  : Result from executing command 'getProjects': design_1_wrapper
08:25:57 INFO  : Result from executing command 'getPlatforms': 
08:25:57 WARN  : An unexpected exception occurred in the module 'platform project logging'
08:25:57 INFO  : Platform 'design_1_wrapper' is added to custom repositories.
08:26:01 INFO  : Platform 'design_1_wrapper' is added to custom repositories.
08:30:34 INFO  : Result from executing command 'getProjects': design_1_wrapper
08:30:34 INFO  : Result from executing command 'getPlatforms': design_1_wrapper|C:/Users/C27Bradford.Hurt/ece383_wksp/lab3_2/design_1_wrapper/export/design_1_wrapper/design_1_wrapper.xpfm
08:30:34 INFO  : Checking for BSP changes to sync application flags for project 'lab3'...
08:33:48 INFO  : Connected to target on host '127.0.0.1' and port '3121'.
08:33:55 INFO  : Jtag cable 'Digilent Nexys Video 210276B7D0EDB' is selected.
08:33:57 INFO  : 'jtag frequency' command is executed.
08:34:00 INFO  : 'targets -set -filter {jtag_cable_name =~ "Digilent Nexys Video 210276B7D0EDB" && level==0 && jtag_device_ctx=="jsn-Nexys Video-210276B7D0EDB-13636093-0"}' command is executed.
08:34:06 INFO  : Device configured successfully with "C:/Users/C27Bradford.Hurt/ece383_wksp/lab3_2/lab3/_ide/bitstream/design_1_wrapper.bit"
08:34:06 INFO  : Context for processor 'microblaze_0' is selected.
08:34:06 INFO  : Hardware design and registers information is loaded from 'C:/Users/C27Bradford.Hurt/ece383_wksp/lab3_2/design_1_wrapper/export/design_1_wrapper/hw/design_1_wrapper.xsa'.
08:34:06 INFO  : 'configparams mdm-detect-bscan-mask 2' command is executed.
08:34:06 INFO  : Context for processor 'microblaze_0' is selected.
08:34:06 INFO  : System reset is completed.
08:34:09 INFO  : 'after 3000' command is executed.
08:34:09 INFO  : Context for processor 'microblaze_0' is selected.
08:34:09 INFO  : The application 'C:/Users/C27Bradford.Hurt/ece383_wksp/lab3_2/lab3/Debug/lab3.elf' is downloaded to processor 'microblaze_0'.
08:34:09 INFO  : ----------------XSDB Script----------------
connect -url tcp:127.0.0.1:3121
targets -set -filter {jtag_cable_name =~ "Digilent Nexys Video 210276B7D0EDB" && level==0 && jtag_device_ctx=="jsn-Nexys Video-210276B7D0EDB-13636093-0"}
fpga -file C:/Users/C27Bradford.Hurt/ece383_wksp/lab3_2/lab3/_ide/bitstream/design_1_wrapper.bit
targets -set -nocase -filter {name =~ "*microblaze*#0" && bscan=="USER2" }
loadhw -hw C:/Users/C27Bradford.Hurt/ece383_wksp/lab3_2/design_1_wrapper/export/design_1_wrapper/hw/design_1_wrapper.xsa -regs
configparams mdm-detect-bscan-mask 2
targets -set -nocase -filter {name =~ "*microblaze*#0" && bscan=="USER2" }
rst -system
after 3000
targets -set -nocase -filter {name =~ "*microblaze*#0" && bscan=="USER2" }
dow C:/Users/C27Bradford.Hurt/ece383_wksp/lab3_2/lab3/Debug/lab3.elf
----------------End of Script----------------

08:34:09 INFO  : Context for processor 'microblaze_0' is selected.
08:34:09 INFO  : 'con' command is executed.
08:34:09 INFO  : ----------------XSDB Script (After Launch)----------------
targets -set -nocase -filter {name =~ "*microblaze*#0" && bscan=="USER2" }
con
----------------End of Script----------------

08:34:09 INFO  : Launch script is exported to file 'C:\Users\C27Bradford.Hurt\ece383_wksp\lab3_2\lab3_system\_ide\scripts\debugger_lab3-default.tcl'
09:21:04 INFO  : Checking for BSP changes to sync application flags for project 'lab3'...
09:26:41 INFO  : Disconnected from the channel tcfchan#2.
23:06:28 DEBUG : Logs will be stored at 'C:/Users/C27Bradford.Hurt/ece383_wksp/lab3_2/IDE.log'.
23:06:30 INFO  : Launching XSCT server: xsct.bat -n  -interactive C:\Users\C27Bradford.Hurt\ece383_wksp\lab3_2\temp_xsdb_launch_script.tcl
23:06:35 INFO  : Platform repository initialization has completed.
23:06:36 INFO  : Registering command handlers for Vitis TCF services
23:06:38 INFO  : XSCT server has started successfully.
23:06:50 INFO  : plnx-install-location is set to ''
23:06:50 INFO  : Successfully done setting XSCT server connection channel  
23:06:50 INFO  : Successfully done query RDI_DATADIR 
23:06:50 INFO  : Successfully done setting workspace for the tool. 
23:23:17 INFO  : Checking for BSP changes to sync application flags for project 'lab3'...
23:23:59 INFO  : Connected to target on host '127.0.0.1' and port '3121'.
23:24:08 INFO  : Jtag cable 'Digilent Nexys Video 210276AEF629B' is selected.
23:24:10 INFO  : 'jtag frequency' command is executed.
23:24:11 INFO  : 'targets -set -filter {jtag_cable_name =~ "Digilent Nexys Video 210276AEF629B" && level==0 && jtag_device_ctx=="jsn-Nexys Video-210276AEF629B-13636093-0"}' command is executed.
23:24:17 INFO  : Device configured successfully with "C:/Users/C27Bradford.Hurt/ece383_wksp/lab3_2/lab3/_ide/bitstream/design_1_wrapper.bit"
23:24:17 INFO  : Context for processor 'microblaze_0' is selected.
23:24:17 INFO  : Hardware design and registers information is loaded from 'C:/Users/C27Bradford.Hurt/ece383_wksp/lab3_2/design_1_wrapper/export/design_1_wrapper/hw/design_1_wrapper.xsa'.
23:24:17 INFO  : 'configparams mdm-detect-bscan-mask 2' command is executed.
23:24:17 INFO  : Context for processor 'microblaze_0' is selected.
23:24:17 INFO  : System reset is completed.
23:24:20 INFO  : 'after 3000' command is executed.
23:24:20 INFO  : Context for processor 'microblaze_0' is selected.
23:24:20 INFO  : The application 'C:/Users/C27Bradford.Hurt/ece383_wksp/lab3_2/lab3/Debug/lab3.elf' is downloaded to processor 'microblaze_0'.
23:24:20 INFO  : ----------------XSDB Script----------------
connect -url tcp:127.0.0.1:3121
targets -set -filter {jtag_cable_name =~ "Digilent Nexys Video 210276AEF629B" && level==0 && jtag_device_ctx=="jsn-Nexys Video-210276AEF629B-13636093-0"}
fpga -file C:/Users/C27Bradford.Hurt/ece383_wksp/lab3_2/lab3/_ide/bitstream/design_1_wrapper.bit
targets -set -nocase -filter {name =~ "*microblaze*#0" && bscan=="USER2" }
loadhw -hw C:/Users/C27Bradford.Hurt/ece383_wksp/lab3_2/design_1_wrapper/export/design_1_wrapper/hw/design_1_wrapper.xsa -regs
configparams mdm-detect-bscan-mask 2
targets -set -nocase -filter {name =~ "*microblaze*#0" && bscan=="USER2" }
rst -system
after 3000
targets -set -nocase -filter {name =~ "*microblaze*#0" && bscan=="USER2" }
dow C:/Users/C27Bradford.Hurt/ece383_wksp/lab3_2/lab3/Debug/lab3.elf
----------------End of Script----------------

23:24:21 INFO  : Context for processor 'microblaze_0' is selected.
23:24:21 INFO  : 'con' command is executed.
23:24:21 INFO  : ----------------XSDB Script (After Launch)----------------
targets -set -nocase -filter {name =~ "*microblaze*#0" && bscan=="USER2" }
con
----------------End of Script----------------

23:24:21 INFO  : Launch script is exported to file 'C:\Users\C27Bradford.Hurt\ece383_wksp\lab3_2\lab3_system\_ide\scripts\debugger_lab3-default.tcl'
23:25:44 INFO  : Disconnected from the channel tcfchan#1.
23:26:04 INFO  : Connected to target on host '127.0.0.1' and port '3121'.
23:26:09 INFO  : Jtag cable 'Digilent Nexys Video 210276AEF629B' is selected.
23:26:09 INFO  : 'jtag frequency' command is executed.
23:26:13 INFO  : 'targets -set -filter {jtag_cable_name =~ "Digilent Nexys Video 210276AEF629B" && level==0 && jtag_device_ctx=="jsn-Nexys Video-210276AEF629B-13636093-0"}' command is executed.
23:26:20 INFO  : Device configured successfully with "C:/Users/C27Bradford.Hurt/ece383_wksp/lab3_2/lab3/_ide/bitstream/design_1_wrapper.bit"
23:26:21 INFO  : Context for processor 'microblaze_0' is selected.
23:26:22 INFO  : Hardware design and registers information is loaded from 'C:/Users/C27Bradford.Hurt/ece383_wksp/lab3_2/design_1_wrapper/export/design_1_wrapper/hw/design_1_wrapper.xsa'.
23:26:22 INFO  : 'configparams mdm-detect-bscan-mask 2' command is executed.
23:26:22 INFO  : Context for processor 'microblaze_0' is selected.
23:26:22 INFO  : System reset is completed.
23:26:25 INFO  : 'after 3000' command is executed.
23:26:25 INFO  : Context for processor 'microblaze_0' is selected.
23:26:25 INFO  : The application 'C:/Users/C27Bradford.Hurt/ece383_wksp/lab3_2/lab3/Debug/lab3.elf' is downloaded to processor 'microblaze_0'.
23:26:25 INFO  : ----------------XSDB Script----------------
connect -url tcp:127.0.0.1:3121
targets -set -filter {jtag_cable_name =~ "Digilent Nexys Video 210276AEF629B" && level==0 && jtag_device_ctx=="jsn-Nexys Video-210276AEF629B-13636093-0"}
fpga -file C:/Users/C27Bradford.Hurt/ece383_wksp/lab3_2/lab3/_ide/bitstream/design_1_wrapper.bit
targets -set -nocase -filter {name =~ "*microblaze*#0" && bscan=="USER2" }
loadhw -hw C:/Users/C27Bradford.Hurt/ece383_wksp/lab3_2/design_1_wrapper/export/design_1_wrapper/hw/design_1_wrapper.xsa -regs
configparams mdm-detect-bscan-mask 2
targets -set -nocase -filter {name =~ "*microblaze*#0" && bscan=="USER2" }
rst -system
after 3000
targets -set -nocase -filter {name =~ "*microblaze*#0" && bscan=="USER2" }
dow C:/Users/C27Bradford.Hurt/ece383_wksp/lab3_2/lab3/Debug/lab3.elf
----------------End of Script----------------

23:26:25 INFO  : Context for processor 'microblaze_0' is selected.
23:26:25 INFO  : 'con' command is executed.
23:26:25 INFO  : ----------------XSDB Script (After Launch)----------------
targets -set -nocase -filter {name =~ "*microblaze*#0" && bscan=="USER2" }
con
----------------End of Script----------------

23:26:25 INFO  : Launch script is exported to file 'C:\Users\C27Bradford.Hurt\ece383_wksp\lab3_2\lab3_system\_ide\scripts\debugger_lab3-default.tcl'
23:35:39 INFO  : Checking for BSP changes to sync application flags for project 'lab3'...
23:35:52 INFO  : Disconnected from the channel tcfchan#2.
23:35:53 INFO  : Connected to target on host '127.0.0.1' and port '3121'.
23:36:02 INFO  : ----------------XSDB Script----------------
connect -url tcp:127.0.0.1:3121
----------------End of Script----------------

23:36:02 ERROR : Could not find FPGA device on the board for connection 'Local'.


Troubleshooting hints:
1. Check whether board is connected to system properly.
2. In case of zynq board, check whether Digilent/Xilinx cable switch settings are correct.
3. If you are using Xilinx Platform Cable USB, ensure that status LED is green.
23:36:09 INFO  : Connected to target on host '127.0.0.1' and port '3121'.
23:36:10 INFO  : Jtag cable 'Digilent Nexys Video 210276AEF629B' is selected.
23:36:10 INFO  : 'jtag frequency' command is executed.
23:36:10 INFO  : 'targets -set -filter {jtag_cable_name =~ "Digilent Nexys Video 210276AEF629B" && level==0 && jtag_device_ctx=="jsn-Nexys Video-210276AEF629B-13636093-0"}' command is executed.
23:36:15 INFO  : Device configured successfully with "C:/Users/C27Bradford.Hurt/ece383_wksp/lab3_2/lab3/_ide/bitstream/design_1_wrapper.bit"
23:36:15 INFO  : Context for processor 'microblaze_0' is selected.
23:36:16 INFO  : Hardware design and registers information is loaded from 'C:/Users/C27Bradford.Hurt/ece383_wksp/lab3_2/design_1_wrapper/export/design_1_wrapper/hw/design_1_wrapper.xsa'.
23:36:16 INFO  : 'configparams mdm-detect-bscan-mask 2' command is executed.
23:36:16 INFO  : Context for processor 'microblaze_0' is selected.
23:36:16 INFO  : System reset is completed.
23:36:19 INFO  : 'after 3000' command is executed.
23:36:19 INFO  : Context for processor 'microblaze_0' is selected.
23:36:19 INFO  : The application 'C:/Users/C27Bradford.Hurt/ece383_wksp/lab3_2/lab3/Debug/lab3.elf' is downloaded to processor 'microblaze_0'.
23:36:19 INFO  : ----------------XSDB Script----------------
connect -url tcp:127.0.0.1:3121
targets -set -filter {jtag_cable_name =~ "Digilent Nexys Video 210276AEF629B" && level==0 && jtag_device_ctx=="jsn-Nexys Video-210276AEF629B-13636093-0"}
fpga -file C:/Users/C27Bradford.Hurt/ece383_wksp/lab3_2/lab3/_ide/bitstream/design_1_wrapper.bit
targets -set -nocase -filter {name =~ "*microblaze*#0" && bscan=="USER2" }
loadhw -hw C:/Users/C27Bradford.Hurt/ece383_wksp/lab3_2/design_1_wrapper/export/design_1_wrapper/hw/design_1_wrapper.xsa -regs
configparams mdm-detect-bscan-mask 2
targets -set -nocase -filter {name =~ "*microblaze*#0" && bscan=="USER2" }
rst -system
after 3000
targets -set -nocase -filter {name =~ "*microblaze*#0" && bscan=="USER2" }
dow C:/Users/C27Bradford.Hurt/ece383_wksp/lab3_2/lab3/Debug/lab3.elf
----------------End of Script----------------

23:36:19 INFO  : Context for processor 'microblaze_0' is selected.
23:36:19 INFO  : 'con' command is executed.
23:36:19 INFO  : ----------------XSDB Script (After Launch)----------------
targets -set -nocase -filter {name =~ "*microblaze*#0" && bscan=="USER2" }
con
----------------End of Script----------------

23:36:19 INFO  : Launch script is exported to file 'C:\Users\C27Bradford.Hurt\ece383_wksp\lab3_2\lab3_system\_ide\scripts\debugger_lab3-default.tcl'
23:38:43 INFO  : Checking for BSP changes to sync application flags for project 'lab3'...
23:39:00 INFO  : Disconnected from the channel tcfchan#3.
23:39:01 INFO  : Connected to target on host '127.0.0.1' and port '3121'.
23:39:10 INFO  : ----------------XSDB Script----------------
connect -url tcp:127.0.0.1:3121
----------------End of Script----------------

23:39:10 ERROR : Could not find FPGA device on the board for connection 'Local'.


Troubleshooting hints:
1. Check whether board is connected to system properly.
2. In case of zynq board, check whether Digilent/Xilinx cable switch settings are correct.
3. If you are using Xilinx Platform Cable USB, ensure that status LED is green.
23:39:18 INFO  : Connected to target on host '127.0.0.1' and port '3121'.
23:39:18 INFO  : Jtag cable 'Digilent Nexys Video 210276AEF629B' is selected.
23:39:18 INFO  : 'jtag frequency' command is executed.
23:39:18 INFO  : 'targets -set -filter {jtag_cable_name =~ "Digilent Nexys Video 210276AEF629B" && level==0 && jtag_device_ctx=="jsn-Nexys Video-210276AEF629B-13636093-0"}' command is executed.
23:39:24 INFO  : Device configured successfully with "C:/Users/C27Bradford.Hurt/ece383_wksp/lab3_2/lab3/_ide/bitstream/design_1_wrapper.bit"
23:39:24 INFO  : Context for processor 'microblaze_0' is selected.
23:39:25 INFO  : Hardware design and registers information is loaded from 'C:/Users/C27Bradford.Hurt/ece383_wksp/lab3_2/design_1_wrapper/export/design_1_wrapper/hw/design_1_wrapper.xsa'.
23:39:25 INFO  : 'configparams mdm-detect-bscan-mask 2' command is executed.
23:39:25 INFO  : Context for processor 'microblaze_0' is selected.
23:39:25 INFO  : System reset is completed.
23:39:28 INFO  : 'after 3000' command is executed.
23:39:28 INFO  : Context for processor 'microblaze_0' is selected.
23:39:28 INFO  : The application 'C:/Users/C27Bradford.Hurt/ece383_wksp/lab3_2/lab3/Debug/lab3.elf' is downloaded to processor 'microblaze_0'.
23:39:28 INFO  : ----------------XSDB Script----------------
connect -url tcp:127.0.0.1:3121
targets -set -filter {jtag_cable_name =~ "Digilent Nexys Video 210276AEF629B" && level==0 && jtag_device_ctx=="jsn-Nexys Video-210276AEF629B-13636093-0"}
fpga -file C:/Users/C27Bradford.Hurt/ece383_wksp/lab3_2/lab3/_ide/bitstream/design_1_wrapper.bit
targets -set -nocase -filter {name =~ "*microblaze*#0" && bscan=="USER2" }
loadhw -hw C:/Users/C27Bradford.Hurt/ece383_wksp/lab3_2/design_1_wrapper/export/design_1_wrapper/hw/design_1_wrapper.xsa -regs
configparams mdm-detect-bscan-mask 2
targets -set -nocase -filter {name =~ "*microblaze*#0" && bscan=="USER2" }
rst -system
after 3000
targets -set -nocase -filter {name =~ "*microblaze*#0" && bscan=="USER2" }
dow C:/Users/C27Bradford.Hurt/ece383_wksp/lab3_2/lab3/Debug/lab3.elf
----------------End of Script----------------

23:39:28 INFO  : Context for processor 'microblaze_0' is selected.
23:39:28 INFO  : 'con' command is executed.
23:39:28 INFO  : ----------------XSDB Script (After Launch)----------------
targets -set -nocase -filter {name =~ "*microblaze*#0" && bscan=="USER2" }
con
----------------End of Script----------------

23:39:28 INFO  : Launch script is exported to file 'C:\Users\C27Bradford.Hurt\ece383_wksp\lab3_2\lab3_system\_ide\scripts\debugger_lab3-default.tcl'
23:41:27 INFO  : Disconnected from the channel tcfchan#4.
23:42:27 DEBUG : Logs will be stored at 'C:/Users/C27Bradford.Hurt/ece383_wksp/lab3_2/IDE.log'.
23:42:28 INFO  : Launching XSCT server: xsct.bat -n  -interactive C:\Users\C27Bradford.Hurt\ece383_wksp\lab3_2\temp_xsdb_launch_script.tcl
23:42:35 INFO  : Platform repository initialization has completed.
23:42:35 INFO  : Registering command handlers for Vitis TCF services
23:42:36 INFO  : XSCT server has started successfully.
23:42:42 INFO  : Checking for BSP changes to sync application flags for project 'lab3'...
23:42:48 INFO  : Successfully done setting XSCT server connection channel  
23:42:48 INFO  : plnx-install-location is set to ''
23:42:48 INFO  : Successfully done query RDI_DATADIR 
23:42:48 INFO  : Successfully done setting workspace for the tool. 
23:43:40 INFO  : Checking for BSP changes to sync application flags for project 'lab3'...
23:44:51 INFO  : Connected to target on host '127.0.0.1' and port '3121'.
23:44:59 INFO  : Jtag cable 'Digilent Nexys Video 210276AEF629B' is selected.
23:45:01 INFO  : 'jtag frequency' command is executed.
23:45:03 INFO  : 'targets -set -filter {jtag_cable_name =~ "Digilent Nexys Video 210276AEF629B" && level==0 && jtag_device_ctx=="jsn-Nexys Video-210276AEF629B-13636093-0"}' command is executed.
23:45:09 INFO  : Device configured successfully with "C:/Users/C27Bradford.Hurt/ece383_wksp/lab3_2/lab3/_ide/bitstream/design_1_wrapper.bit"
23:45:09 INFO  : Context for processor 'microblaze_0' is selected.
23:45:09 INFO  : Hardware design and registers information is loaded from 'C:/Users/C27Bradford.Hurt/ece383_wksp/lab3_2/design_1_wrapper/export/design_1_wrapper/hw/design_1_wrapper.xsa'.
23:45:09 INFO  : 'configparams mdm-detect-bscan-mask 2' command is executed.
23:45:09 INFO  : Context for processor 'microblaze_0' is selected.
23:45:09 INFO  : System reset is completed.
23:45:12 INFO  : 'after 3000' command is executed.
23:45:12 INFO  : Context for processor 'microblaze_0' is selected.
23:45:12 INFO  : The application 'C:/Users/C27Bradford.Hurt/ece383_wksp/lab3_2/lab3/Debug/lab3.elf' is downloaded to processor 'microblaze_0'.
23:45:12 INFO  : ----------------XSDB Script----------------
connect -url tcp:127.0.0.1:3121
targets -set -filter {jtag_cable_name =~ "Digilent Nexys Video 210276AEF629B" && level==0 && jtag_device_ctx=="jsn-Nexys Video-210276AEF629B-13636093-0"}
fpga -file C:/Users/C27Bradford.Hurt/ece383_wksp/lab3_2/lab3/_ide/bitstream/design_1_wrapper.bit
targets -set -nocase -filter {name =~ "*microblaze*#0" && bscan=="USER2" }
loadhw -hw C:/Users/C27Bradford.Hurt/ece383_wksp/lab3_2/design_1_wrapper/export/design_1_wrapper/hw/design_1_wrapper.xsa -regs
configparams mdm-detect-bscan-mask 2
targets -set -nocase -filter {name =~ "*microblaze*#0" && bscan=="USER2" }
rst -system
after 3000
targets -set -nocase -filter {name =~ "*microblaze*#0" && bscan=="USER2" }
dow C:/Users/C27Bradford.Hurt/ece383_wksp/lab3_2/lab3/Debug/lab3.elf
----------------End of Script----------------

23:45:12 INFO  : Context for processor 'microblaze_0' is selected.
23:45:12 INFO  : 'con' command is executed.
23:45:12 INFO  : ----------------XSDB Script (After Launch)----------------
targets -set -nocase -filter {name =~ "*microblaze*#0" && bscan=="USER2" }
con
----------------End of Script----------------

23:45:12 INFO  : Launch script is exported to file 'C:\Users\C27Bradford.Hurt\ece383_wksp\lab3_2\lab3_system\_ide\scripts\debugger_lab3-default.tcl'
23:46:08 INFO  : Disconnected from the channel tcfchan#1.
07:29:06 DEBUG : Logs will be stored at 'C:/Users/C27Bradford.Hurt/ece383_wksp/lab3_2/IDE.log'.
07:29:07 INFO  : Launching XSCT server: xsct.bat -n  -interactive C:\Users\C27Bradford.Hurt\ece383_wksp\lab3_2\temp_xsdb_launch_script.tcl
07:29:13 INFO  : Platform repository initialization has completed.
07:29:14 INFO  : Registering command handlers for Vitis TCF services
07:29:16 INFO  : XSCT server has started successfully.
07:29:16 INFO  : plnx-install-location is set to ''
07:29:27 INFO  : Successfully done setting XSCT server connection channel  
07:29:27 INFO  : Successfully done query RDI_DATADIR 
07:29:27 INFO  : Successfully done setting workspace for the tool. 
07:29:42 INFO  : Checking for BSP changes to sync application flags for project 'lab3'...
07:31:29 INFO  : Connected to target on host '127.0.0.1' and port '3121'.
07:31:38 INFO  : Jtag cable 'Digilent Nexys Video 210276B7D0EDB' is selected.
07:31:40 INFO  : 'jtag frequency' command is executed.
07:31:41 INFO  : 'targets -set -filter {jtag_cable_name =~ "Digilent Nexys Video 210276B7D0EDB" && level==0 && jtag_device_ctx=="jsn-Nexys Video-210276B7D0EDB-13636093-0"}' command is executed.
07:31:47 INFO  : Device configured successfully with "C:/Users/C27Bradford.Hurt/ece383_wksp/lab3_2/lab3/_ide/bitstream/design_1_wrapper.bit"
07:31:47 INFO  : Context for processor 'microblaze_0' is selected.
07:31:47 INFO  : Hardware design and registers information is loaded from 'C:/Users/C27Bradford.Hurt/ece383_wksp/lab3_2/design_1_wrapper/export/design_1_wrapper/hw/design_1_wrapper.xsa'.
07:31:47 INFO  : 'configparams mdm-detect-bscan-mask 2' command is executed.
07:31:47 INFO  : Context for processor 'microblaze_0' is selected.
07:31:47 INFO  : System reset is completed.
07:31:50 INFO  : 'after 3000' command is executed.
07:31:50 INFO  : Context for processor 'microblaze_0' is selected.
07:31:50 INFO  : The application 'C:/Users/C27Bradford.Hurt/ece383_wksp/lab3_2/lab3/Debug/lab3.elf' is downloaded to processor 'microblaze_0'.
07:31:50 INFO  : ----------------XSDB Script----------------
connect -url tcp:127.0.0.1:3121
targets -set -filter {jtag_cable_name =~ "Digilent Nexys Video 210276B7D0EDB" && level==0 && jtag_device_ctx=="jsn-Nexys Video-210276B7D0EDB-13636093-0"}
fpga -file C:/Users/C27Bradford.Hurt/ece383_wksp/lab3_2/lab3/_ide/bitstream/design_1_wrapper.bit
targets -set -nocase -filter {name =~ "*microblaze*#0" && bscan=="USER2" }
loadhw -hw C:/Users/C27Bradford.Hurt/ece383_wksp/lab3_2/design_1_wrapper/export/design_1_wrapper/hw/design_1_wrapper.xsa -regs
configparams mdm-detect-bscan-mask 2
targets -set -nocase -filter {name =~ "*microblaze*#0" && bscan=="USER2" }
rst -system
after 3000
targets -set -nocase -filter {name =~ "*microblaze*#0" && bscan=="USER2" }
dow C:/Users/C27Bradford.Hurt/ece383_wksp/lab3_2/lab3/Debug/lab3.elf
----------------End of Script----------------

07:31:50 INFO  : Context for processor 'microblaze_0' is selected.
07:31:50 INFO  : 'con' command is executed.
07:31:50 INFO  : ----------------XSDB Script (After Launch)----------------
targets -set -nocase -filter {name =~ "*microblaze*#0" && bscan=="USER2" }
con
----------------End of Script----------------

07:31:50 INFO  : Launch script is exported to file 'C:\Users\C27Bradford.Hurt\ece383_wksp\lab3_2\lab3_system\_ide\scripts\debugger_lab3-default.tcl'
07:35:30 INFO  : Checking for BSP changes to sync application flags for project 'lab3'...
07:35:47 INFO  : Disconnected from the channel tcfchan#1.
07:35:48 INFO  : Connected to target on host '127.0.0.1' and port '3121'.
07:35:57 INFO  : ----------------XSDB Script----------------
connect -url tcp:127.0.0.1:3121
----------------End of Script----------------

07:35:57 ERROR : Could not find FPGA device on the board for connection 'Local'.


Troubleshooting hints:
1. Check whether board is connected to system properly.
2. In case of zynq board, check whether Digilent/Xilinx cable switch settings are correct.
3. If you are using Xilinx Platform Cable USB, ensure that status LED is green.
07:36:05 INFO  : Connected to target on host '127.0.0.1' and port '3121'.
07:36:05 INFO  : Jtag cable 'Digilent Nexys Video 210276B7D0EDB' is selected.
07:36:05 INFO  : 'jtag frequency' command is executed.
07:36:06 INFO  : 'targets -set -filter {jtag_cable_name =~ "Digilent Nexys Video 210276B7D0EDB" && level==0 && jtag_device_ctx=="jsn-Nexys Video-210276B7D0EDB-13636093-0"}' command is executed.
07:36:11 INFO  : Device configured successfully with "C:/Users/C27Bradford.Hurt/ece383_wksp/lab3_2/lab3/_ide/bitstream/design_1_wrapper.bit"
07:36:11 INFO  : Context for processor 'microblaze_0' is selected.
07:36:12 INFO  : Hardware design and registers information is loaded from 'C:/Users/C27Bradford.Hurt/ece383_wksp/lab3_2/design_1_wrapper/export/design_1_wrapper/hw/design_1_wrapper.xsa'.
07:36:12 INFO  : 'configparams mdm-detect-bscan-mask 2' command is executed.
07:36:12 INFO  : Context for processor 'microblaze_0' is selected.
07:36:12 INFO  : System reset is completed.
07:36:15 INFO  : 'after 3000' command is executed.
07:36:15 INFO  : Context for processor 'microblaze_0' is selected.
07:36:15 INFO  : The application 'C:/Users/C27Bradford.Hurt/ece383_wksp/lab3_2/lab3/Debug/lab3.elf' is downloaded to processor 'microblaze_0'.
07:36:15 INFO  : ----------------XSDB Script----------------
connect -url tcp:127.0.0.1:3121
targets -set -filter {jtag_cable_name =~ "Digilent Nexys Video 210276B7D0EDB" && level==0 && jtag_device_ctx=="jsn-Nexys Video-210276B7D0EDB-13636093-0"}
fpga -file C:/Users/C27Bradford.Hurt/ece383_wksp/lab3_2/lab3/_ide/bitstream/design_1_wrapper.bit
targets -set -nocase -filter {name =~ "*microblaze*#0" && bscan=="USER2" }
loadhw -hw C:/Users/C27Bradford.Hurt/ece383_wksp/lab3_2/design_1_wrapper/export/design_1_wrapper/hw/design_1_wrapper.xsa -regs
configparams mdm-detect-bscan-mask 2
targets -set -nocase -filter {name =~ "*microblaze*#0" && bscan=="USER2" }
rst -system
after 3000
targets -set -nocase -filter {name =~ "*microblaze*#0" && bscan=="USER2" }
dow C:/Users/C27Bradford.Hurt/ece383_wksp/lab3_2/lab3/Debug/lab3.elf
----------------End of Script----------------

07:36:15 INFO  : Context for processor 'microblaze_0' is selected.
07:36:15 INFO  : 'con' command is executed.
07:36:15 INFO  : ----------------XSDB Script (After Launch)----------------
targets -set -nocase -filter {name =~ "*microblaze*#0" && bscan=="USER2" }
con
----------------End of Script----------------

07:36:15 INFO  : Launch script is exported to file 'C:\Users\C27Bradford.Hurt\ece383_wksp\lab3_2\lab3_system\_ide\scripts\debugger_lab3-default.tcl'
07:39:21 INFO  : Checking for BSP changes to sync application flags for project 'lab3'...
07:39:35 INFO  : Checking for BSP changes to sync application flags for project 'lab3'...
07:39:56 INFO  : Disconnected from the channel tcfchan#2.
07:39:57 INFO  : Connected to target on host '127.0.0.1' and port '3121'.
07:40:06 INFO  : ----------------XSDB Script----------------
connect -url tcp:127.0.0.1:3121
----------------End of Script----------------

07:40:06 ERROR : Could not find FPGA device on the board for connection 'Local'.


Troubleshooting hints:
1. Check whether board is connected to system properly.
2. In case of zynq board, check whether Digilent/Xilinx cable switch settings are correct.
3. If you are using Xilinx Platform Cable USB, ensure that status LED is green.
07:40:15 INFO  : Connected to target on host '127.0.0.1' and port '3121'.
07:40:15 INFO  : Jtag cable 'Digilent Nexys Video 210276B7D0EDB' is selected.
07:40:15 INFO  : 'jtag frequency' command is executed.
07:40:15 INFO  : 'targets -set -filter {jtag_cable_name =~ "Digilent Nexys Video 210276B7D0EDB" && level==0 && jtag_device_ctx=="jsn-Nexys Video-210276B7D0EDB-13636093-0"}' command is executed.
07:40:21 INFO  : Device configured successfully with "C:/Users/C27Bradford.Hurt/ece383_wksp/lab3_2/lab3/_ide/bitstream/design_1_wrapper.bit"
07:40:21 INFO  : Context for processor 'microblaze_0' is selected.
07:40:22 INFO  : Hardware design and registers information is loaded from 'C:/Users/C27Bradford.Hurt/ece383_wksp/lab3_2/design_1_wrapper/export/design_1_wrapper/hw/design_1_wrapper.xsa'.
07:40:22 INFO  : 'configparams mdm-detect-bscan-mask 2' command is executed.
07:40:22 INFO  : Context for processor 'microblaze_0' is selected.
07:40:22 INFO  : System reset is completed.
07:40:25 INFO  : 'after 3000' command is executed.
07:40:25 INFO  : Context for processor 'microblaze_0' is selected.
07:40:25 INFO  : The application 'C:/Users/C27Bradford.Hurt/ece383_wksp/lab3_2/lab3/Debug/lab3.elf' is downloaded to processor 'microblaze_0'.
07:40:25 INFO  : ----------------XSDB Script----------------
connect -url tcp:127.0.0.1:3121
targets -set -filter {jtag_cable_name =~ "Digilent Nexys Video 210276B7D0EDB" && level==0 && jtag_device_ctx=="jsn-Nexys Video-210276B7D0EDB-13636093-0"}
fpga -file C:/Users/C27Bradford.Hurt/ece383_wksp/lab3_2/lab3/_ide/bitstream/design_1_wrapper.bit
targets -set -nocase -filter {name =~ "*microblaze*#0" && bscan=="USER2" }
loadhw -hw C:/Users/C27Bradford.Hurt/ece383_wksp/lab3_2/design_1_wrapper/export/design_1_wrapper/hw/design_1_wrapper.xsa -regs
configparams mdm-detect-bscan-mask 2
targets -set -nocase -filter {name =~ "*microblaze*#0" && bscan=="USER2" }
rst -system
after 3000
targets -set -nocase -filter {name =~ "*microblaze*#0" && bscan=="USER2" }
dow C:/Users/C27Bradford.Hurt/ece383_wksp/lab3_2/lab3/Debug/lab3.elf
----------------End of Script----------------

07:40:25 INFO  : Context for processor 'microblaze_0' is selected.
07:40:25 INFO  : 'con' command is executed.
07:40:25 INFO  : ----------------XSDB Script (After Launch)----------------
targets -set -nocase -filter {name =~ "*microblaze*#0" && bscan=="USER2" }
con
----------------End of Script----------------

07:40:25 INFO  : Launch script is exported to file 'C:\Users\C27Bradford.Hurt\ece383_wksp\lab3_2\lab3_system\_ide\scripts\debugger_lab3-default.tcl'
08:14:49 INFO  : Checking for BSP changes to sync application flags for project 'lab3'...
08:15:13 INFO  : Checking for BSP changes to sync application flags for project 'lab3'...
08:16:57 INFO  : Checking for BSP changes to sync application flags for project 'lab3'...
08:17:21 INFO  : Checking for BSP changes to sync application flags for project 'lab3'...
08:17:35 INFO  : Disconnected from the channel tcfchan#3.
08:17:36 INFO  : Connected to target on host '127.0.0.1' and port '3121'.
08:17:45 INFO  : ----------------XSDB Script----------------
connect -url tcp:127.0.0.1:3121
----------------End of Script----------------

08:17:45 ERROR : Could not find FPGA device on the board for connection 'Local'.


Troubleshooting hints:
1. Check whether board is connected to system properly.
2. In case of zynq board, check whether Digilent/Xilinx cable switch settings are correct.
3. If you are using Xilinx Platform Cable USB, ensure that status LED is green.
08:17:52 INFO  : Connected to target on host '127.0.0.1' and port '3121'.
08:17:52 INFO  : Jtag cable 'Digilent Nexys Video 210276B7D0EDB' is selected.
08:17:52 INFO  : 'jtag frequency' command is executed.
08:17:52 INFO  : 'targets -set -filter {jtag_cable_name =~ "Digilent Nexys Video 210276B7D0EDB" && level==0 && jtag_device_ctx=="jsn-Nexys Video-210276B7D0EDB-13636093-0"}' command is executed.
08:17:58 INFO  : Device configured successfully with "C:/Users/C27Bradford.Hurt/ece383_wksp/lab3_2/lab3/_ide/bitstream/design_1_wrapper.bit"
08:17:58 INFO  : Context for processor 'microblaze_0' is selected.
08:17:59 INFO  : Hardware design and registers information is loaded from 'C:/Users/C27Bradford.Hurt/ece383_wksp/lab3_2/design_1_wrapper/export/design_1_wrapper/hw/design_1_wrapper.xsa'.
08:17:59 INFO  : 'configparams mdm-detect-bscan-mask 2' command is executed.
08:17:59 INFO  : Context for processor 'microblaze_0' is selected.
08:17:59 INFO  : System reset is completed.
08:18:02 INFO  : 'after 3000' command is executed.
08:18:02 INFO  : Context for processor 'microblaze_0' is selected.
08:18:02 INFO  : The application 'C:/Users/C27Bradford.Hurt/ece383_wksp/lab3_2/lab3/Debug/lab3.elf' is downloaded to processor 'microblaze_0'.
08:18:02 INFO  : ----------------XSDB Script----------------
connect -url tcp:127.0.0.1:3121
targets -set -filter {jtag_cable_name =~ "Digilent Nexys Video 210276B7D0EDB" && level==0 && jtag_device_ctx=="jsn-Nexys Video-210276B7D0EDB-13636093-0"}
fpga -file C:/Users/C27Bradford.Hurt/ece383_wksp/lab3_2/lab3/_ide/bitstream/design_1_wrapper.bit
targets -set -nocase -filter {name =~ "*microblaze*#0" && bscan=="USER2" }
loadhw -hw C:/Users/C27Bradford.Hurt/ece383_wksp/lab3_2/design_1_wrapper/export/design_1_wrapper/hw/design_1_wrapper.xsa -regs
configparams mdm-detect-bscan-mask 2
targets -set -nocase -filter {name =~ "*microblaze*#0" && bscan=="USER2" }
rst -system
after 3000
targets -set -nocase -filter {name =~ "*microblaze*#0" && bscan=="USER2" }
dow C:/Users/C27Bradford.Hurt/ece383_wksp/lab3_2/lab3/Debug/lab3.elf
----------------End of Script----------------

08:18:02 INFO  : Context for processor 'microblaze_0' is selected.
08:18:02 INFO  : 'con' command is executed.
08:18:02 INFO  : ----------------XSDB Script (After Launch)----------------
targets -set -nocase -filter {name =~ "*microblaze*#0" && bscan=="USER2" }
con
----------------End of Script----------------

08:18:02 INFO  : Launch script is exported to file 'C:\Users\C27Bradford.Hurt\ece383_wksp\lab3_2\lab3_system\_ide\scripts\debugger_lab3-default.tcl'
08:22:12 INFO  : Checking for BSP changes to sync application flags for project 'lab3'...
08:22:25 INFO  : Disconnected from the channel tcfchan#4.
08:22:26 INFO  : Connected to target on host '127.0.0.1' and port '3121'.
08:22:26 INFO  : Jtag cable 'Digilent Nexys Video 210276B7D0EDB' is selected.
08:22:26 INFO  : 'jtag frequency' command is executed.
08:22:26 INFO  : 'targets -set -filter {jtag_cable_name =~ "Digilent Nexys Video 210276B7D0EDB" && level==0 && jtag_device_ctx=="jsn-Nexys Video-210276B7D0EDB-13636093-0"}' command is executed.
08:22:32 INFO  : Device configured successfully with "C:/Users/C27Bradford.Hurt/ece383_wksp/lab3_2/lab3/_ide/bitstream/design_1_wrapper.bit"
08:22:32 INFO  : Context for processor 'microblaze_0' is selected.
08:22:33 INFO  : Hardware design and registers information is loaded from 'C:/Users/C27Bradford.Hurt/ece383_wksp/lab3_2/design_1_wrapper/export/design_1_wrapper/hw/design_1_wrapper.xsa'.
08:22:33 INFO  : 'configparams mdm-detect-bscan-mask 2' command is executed.
08:22:33 INFO  : Context for processor 'microblaze_0' is selected.
08:22:33 INFO  : System reset is completed.
08:22:36 INFO  : 'after 3000' command is executed.
08:22:36 INFO  : Context for processor 'microblaze_0' is selected.
08:22:36 INFO  : The application 'C:/Users/C27Bradford.Hurt/ece383_wksp/lab3_2/lab3/Debug/lab3.elf' is downloaded to processor 'microblaze_0'.
08:22:36 INFO  : ----------------XSDB Script----------------
connect -url tcp:127.0.0.1:3121
targets -set -filter {jtag_cable_name =~ "Digilent Nexys Video 210276B7D0EDB" && level==0 && jtag_device_ctx=="jsn-Nexys Video-210276B7D0EDB-13636093-0"}
fpga -file C:/Users/C27Bradford.Hurt/ece383_wksp/lab3_2/lab3/_ide/bitstream/design_1_wrapper.bit
targets -set -nocase -filter {name =~ "*microblaze*#0" && bscan=="USER2" }
loadhw -hw C:/Users/C27Bradford.Hurt/ece383_wksp/lab3_2/design_1_wrapper/export/design_1_wrapper/hw/design_1_wrapper.xsa -regs
configparams mdm-detect-bscan-mask 2
targets -set -nocase -filter {name =~ "*microblaze*#0" && bscan=="USER2" }
rst -system
after 3000
targets -set -nocase -filter {name =~ "*microblaze*#0" && bscan=="USER2" }
dow C:/Users/C27Bradford.Hurt/ece383_wksp/lab3_2/lab3/Debug/lab3.elf
----------------End of Script----------------

08:22:36 INFO  : Context for processor 'microblaze_0' is selected.
08:22:36 INFO  : 'con' command is executed.
08:22:36 INFO  : ----------------XSDB Script (After Launch)----------------
targets -set -nocase -filter {name =~ "*microblaze*#0" && bscan=="USER2" }
con
----------------End of Script----------------

08:22:36 INFO  : Launch script is exported to file 'C:\Users\C27Bradford.Hurt\ece383_wksp\lab3_2\lab3_system\_ide\scripts\debugger_lab3-default.tcl'
08:30:03 INFO  : Checking for BSP changes to sync application flags for project 'lab3'...
08:32:20 INFO  : Checking for BSP changes to sync application flags for project 'lab3'...
08:32:33 INFO  : Disconnected from the channel tcfchan#5.
08:32:34 INFO  : Connected to target on host '127.0.0.1' and port '3121'.
08:32:34 INFO  : Jtag cable 'Digilent Nexys Video 210276B7D0EDB' is selected.
08:32:34 INFO  : 'jtag frequency' command is executed.
08:32:34 INFO  : 'targets -set -filter {jtag_cable_name =~ "Digilent Nexys Video 210276B7D0EDB" && level==0 && jtag_device_ctx=="jsn-Nexys Video-210276B7D0EDB-13636093-0"}' command is executed.
08:32:40 INFO  : Device configured successfully with "C:/Users/C27Bradford.Hurt/ece383_wksp/lab3_2/lab3/_ide/bitstream/design_1_wrapper.bit"
08:32:40 INFO  : Context for processor 'microblaze_0' is selected.
08:32:41 INFO  : Hardware design and registers information is loaded from 'C:/Users/C27Bradford.Hurt/ece383_wksp/lab3_2/design_1_wrapper/export/design_1_wrapper/hw/design_1_wrapper.xsa'.
08:32:41 INFO  : 'configparams mdm-detect-bscan-mask 2' command is executed.
08:32:41 INFO  : Context for processor 'microblaze_0' is selected.
08:32:41 INFO  : System reset is completed.
08:32:44 INFO  : 'after 3000' command is executed.
08:32:44 INFO  : Context for processor 'microblaze_0' is selected.
08:32:44 INFO  : The application 'C:/Users/C27Bradford.Hurt/ece383_wksp/lab3_2/lab3/Debug/lab3.elf' is downloaded to processor 'microblaze_0'.
08:32:44 INFO  : ----------------XSDB Script----------------
connect -url tcp:127.0.0.1:3121
targets -set -filter {jtag_cable_name =~ "Digilent Nexys Video 210276B7D0EDB" && level==0 && jtag_device_ctx=="jsn-Nexys Video-210276B7D0EDB-13636093-0"}
fpga -file C:/Users/C27Bradford.Hurt/ece383_wksp/lab3_2/lab3/_ide/bitstream/design_1_wrapper.bit
targets -set -nocase -filter {name =~ "*microblaze*#0" && bscan=="USER2" }
loadhw -hw C:/Users/C27Bradford.Hurt/ece383_wksp/lab3_2/design_1_wrapper/export/design_1_wrapper/hw/design_1_wrapper.xsa -regs
configparams mdm-detect-bscan-mask 2
targets -set -nocase -filter {name =~ "*microblaze*#0" && bscan=="USER2" }
rst -system
after 3000
targets -set -nocase -filter {name =~ "*microblaze*#0" && bscan=="USER2" }
dow C:/Users/C27Bradford.Hurt/ece383_wksp/lab3_2/lab3/Debug/lab3.elf
----------------End of Script----------------

08:32:44 INFO  : Context for processor 'microblaze_0' is selected.
08:32:44 INFO  : 'con' command is executed.
08:32:44 INFO  : ----------------XSDB Script (After Launch)----------------
targets -set -nocase -filter {name =~ "*microblaze*#0" && bscan=="USER2" }
con
----------------End of Script----------------

08:32:44 INFO  : Launch script is exported to file 'C:\Users\C27Bradford.Hurt\ece383_wksp\lab3_2\lab3_system\_ide\scripts\debugger_lab3-default.tcl'
08:35:13 INFO  : Checking for BSP changes to sync application flags for project 'lab3'...
08:35:27 INFO  : Disconnected from the channel tcfchan#6.
08:35:28 INFO  : Connected to target on host '127.0.0.1' and port '3121'.
08:35:38 INFO  : ----------------XSDB Script----------------
connect -url tcp:127.0.0.1:3121
----------------End of Script----------------

08:35:38 ERROR : Could not find FPGA device on the board for connection 'Local'.


Troubleshooting hints:
1. Check whether board is connected to system properly.
2. In case of zynq board, check whether Digilent/Xilinx cable switch settings are correct.
3. If you are using Xilinx Platform Cable USB, ensure that status LED is green.
08:35:45 INFO  : Connected to target on host '127.0.0.1' and port '3121'.
08:35:45 INFO  : Jtag cable 'Digilent Nexys Video 210276B7D0EDB' is selected.
08:35:45 INFO  : 'jtag frequency' command is executed.
08:35:45 INFO  : 'targets -set -filter {jtag_cable_name =~ "Digilent Nexys Video 210276B7D0EDB" && level==0 && jtag_device_ctx=="jsn-Nexys Video-210276B7D0EDB-13636093-0"}' command is executed.
08:35:51 INFO  : Device configured successfully with "C:/Users/C27Bradford.Hurt/ece383_wksp/lab3_2/lab3/_ide/bitstream/design_1_wrapper.bit"
08:35:51 INFO  : Context for processor 'microblaze_0' is selected.
08:35:52 INFO  : Hardware design and registers information is loaded from 'C:/Users/C27Bradford.Hurt/ece383_wksp/lab3_2/design_1_wrapper/export/design_1_wrapper/hw/design_1_wrapper.xsa'.
08:35:52 INFO  : 'configparams mdm-detect-bscan-mask 2' command is executed.
08:35:52 INFO  : Context for processor 'microblaze_0' is selected.
08:35:52 INFO  : System reset is completed.
08:35:55 INFO  : 'after 3000' command is executed.
08:35:55 INFO  : Context for processor 'microblaze_0' is selected.
08:35:55 INFO  : The application 'C:/Users/C27Bradford.Hurt/ece383_wksp/lab3_2/lab3/Debug/lab3.elf' is downloaded to processor 'microblaze_0'.
08:35:55 INFO  : ----------------XSDB Script----------------
connect -url tcp:127.0.0.1:3121
targets -set -filter {jtag_cable_name =~ "Digilent Nexys Video 210276B7D0EDB" && level==0 && jtag_device_ctx=="jsn-Nexys Video-210276B7D0EDB-13636093-0"}
fpga -file C:/Users/C27Bradford.Hurt/ece383_wksp/lab3_2/lab3/_ide/bitstream/design_1_wrapper.bit
targets -set -nocase -filter {name =~ "*microblaze*#0" && bscan=="USER2" }
loadhw -hw C:/Users/C27Bradford.Hurt/ece383_wksp/lab3_2/design_1_wrapper/export/design_1_wrapper/hw/design_1_wrapper.xsa -regs
configparams mdm-detect-bscan-mask 2
targets -set -nocase -filter {name =~ "*microblaze*#0" && bscan=="USER2" }
rst -system
after 3000
targets -set -nocase -filter {name =~ "*microblaze*#0" && bscan=="USER2" }
dow C:/Users/C27Bradford.Hurt/ece383_wksp/lab3_2/lab3/Debug/lab3.elf
----------------End of Script----------------

08:35:55 INFO  : Context for processor 'microblaze_0' is selected.
08:35:55 INFO  : 'con' command is executed.
08:35:55 INFO  : ----------------XSDB Script (After Launch)----------------
targets -set -nocase -filter {name =~ "*microblaze*#0" && bscan=="USER2" }
con
----------------End of Script----------------

08:35:55 INFO  : Launch script is exported to file 'C:\Users\C27Bradford.Hurt\ece383_wksp\lab3_2\lab3_system\_ide\scripts\debugger_lab3-default.tcl'
08:37:34 INFO  : Checking for BSP changes to sync application flags for project 'lab3'...
08:37:46 INFO  : Disconnected from the channel tcfchan#7.
08:37:47 INFO  : Connected to target on host '127.0.0.1' and port '3121'.
08:37:56 INFO  : ----------------XSDB Script----------------
connect -url tcp:127.0.0.1:3121
----------------End of Script----------------

08:37:56 ERROR : Could not find FPGA device on the board for connection 'Local'.


Troubleshooting hints:
1. Check whether board is connected to system properly.
2. In case of zynq board, check whether Digilent/Xilinx cable switch settings are correct.
3. If you are using Xilinx Platform Cable USB, ensure that status LED is green.
08:38:06 INFO  : Connected to target on host '127.0.0.1' and port '3121'.
08:38:06 INFO  : Jtag cable 'Digilent Nexys Video 210276B7D0EDB' is selected.
08:38:06 INFO  : 'jtag frequency' command is executed.
08:38:06 INFO  : 'targets -set -filter {jtag_cable_name =~ "Digilent Nexys Video 210276B7D0EDB" && level==0 && jtag_device_ctx=="jsn-Nexys Video-210276B7D0EDB-13636093-0"}' command is executed.
08:38:12 INFO  : Device configured successfully with "C:/Users/C27Bradford.Hurt/ece383_wksp/lab3_2/lab3/_ide/bitstream/design_1_wrapper.bit"
08:38:12 INFO  : Context for processor 'microblaze_0' is selected.
08:38:13 INFO  : Hardware design and registers information is loaded from 'C:/Users/C27Bradford.Hurt/ece383_wksp/lab3_2/design_1_wrapper/export/design_1_wrapper/hw/design_1_wrapper.xsa'.
08:38:13 INFO  : 'configparams mdm-detect-bscan-mask 2' command is executed.
08:38:13 INFO  : Context for processor 'microblaze_0' is selected.
08:38:13 INFO  : System reset is completed.
08:38:16 INFO  : 'after 3000' command is executed.
08:38:16 INFO  : Context for processor 'microblaze_0' is selected.
08:38:16 INFO  : The application 'C:/Users/C27Bradford.Hurt/ece383_wksp/lab3_2/lab3/Debug/lab3.elf' is downloaded to processor 'microblaze_0'.
08:38:16 INFO  : ----------------XSDB Script----------------
connect -url tcp:127.0.0.1:3121
targets -set -filter {jtag_cable_name =~ "Digilent Nexys Video 210276B7D0EDB" && level==0 && jtag_device_ctx=="jsn-Nexys Video-210276B7D0EDB-13636093-0"}
fpga -file C:/Users/C27Bradford.Hurt/ece383_wksp/lab3_2/lab3/_ide/bitstream/design_1_wrapper.bit
targets -set -nocase -filter {name =~ "*microblaze*#0" && bscan=="USER2" }
loadhw -hw C:/Users/C27Bradford.Hurt/ece383_wksp/lab3_2/design_1_wrapper/export/design_1_wrapper/hw/design_1_wrapper.xsa -regs
configparams mdm-detect-bscan-mask 2
targets -set -nocase -filter {name =~ "*microblaze*#0" && bscan=="USER2" }
rst -system
after 3000
targets -set -nocase -filter {name =~ "*microblaze*#0" && bscan=="USER2" }
dow C:/Users/C27Bradford.Hurt/ece383_wksp/lab3_2/lab3/Debug/lab3.elf
----------------End of Script----------------

08:38:16 INFO  : Context for processor 'microblaze_0' is selected.
08:38:16 INFO  : 'con' command is executed.
08:38:16 INFO  : ----------------XSDB Script (After Launch)----------------
targets -set -nocase -filter {name =~ "*microblaze*#0" && bscan=="USER2" }
con
----------------End of Script----------------

08:38:16 INFO  : Launch script is exported to file 'C:\Users\C27Bradford.Hurt\ece383_wksp\lab3_2\lab3_system\_ide\scripts\debugger_lab3-default.tcl'
08:40:52 INFO  : Disconnected from the channel tcfchan#8.
08:41:51 DEBUG : Logs will be stored at 'C:/Users/C27Bradford.Hurt/ece383_wksp/lab3_2/IDE.log'.
08:41:52 INFO  : Launching XSCT server: xsct.bat -n  -interactive C:\Users\C27Bradford.Hurt\ece383_wksp\lab3_2\temp_xsdb_launch_script.tcl
08:41:59 INFO  : Platform repository initialization has completed.
08:42:00 INFO  : Registering command handlers for Vitis TCF services
08:42:01 INFO  : XSCT server has started successfully.
08:42:01 INFO  : plnx-install-location is set to ''
08:42:01 INFO  : Successfully done setting XSCT server connection channel  
08:42:10 INFO  : Successfully done setting workspace for the tool. 
08:42:10 INFO  : Successfully done query RDI_DATADIR 
08:42:31 INFO  : Checking for BSP changes to sync application flags for project 'lab3'...
08:42:47 INFO  : Connected to target on host '127.0.0.1' and port '3121'.
08:42:54 INFO  : Jtag cable 'Digilent Nexys Video 210276B7D0EDB' is selected.
08:42:56 INFO  : 'jtag frequency' command is executed.
08:42:59 INFO  : 'targets -set -filter {jtag_cable_name =~ "Digilent Nexys Video 210276B7D0EDB" && level==0 && jtag_device_ctx=="jsn-Nexys Video-210276B7D0EDB-13636093-0"}' command is executed.
08:43:05 INFO  : Device configured successfully with "C:/Users/C27Bradford.Hurt/ece383_wksp/lab3_2/lab3/_ide/bitstream/design_1_wrapper.bit"
08:43:05 INFO  : Context for processor 'microblaze_0' is selected.
08:43:05 INFO  : Hardware design and registers information is loaded from 'C:/Users/C27Bradford.Hurt/ece383_wksp/lab3_2/design_1_wrapper/export/design_1_wrapper/hw/design_1_wrapper.xsa'.
08:43:05 INFO  : 'configparams mdm-detect-bscan-mask 2' command is executed.
08:43:05 INFO  : Context for processor 'microblaze_0' is selected.
08:43:05 INFO  : System reset is completed.
08:43:08 INFO  : 'after 3000' command is executed.
08:43:08 INFO  : Context for processor 'microblaze_0' is selected.
08:43:08 INFO  : The application 'C:/Users/C27Bradford.Hurt/ece383_wksp/lab3_2/lab3/Debug/lab3.elf' is downloaded to processor 'microblaze_0'.
08:43:08 INFO  : ----------------XSDB Script----------------
connect -url tcp:127.0.0.1:3121
targets -set -filter {jtag_cable_name =~ "Digilent Nexys Video 210276B7D0EDB" && level==0 && jtag_device_ctx=="jsn-Nexys Video-210276B7D0EDB-13636093-0"}
fpga -file C:/Users/C27Bradford.Hurt/ece383_wksp/lab3_2/lab3/_ide/bitstream/design_1_wrapper.bit
targets -set -nocase -filter {name =~ "*microblaze*#0" && bscan=="USER2" }
loadhw -hw C:/Users/C27Bradford.Hurt/ece383_wksp/lab3_2/design_1_wrapper/export/design_1_wrapper/hw/design_1_wrapper.xsa -regs
configparams mdm-detect-bscan-mask 2
targets -set -nocase -filter {name =~ "*microblaze*#0" && bscan=="USER2" }
rst -system
after 3000
targets -set -nocase -filter {name =~ "*microblaze*#0" && bscan=="USER2" }
dow C:/Users/C27Bradford.Hurt/ece383_wksp/lab3_2/lab3/Debug/lab3.elf
----------------End of Script----------------

08:43:08 INFO  : Context for processor 'microblaze_0' is selected.
08:43:08 INFO  : 'con' command is executed.
08:43:08 INFO  : ----------------XSDB Script (After Launch)----------------
targets -set -nocase -filter {name =~ "*microblaze*#0" && bscan=="USER2" }
con
----------------End of Script----------------

08:43:08 INFO  : Launch script is exported to file 'C:\Users\C27Bradford.Hurt\ece383_wksp\lab3_2\lab3_system\_ide\scripts\debugger_lab3-default.tcl'
08:47:35 INFO  : Result from executing command 'removePlatformRepo': 
08:48:05 INFO  : Result from executing command 'getProjects': design_1_wrapper
08:48:06 INFO  : Result from executing command 'getPlatforms': 
08:48:06 INFO  : Checking for BSP changes to sync application flags for project 'lab3'...
08:48:50 INFO  : Result from executing command 'removePlatformRepo': 
08:49:05 INFO  : Result from executing command 'getProjects': design_1_wrapper
08:49:05 INFO  : Result from executing command 'getPlatforms': 
08:49:06 INFO  : Checking for BSP changes to sync application flags for project 'lab3'...
08:49:37 INFO  : Disconnected from the channel tcfchan#1.
08:49:38 INFO  : Connected to target on host '127.0.0.1' and port '3121'.
08:49:47 INFO  : ----------------XSDB Script----------------
connect -url tcp:127.0.0.1:3121
----------------End of Script----------------

08:49:47 ERROR : Could not find FPGA device on the board for connection 'Local'.


Troubleshooting hints:
1. Check whether board is connected to system properly.
2. In case of zynq board, check whether Digilent/Xilinx cable switch settings are correct.
3. If you are using Xilinx Platform Cable USB, ensure that status LED is green.
08:49:55 INFO  : Connected to target on host '127.0.0.1' and port '3121'.
08:49:55 INFO  : Jtag cable 'Digilent Nexys Video 210276B7D0EDB' is selected.
08:49:55 INFO  : 'jtag frequency' command is executed.
08:49:55 INFO  : 'targets -set -filter {jtag_cable_name =~ "Digilent Nexys Video 210276B7D0EDB" && level==0 && jtag_device_ctx=="jsn-Nexys Video-210276B7D0EDB-13636093-0"}' command is executed.
08:50:01 INFO  : Device configured successfully with "C:/Users/C27Bradford.Hurt/ece383_wksp/lab3_2/lab3/_ide/bitstream/design_1_wrapper.bit"
08:50:01 INFO  : Context for processor 'microblaze_0' is selected.
08:50:01 INFO  : Hardware design and registers information is loaded from 'C:/Users/C27Bradford.Hurt/ece383_wksp/lab3_2/design_1_wrapper/export/design_1_wrapper/hw/design_1_wrapper.xsa'.
08:50:01 INFO  : 'configparams mdm-detect-bscan-mask 2' command is executed.
08:50:01 INFO  : Context for processor 'microblaze_0' is selected.
08:50:01 INFO  : System reset is completed.
08:50:04 INFO  : 'after 3000' command is executed.
08:50:04 INFO  : Context for processor 'microblaze_0' is selected.
08:50:04 INFO  : The application 'C:/Users/C27Bradford.Hurt/ece383_wksp/lab3_2/lab3/Debug/lab3.elf' is downloaded to processor 'microblaze_0'.
08:50:04 INFO  : ----------------XSDB Script----------------
connect -url tcp:127.0.0.1:3121
targets -set -filter {jtag_cable_name =~ "Digilent Nexys Video 210276B7D0EDB" && level==0 && jtag_device_ctx=="jsn-Nexys Video-210276B7D0EDB-13636093-0"}
fpga -file C:/Users/C27Bradford.Hurt/ece383_wksp/lab3_2/lab3/_ide/bitstream/design_1_wrapper.bit
targets -set -nocase -filter {name =~ "*microblaze*#0" && bscan=="USER2" }
loadhw -hw C:/Users/C27Bradford.Hurt/ece383_wksp/lab3_2/design_1_wrapper/export/design_1_wrapper/hw/design_1_wrapper.xsa -regs
configparams mdm-detect-bscan-mask 2
targets -set -nocase -filter {name =~ "*microblaze*#0" && bscan=="USER2" }
rst -system
after 3000
targets -set -nocase -filter {name =~ "*microblaze*#0" && bscan=="USER2" }
dow C:/Users/C27Bradford.Hurt/ece383_wksp/lab3_2/lab3/Debug/lab3.elf
----------------End of Script----------------

08:50:05 INFO  : Context for processor 'microblaze_0' is selected.
08:50:05 INFO  : 'con' command is executed.
08:50:05 INFO  : ----------------XSDB Script (After Launch)----------------
targets -set -nocase -filter {name =~ "*microblaze*#0" && bscan=="USER2" }
con
----------------End of Script----------------

08:50:05 INFO  : Launch script is exported to file 'C:\Users\C27Bradford.Hurt\ece383_wksp\lab3_2\lab3_system\_ide\scripts\systemdebugger_lab3_system_standalone.tcl'
08:51:47 INFO  : Result from executing command 'getProjects': lab3_platform
08:51:47 INFO  : Result from executing command 'getPlatforms': design_1_wrapper|C:/Users/C27Bradford.Hurt/ece383_wksp/lab3_2/design_1_wrapper/export/design_1_wrapper/design_1_wrapper.xpfm
08:52:56 INFO  : Result from executing command 'getProjects': lab3_platform
08:52:56 INFO  : Result from executing command 'getPlatforms': design_1_wrapper|C:/Users/C27Bradford.Hurt/ece383_wksp/lab3_2/design_1_wrapper/export/design_1_wrapper/design_1_wrapper.xpfm;lab3_platform|C:/Users/C27Bradford.Hurt/ece383_wksp/lab3_2/lab3_platform/export/lab3_platform/lab3_platform.xpfm
08:53:09 INFO  : The hardware specification used by project 'lab3' is out of sync with the platform. Resource files extracted from the hardware specification will be updated.
08:53:10 INFO  : The file 'C:\Users\C27Bradford.Hurt\ece383_wksp\lab3_2\lab3\_ide\bitstream\design_1_wrapper.bit' stored in project is removed.
08:53:10 INFO  : The file 'C:\Users\C27Bradford.Hurt\ece383_wksp\lab3_2\lab3\_ide\bitstream\design_1_wrapper.mmi' stored in project is removed.
08:53:11 INFO  : The updated bitstream files are copied from platform to folder 'C:\Users\C27Bradford.Hurt\ece383_wksp\lab3_2\lab3\_ide\bitstream' in project 'lab3'.
08:53:25 INFO  : Checking for BSP changes to sync application flags for project 'lab3'...
08:53:34 INFO  : Disconnected from the channel tcfchan#6.
08:53:35 INFO  : Connected to target on host '127.0.0.1' and port '3121'.
08:53:36 INFO  : Jtag cable 'Digilent Nexys Video 210276B7D0EDB' is selected.
08:53:36 INFO  : 'jtag frequency' command is executed.
08:53:36 INFO  : 'targets -set -filter {jtag_cable_name =~ "Digilent Nexys Video 210276B7D0EDB" && level==0 && jtag_device_ctx=="jsn-Nexys Video-210276B7D0EDB-13636093-0"}' command is executed.
08:53:41 INFO  : Device configured successfully with "C:/Users/C27Bradford.Hurt/ece383_wksp/lab3_2/lab3/_ide/bitstream/design_1_wrapper.bit"
08:53:41 INFO  : Context for processor 'microblaze_0' is selected.
08:53:41 INFO  : Hardware design and registers information is loaded from 'C:/Users/C27Bradford.Hurt/ece383_wksp/lab3_2/lab3_platform/export/lab3_platform/hw/design_1_wrapper.xsa'.
08:53:41 INFO  : 'configparams mdm-detect-bscan-mask 2' command is executed.
08:53:41 INFO  : Context for processor 'microblaze_0' is selected.
08:53:41 INFO  : System reset is completed.
08:53:44 INFO  : 'after 3000' command is executed.
08:53:44 INFO  : Context for processor 'microblaze_0' is selected.
08:53:45 INFO  : The application 'C:/Users/C27Bradford.Hurt/ece383_wksp/lab3_2/lab3/Debug/lab3.elf' is downloaded to processor 'microblaze_0'.
08:53:45 INFO  : ----------------XSDB Script----------------
connect -url tcp:127.0.0.1:3121
targets -set -filter {jtag_cable_name =~ "Digilent Nexys Video 210276B7D0EDB" && level==0 && jtag_device_ctx=="jsn-Nexys Video-210276B7D0EDB-13636093-0"}
fpga -file C:/Users/C27Bradford.Hurt/ece383_wksp/lab3_2/lab3/_ide/bitstream/design_1_wrapper.bit
targets -set -nocase -filter {name =~ "*microblaze*#0" && bscan=="USER2" }
loadhw -hw C:/Users/C27Bradford.Hurt/ece383_wksp/lab3_2/lab3_platform/export/lab3_platform/hw/design_1_wrapper.xsa -regs
configparams mdm-detect-bscan-mask 2
targets -set -nocase -filter {name =~ "*microblaze*#0" && bscan=="USER2" }
rst -system
after 3000
targets -set -nocase -filter {name =~ "*microblaze*#0" && bscan=="USER2" }
dow C:/Users/C27Bradford.Hurt/ece383_wksp/lab3_2/lab3/Debug/lab3.elf
----------------End of Script----------------

08:53:45 INFO  : Context for processor 'microblaze_0' is selected.
08:53:45 INFO  : 'con' command is executed.
08:53:45 INFO  : ----------------XSDB Script (After Launch)----------------
targets -set -nocase -filter {name =~ "*microblaze*#0" && bscan=="USER2" }
con
----------------End of Script----------------

08:53:45 INFO  : Launch script is exported to file 'C:\Users\C27Bradford.Hurt\ece383_wksp\lab3_2\lab3_system\_ide\scripts\debugger_lab3-default.tcl'
09:02:57 INFO  : Checking for BSP changes to sync application flags for project 'lab3'...
09:03:19 INFO  : Checking for BSP changes to sync application flags for project 'lab3'...
09:03:27 INFO  : Disconnected from the channel tcfchan#8.
09:03:28 INFO  : Connected to target on host '127.0.0.1' and port '3121'.
09:03:37 INFO  : ----------------XSDB Script----------------
connect -url tcp:127.0.0.1:3121
----------------End of Script----------------

09:03:37 ERROR : Could not find FPGA device on the board for connection 'Local'.


Troubleshooting hints:
1. Check whether board is connected to system properly.
2. In case of zynq board, check whether Digilent/Xilinx cable switch settings are correct.
3. If you are using Xilinx Platform Cable USB, ensure that status LED is green.
09:03:49 INFO  : Connected to target on host '127.0.0.1' and port '3121'.
09:03:49 INFO  : Jtag cable 'Digilent Nexys Video 210276B7D0EDB' is selected.
09:03:49 INFO  : 'jtag frequency' command is executed.
09:03:49 INFO  : 'targets -set -filter {jtag_cable_name =~ "Digilent Nexys Video 210276B7D0EDB" && level==0 && jtag_device_ctx=="jsn-Nexys Video-210276B7D0EDB-13636093-0"}' command is executed.
09:03:54 INFO  : Device configured successfully with "C:/Users/C27Bradford.Hurt/ece383_wksp/lab3_2/lab3/_ide/bitstream/design_1_wrapper.bit"
09:03:55 INFO  : Context for processor 'microblaze_0' is selected.
09:03:55 INFO  : Hardware design and registers information is loaded from 'C:/Users/C27Bradford.Hurt/ece383_wksp/lab3_2/lab3_platform/export/lab3_platform/hw/design_1_wrapper.xsa'.
09:03:55 INFO  : 'configparams mdm-detect-bscan-mask 2' command is executed.
09:03:55 INFO  : Context for processor 'microblaze_0' is selected.
09:03:55 INFO  : System reset is completed.
09:03:58 INFO  : 'after 3000' command is executed.
09:03:58 INFO  : Context for processor 'microblaze_0' is selected.
09:03:58 INFO  : The application 'C:/Users/C27Bradford.Hurt/ece383_wksp/lab3_2/lab3/Debug/lab3.elf' is downloaded to processor 'microblaze_0'.
09:03:58 INFO  : ----------------XSDB Script----------------
connect -url tcp:127.0.0.1:3121
targets -set -filter {jtag_cable_name =~ "Digilent Nexys Video 210276B7D0EDB" && level==0 && jtag_device_ctx=="jsn-Nexys Video-210276B7D0EDB-13636093-0"}
fpga -file C:/Users/C27Bradford.Hurt/ece383_wksp/lab3_2/lab3/_ide/bitstream/design_1_wrapper.bit
targets -set -nocase -filter {name =~ "*microblaze*#0" && bscan=="USER2" }
loadhw -hw C:/Users/C27Bradford.Hurt/ece383_wksp/lab3_2/lab3_platform/export/lab3_platform/hw/design_1_wrapper.xsa -regs
configparams mdm-detect-bscan-mask 2
targets -set -nocase -filter {name =~ "*microblaze*#0" && bscan=="USER2" }
rst -system
after 3000
targets -set -nocase -filter {name =~ "*microblaze*#0" && bscan=="USER2" }
dow C:/Users/C27Bradford.Hurt/ece383_wksp/lab3_2/lab3/Debug/lab3.elf
----------------End of Script----------------

09:03:58 INFO  : Context for processor 'microblaze_0' is selected.
09:03:58 INFO  : 'con' command is executed.
09:03:58 INFO  : ----------------XSDB Script (After Launch)----------------
targets -set -nocase -filter {name =~ "*microblaze*#0" && bscan=="USER2" }
con
----------------End of Script----------------

09:03:58 INFO  : Launch script is exported to file 'C:\Users\C27Bradford.Hurt\ece383_wksp\lab3_2\lab3_system\_ide\scripts\debugger_lab3-default.tcl'
09:05:23 INFO  : Checking for BSP changes to sync application flags for project 'lab3'...
09:05:34 INFO  : Disconnected from the channel tcfchan#9.
09:05:35 INFO  : Connected to target on host '127.0.0.1' and port '3121'.
09:05:35 INFO  : Jtag cable 'Digilent Nexys Video 210276B7D0EDB' is selected.
09:05:35 INFO  : 'jtag frequency' command is executed.
09:05:36 INFO  : 'targets -set -filter {jtag_cable_name =~ "Digilent Nexys Video 210276B7D0EDB" && level==0 && jtag_device_ctx=="jsn-Nexys Video-210276B7D0EDB-13636093-0"}' command is executed.
09:05:41 INFO  : Device configured successfully with "C:/Users/C27Bradford.Hurt/ece383_wksp/lab3_2/lab3/_ide/bitstream/design_1_wrapper.bit"
09:05:41 INFO  : Context for processor 'microblaze_0' is selected.
09:05:41 INFO  : Hardware design and registers information is loaded from 'C:/Users/C27Bradford.Hurt/ece383_wksp/lab3_2/lab3_platform/export/lab3_platform/hw/design_1_wrapper.xsa'.
09:05:41 INFO  : 'configparams mdm-detect-bscan-mask 2' command is executed.
09:05:41 INFO  : Context for processor 'microblaze_0' is selected.
09:05:41 INFO  : System reset is completed.
09:05:44 INFO  : 'after 3000' command is executed.
09:05:44 INFO  : Context for processor 'microblaze_0' is selected.
09:05:44 INFO  : The application 'C:/Users/C27Bradford.Hurt/ece383_wksp/lab3_2/lab3/Debug/lab3.elf' is downloaded to processor 'microblaze_0'.
09:05:44 INFO  : ----------------XSDB Script----------------
connect -url tcp:127.0.0.1:3121
targets -set -filter {jtag_cable_name =~ "Digilent Nexys Video 210276B7D0EDB" && level==0 && jtag_device_ctx=="jsn-Nexys Video-210276B7D0EDB-13636093-0"}
fpga -file C:/Users/C27Bradford.Hurt/ece383_wksp/lab3_2/lab3/_ide/bitstream/design_1_wrapper.bit
targets -set -nocase -filter {name =~ "*microblaze*#0" && bscan=="USER2" }
loadhw -hw C:/Users/C27Bradford.Hurt/ece383_wksp/lab3_2/lab3_platform/export/lab3_platform/hw/design_1_wrapper.xsa -regs
configparams mdm-detect-bscan-mask 2
targets -set -nocase -filter {name =~ "*microblaze*#0" && bscan=="USER2" }
rst -system
after 3000
targets -set -nocase -filter {name =~ "*microblaze*#0" && bscan=="USER2" }
dow C:/Users/C27Bradford.Hurt/ece383_wksp/lab3_2/lab3/Debug/lab3.elf
----------------End of Script----------------

09:05:45 INFO  : Context for processor 'microblaze_0' is selected.
09:05:45 INFO  : 'con' command is executed.
09:05:45 INFO  : ----------------XSDB Script (After Launch)----------------
targets -set -nocase -filter {name =~ "*microblaze*#0" && bscan=="USER2" }
con
----------------End of Script----------------

09:05:45 INFO  : Launch script is exported to file 'C:\Users\C27Bradford.Hurt\ece383_wksp\lab3_2\lab3_system\_ide\scripts\debugger_lab3-default.tcl'
09:07:34 INFO  : Checking for BSP changes to sync application flags for project 'lab3'...
09:08:40 INFO  : Checking for BSP changes to sync application flags for project 'lab3'...
09:08:50 INFO  : Disconnected from the channel tcfchan#10.
09:08:51 INFO  : Connected to target on host '127.0.0.1' and port '3121'.
09:09:00 INFO  : ----------------XSDB Script----------------
connect -url tcp:127.0.0.1:3121
----------------End of Script----------------

09:09:00 ERROR : Could not find FPGA device on the board for connection 'Local'.


Troubleshooting hints:
1. Check whether board is connected to system properly.
2. In case of zynq board, check whether Digilent/Xilinx cable switch settings are correct.
3. If you are using Xilinx Platform Cable USB, ensure that status LED is green.
09:09:07 INFO  : Connected to target on host '127.0.0.1' and port '3121'.
09:09:08 INFO  : Jtag cable 'Digilent Nexys Video 210276B7D0EDB' is selected.
09:09:08 INFO  : 'jtag frequency' command is executed.
09:09:08 INFO  : 'targets -set -filter {jtag_cable_name =~ "Digilent Nexys Video 210276B7D0EDB" && level==0 && jtag_device_ctx=="jsn-Nexys Video-210276B7D0EDB-13636093-0"}' command is executed.
09:09:13 INFO  : Device configured successfully with "C:/Users/C27Bradford.Hurt/ece383_wksp/lab3_2/lab3/_ide/bitstream/design_1_wrapper.bit"
09:09:13 INFO  : Context for processor 'microblaze_0' is selected.
09:09:13 INFO  : Hardware design and registers information is loaded from 'C:/Users/C27Bradford.Hurt/ece383_wksp/lab3_2/lab3_platform/export/lab3_platform/hw/design_1_wrapper.xsa'.
09:09:13 INFO  : 'configparams mdm-detect-bscan-mask 2' command is executed.
09:09:13 INFO  : Context for processor 'microblaze_0' is selected.
09:09:13 INFO  : System reset is completed.
09:09:16 INFO  : 'after 3000' command is executed.
09:09:16 INFO  : Context for processor 'microblaze_0' is selected.
09:09:17 INFO  : The application 'C:/Users/C27Bradford.Hurt/ece383_wksp/lab3_2/lab3/Debug/lab3.elf' is downloaded to processor 'microblaze_0'.
09:09:17 INFO  : ----------------XSDB Script----------------
connect -url tcp:127.0.0.1:3121
targets -set -filter {jtag_cable_name =~ "Digilent Nexys Video 210276B7D0EDB" && level==0 && jtag_device_ctx=="jsn-Nexys Video-210276B7D0EDB-13636093-0"}
fpga -file C:/Users/C27Bradford.Hurt/ece383_wksp/lab3_2/lab3/_ide/bitstream/design_1_wrapper.bit
targets -set -nocase -filter {name =~ "*microblaze*#0" && bscan=="USER2" }
loadhw -hw C:/Users/C27Bradford.Hurt/ece383_wksp/lab3_2/lab3_platform/export/lab3_platform/hw/design_1_wrapper.xsa -regs
configparams mdm-detect-bscan-mask 2
targets -set -nocase -filter {name =~ "*microblaze*#0" && bscan=="USER2" }
rst -system
after 3000
targets -set -nocase -filter {name =~ "*microblaze*#0" && bscan=="USER2" }
dow C:/Users/C27Bradford.Hurt/ece383_wksp/lab3_2/lab3/Debug/lab3.elf
----------------End of Script----------------

09:09:17 INFO  : Context for processor 'microblaze_0' is selected.
09:09:17 INFO  : 'con' command is executed.
09:09:17 INFO  : ----------------XSDB Script (After Launch)----------------
targets -set -nocase -filter {name =~ "*microblaze*#0" && bscan=="USER2" }
con
----------------End of Script----------------

09:09:17 INFO  : Launch script is exported to file 'C:\Users\C27Bradford.Hurt\ece383_wksp\lab3_2\lab3_system\_ide\scripts\debugger_lab3-default.tcl'
09:11:03 INFO  : Checking for BSP changes to sync application flags for project 'lab3'...
09:11:17 INFO  : Disconnected from the channel tcfchan#11.
09:11:18 INFO  : Connected to target on host '127.0.0.1' and port '3121'.
09:11:18 INFO  : Jtag cable 'Digilent Nexys Video 210276B7D0EDB' is selected.
09:11:18 INFO  : 'jtag frequency' command is executed.
09:11:18 INFO  : 'targets -set -filter {jtag_cable_name =~ "Digilent Nexys Video 210276B7D0EDB" && level==0 && jtag_device_ctx=="jsn-Nexys Video-210276B7D0EDB-13636093-0"}' command is executed.
09:11:24 INFO  : Device configured successfully with "C:/Users/C27Bradford.Hurt/ece383_wksp/lab3_2/lab3/_ide/bitstream/design_1_wrapper.bit"
09:11:24 INFO  : Context for processor 'microblaze_0' is selected.
09:11:24 INFO  : Hardware design and registers information is loaded from 'C:/Users/C27Bradford.Hurt/ece383_wksp/lab3_2/lab3_platform/export/lab3_platform/hw/design_1_wrapper.xsa'.
09:11:24 INFO  : 'configparams mdm-detect-bscan-mask 2' command is executed.
09:11:24 INFO  : Context for processor 'microblaze_0' is selected.
09:11:24 INFO  : System reset is completed.
09:11:27 INFO  : 'after 3000' command is executed.
09:11:27 INFO  : Context for processor 'microblaze_0' is selected.
09:11:27 INFO  : The application 'C:/Users/C27Bradford.Hurt/ece383_wksp/lab3_2/lab3/Debug/lab3.elf' is downloaded to processor 'microblaze_0'.
09:11:27 INFO  : ----------------XSDB Script----------------
connect -url tcp:127.0.0.1:3121
targets -set -filter {jtag_cable_name =~ "Digilent Nexys Video 210276B7D0EDB" && level==0 && jtag_device_ctx=="jsn-Nexys Video-210276B7D0EDB-13636093-0"}
fpga -file C:/Users/C27Bradford.Hurt/ece383_wksp/lab3_2/lab3/_ide/bitstream/design_1_wrapper.bit
targets -set -nocase -filter {name =~ "*microblaze*#0" && bscan=="USER2" }
loadhw -hw C:/Users/C27Bradford.Hurt/ece383_wksp/lab3_2/lab3_platform/export/lab3_platform/hw/design_1_wrapper.xsa -regs
configparams mdm-detect-bscan-mask 2
targets -set -nocase -filter {name =~ "*microblaze*#0" && bscan=="USER2" }
rst -system
after 3000
targets -set -nocase -filter {name =~ "*microblaze*#0" && bscan=="USER2" }
dow C:/Users/C27Bradford.Hurt/ece383_wksp/lab3_2/lab3/Debug/lab3.elf
----------------End of Script----------------

09:11:27 INFO  : Context for processor 'microblaze_0' is selected.
09:11:27 INFO  : 'con' command is executed.
09:11:27 INFO  : ----------------XSDB Script (After Launch)----------------
targets -set -nocase -filter {name =~ "*microblaze*#0" && bscan=="USER2" }
con
----------------End of Script----------------

09:11:27 INFO  : Launch script is exported to file 'C:\Users\C27Bradford.Hurt\ece383_wksp\lab3_2\lab3_system\_ide\scripts\debugger_lab3-default.tcl'
