Copyright 1986-2022 Xilinx, Inc. All Rights Reserved. Copyright 2022-2024 Advanced Micro Devices, Inc. All Rights Reserved.
---------------------------------------------------------------------------------------------------------------------------------------------
| Tool Version : Vivado v.2024.2 (win64) Build 5239630 Fri Nov 08 22:35:27 MST 2024
| Date         : Sat May  9 23:51:22 2026
| Host         : C27-5CG3121FGH running 64-bit major release  (build 9200)
| Command      : report_control_sets -verbose -file myip_write_SCCB_control_sets_placed.rpt
| Design       : myip_write_SCCB
| Device       : xc7a200t
---------------------------------------------------------------------------------------------------------------------------------------------

Control Set Information

Table of Contents
-----------------
1. Summary
2. Histogram
3. Flip-Flop Distribution
4. Detailed Control Set Information

1. Summary
----------

+----------------------------------------------------------+-------+
|                          Status                          | Count |
+----------------------------------------------------------+-------+
| Total control sets                                       |    23 |
|    Minimum number of control sets                        |    23 |
|    Addition due to synthesis replication                 |     0 |
|    Addition due to physical synthesis replication        |     0 |
| Unused register locations in slices containing registers |    58 |
+----------------------------------------------------------+-------+
* Control sets can be merged at opt_design using control_set_merge or merge_equivalent_drivers
** Run report_qor_suggestions for automated merging and remapping suggestions


2. Histogram
------------

+--------------------+-------+
|       Fanout       | Count |
+--------------------+-------+
| Total control sets |    23 |
| >= 0 to < 4        |     7 |
| >= 4 to < 6        |     0 |
| >= 6 to < 8        |     0 |
| >= 8 to < 10       |    13 |
| >= 10 to < 12      |     0 |
| >= 12 to < 14      |     1 |
| >= 14 to < 16      |     0 |
| >= 16              |     2 |
+--------------------+-------+
* Control sets can be remapped at either synth_design or opt_design


3. Flip-Flop Distribution
-------------------------

+--------------+-----------------------+------------------------+-----------------+--------------+
| Clock Enable | Synchronous Set/Reset | Asynchronous Set/Reset | Total Registers | Total Slices |
+--------------+-----------------------+------------------------+-----------------+--------------+
| No           | No                    | No                     |               2 |            2 |
| No           | No                    | Yes                    |               0 |            0 |
| No           | Yes                   | No                     |              21 |            7 |
| Yes          | No                    | No                     |              22 |            9 |
| Yes          | No                    | Yes                    |               0 |            0 |
| Yes          | Yes                   | No                     |             129 |           58 |
+--------------+-----------------------+------------------------+-----------------+--------------+


4. Detailed Control Set Information
-----------------------------------

+-------------------------+---------------------------------------------------------------------------------------------+----------------------------------------------------------------------------------------------+------------------+----------------+--------------+
|       Clock Signal      |                                        Enable Signal                                        |                                       Set/Reset Signal                                       | Slice Load Count | Bel Load Count | Bels / Slice |
+-------------------------+---------------------------------------------------------------------------------------------+----------------------------------------------------------------------------------------------+------------------+----------------+--------------+
|  s00_axi_aclk_IBUF_BUFG | myip_write_SCCB_slave_lite_v1_0_S00_AXI_inst/axi_wready                                     | myip_write_SCCB_slave_lite_v1_0_S00_AXI_inst/FSM_onehot_state_write[2]_i_1_n_0               |                1 |              1 |         1.00 |
|  s00_axi_aclk_IBUF_BUFG | myip_write_SCCB_slave_lite_v1_0_S00_AXI_inst/write_SCCB_inst/sio_c_i_1_n_0                  |                                                                                              |                1 |              1 |         1.00 |
|  s00_axi_aclk_IBUF_BUFG | myip_write_SCCB_slave_lite_v1_0_S00_AXI_inst/write_SCCB_inst/sio_d1_out                     |                                                                                              |                1 |              1 |         1.00 |
|  s00_axi_aclk_IBUF_BUFG |                                                                                             |                                                                                              |                2 |              2 |         1.00 |
|  s00_axi_aclk_IBUF_BUFG | myip_write_SCCB_slave_lite_v1_0_S00_AXI_inst/axi_awaddr[3]_i_1_n_0                          |                                                                                              |                1 |              2 |         2.00 |
|  s00_axi_aclk_IBUF_BUFG | myip_write_SCCB_slave_lite_v1_0_S00_AXI_inst/axi_araddr[3]_i_1_n_0                          |                                                                                              |                2 |              2 |         1.00 |
|  s00_axi_aclk_IBUF_BUFG | myip_write_SCCB_slave_lite_v1_0_S00_AXI_inst/write_SCCB_inst/data_count[31]_i_2_n_0         | myip_write_SCCB_slave_lite_v1_0_S00_AXI_inst/write_SCCB_inst/data_count[4]_i_1_n_0           |                1 |              3 |         3.00 |
|  s00_axi_aclk_IBUF_BUFG | myip_write_SCCB_slave_lite_v1_0_S00_AXI_inst/slv_reg0[15]_i_1_n_0                           | myip_write_SCCB_slave_lite_v1_0_S00_AXI_inst/FSM_onehot_state_write[2]_i_1_n_0               |                4 |              8 |         2.00 |
|  s00_axi_aclk_IBUF_BUFG | myip_write_SCCB_slave_lite_v1_0_S00_AXI_inst/slv_reg0[7]_i_1_n_0                            | myip_write_SCCB_slave_lite_v1_0_S00_AXI_inst/FSM_onehot_state_write[2]_i_1_n_0               |                3 |              8 |         2.67 |
|  s00_axi_aclk_IBUF_BUFG | myip_write_SCCB_slave_lite_v1_0_S00_AXI_inst/slv_reg0[31]_i_1_n_0                           | myip_write_SCCB_slave_lite_v1_0_S00_AXI_inst/FSM_onehot_state_write[2]_i_1_n_0               |                4 |              8 |         2.00 |
|  s00_axi_aclk_IBUF_BUFG | myip_write_SCCB_slave_lite_v1_0_S00_AXI_inst/slv_reg1[7]_i_1_n_0                            | myip_write_SCCB_slave_lite_v1_0_S00_AXI_inst/FSM_onehot_state_write[2]_i_1_n_0               |                2 |              8 |         4.00 |
|  s00_axi_aclk_IBUF_BUFG | myip_write_SCCB_slave_lite_v1_0_S00_AXI_inst/slv_reg0[23]_i_1_n_0                           | myip_write_SCCB_slave_lite_v1_0_S00_AXI_inst/FSM_onehot_state_write[2]_i_1_n_0               |                5 |              8 |         1.60 |
|  s00_axi_aclk_IBUF_BUFG | myip_write_SCCB_slave_lite_v1_0_S00_AXI_inst/slv_reg1[31]_i_1_n_0                           | myip_write_SCCB_slave_lite_v1_0_S00_AXI_inst/FSM_onehot_state_write[2]_i_1_n_0               |                4 |              8 |         2.00 |
|  s00_axi_aclk_IBUF_BUFG | myip_write_SCCB_slave_lite_v1_0_S00_AXI_inst/slv_reg1[15]_i_1_n_0                           | myip_write_SCCB_slave_lite_v1_0_S00_AXI_inst/FSM_onehot_state_write[2]_i_1_n_0               |                3 |              8 |         2.67 |
|  s00_axi_aclk_IBUF_BUFG | myip_write_SCCB_slave_lite_v1_0_S00_AXI_inst/slv_reg1[23]_i_1_n_0                           | myip_write_SCCB_slave_lite_v1_0_S00_AXI_inst/FSM_onehot_state_write[2]_i_1_n_0               |                5 |              8 |         1.60 |
|  s00_axi_aclk_IBUF_BUFG | myip_write_SCCB_slave_lite_v1_0_S00_AXI_inst/p_1_in[7]                                      | myip_write_SCCB_slave_lite_v1_0_S00_AXI_inst/FSM_onehot_state_write[2]_i_1_n_0               |                3 |              8 |         2.67 |
|  s00_axi_aclk_IBUF_BUFG | myip_write_SCCB_slave_lite_v1_0_S00_AXI_inst/p_1_in[23]                                     | myip_write_SCCB_slave_lite_v1_0_S00_AXI_inst/FSM_onehot_state_write[2]_i_1_n_0               |                5 |              8 |         1.60 |
|  s00_axi_aclk_IBUF_BUFG | myip_write_SCCB_slave_lite_v1_0_S00_AXI_inst/p_1_in[31]                                     | myip_write_SCCB_slave_lite_v1_0_S00_AXI_inst/FSM_onehot_state_write[2]_i_1_n_0               |                4 |              8 |         2.00 |
|  s00_axi_aclk_IBUF_BUFG | myip_write_SCCB_slave_lite_v1_0_S00_AXI_inst/p_1_in[15]                                     | myip_write_SCCB_slave_lite_v1_0_S00_AXI_inst/FSM_onehot_state_write[2]_i_1_n_0               |                6 |              8 |         1.33 |
|  s00_axi_aclk_IBUF_BUFG |                                                                                             | myip_write_SCCB_slave_lite_v1_0_S00_AXI_inst/FSM_onehot_state_write[2]_i_1_n_0               |                3 |              9 |         3.00 |
|  s00_axi_aclk_IBUF_BUFG |                                                                                             | myip_write_SCCB_slave_lite_v1_0_S00_AXI_inst/write_SCCB_inst/FSM_sequential_state[2]_i_1_n_0 |                4 |             12 |         3.00 |
|  s00_axi_aclk_IBUF_BUFG | myip_write_SCCB_slave_lite_v1_0_S00_AXI_inst/write_SCCB_inst/data_to_SCCB_saved[17]_i_1_n_0 |                                                                                              |                4 |             16 |         4.00 |
|  s00_axi_aclk_IBUF_BUFG | myip_write_SCCB_slave_lite_v1_0_S00_AXI_inst/write_SCCB_inst/data_count[31]_i_2_n_0         | myip_write_SCCB_slave_lite_v1_0_S00_AXI_inst/write_SCCB_inst/data_count[31]_i_1_n_0          |                8 |             29 |         3.62 |
+-------------------------+---------------------------------------------------------------------------------------------+----------------------------------------------------------------------------------------------+------------------+----------------+--------------+


