Copyright 1986-2022 Xilinx, Inc. All Rights Reserved. Copyright 2022-2024 Advanced Micro Devices, Inc. All Rights Reserved.
------------------------------------------------------------------------------------------------------------------------------------------------------------------------------------------------------------------------------------------
| Tool Version : Vivado v.2024.2 (win64) Build 5239630 Fri Nov 08 22:35:27 MST 2024
| Date         : Sat May  9 23:54:04 2026
| Host         : C27-5CG3121FGH running 64-bit major release  (build 9200)
| Command      : report_timing_summary -max_paths 10 -report_unconstrained -file myip_write_SCCB_timing_summary_routed.rpt -pb myip_write_SCCB_timing_summary_routed.pb -rpx myip_write_SCCB_timing_summary_routed.rpx -warn_on_violation
| Design       : myip_write_SCCB
| Device       : 7a200t-sbg484
| Speed File   : -1  PRODUCTION 1.23 2018-06-13
| Design State : Routed
------------------------------------------------------------------------------------------------------------------------------------------------------------------------------------------------------------------------------------------

Timing Summary Report

------------------------------------------------------------------------------------------------
| Timer Settings
| --------------
------------------------------------------------------------------------------------------------

  Enable Multi Corner Analysis               :  Yes
  Enable Pessimism Removal                   :  Yes
  Pessimism Removal Resolution               :  Nearest Common Node
  Enable Input Delay Default Clock           :  No
  Enable Preset / Clear Arcs                 :  No
  Disable Flight Delays                      :  No
  Ignore I/O Paths                           :  No
  Timing Early Launch at Borrowing Latches   :  No
  Borrow Time for Max Delay Exceptions       :  Yes
  Merge Timing Exceptions                    :  Yes
  Inter-SLR Compensation                     :  Conservative

  Corner  Analyze    Analyze    
  Name    Max Paths  Min Paths  
  ------  ---------  ---------  
  Slow    Yes        Yes        
  Fast    Yes        Yes        


------------------------------------------------------------------------------------------------
| Report Methodology
| ------------------
------------------------------------------------------------------------------------------------

Rule       Severity          Description                  Violations  
---------  ----------------  ---------------------------  ----------  
TIMING-17  Critical Warning  Non-clocked sequential cell  174         

Note: This report is based on the most recent report_methodology run and may not be up-to-date. Run report_methodology on the current design for the latest report.



check_timing report

Table of Contents
-----------------
1. checking no_clock (174)
2. checking constant_clock (0)
3. checking pulse_width_clock (0)
4. checking unconstrained_internal_endpoints (474)
5. checking no_input_delay (47)
6. checking no_output_delay (39)
7. checking multiple_clock (0)
8. checking generated_clocks (0)
9. checking loops (0)
10. checking partial_input_delay (0)
11. checking partial_output_delay (0)
12. checking latch_loops (0)

1. checking no_clock (174)
--------------------------
 There are 174 register/latch pins with no clock driven by root clock pin: s00_axi_aclk (HIGH)


2. checking constant_clock (0)
------------------------------
 There are 0 register/latch pins with constant_clock.


3. checking pulse_width_clock (0)
---------------------------------
 There are 0 register/latch pins which need pulse_width check


4. checking unconstrained_internal_endpoints (474)
--------------------------------------------------
 There are 474 pins that are not constrained for maximum delay. (HIGH)

 There are 0 pins that are not constrained for maximum delay due to constant clock.


5. checking no_input_delay (47)
-------------------------------
 There are 47 input ports with no input delay specified. (HIGH)

 There are 0 input ports with no input delay but user has a false path constraint.


6. checking no_output_delay (39)
--------------------------------
 There are 39 ports with no output delay specified. (HIGH)

 There are 0 ports with no output delay but user has a false path constraint

 There are 0 ports with no output delay but with a timing clock defined on it or propagating through it


7. checking multiple_clock (0)
------------------------------
 There are 0 register/latch pins with multiple clocks.


8. checking generated_clocks (0)
--------------------------------
 There are 0 generated clocks that are not connected to a clock source.


9. checking loops (0)
---------------------
 There are 0 combinational loops in the design.


10. checking partial_input_delay (0)
------------------------------------
 There are 0 input ports with partial input delay specified.


11. checking partial_output_delay (0)
-------------------------------------
 There are 0 ports with partial output delay specified.


12. checking latch_loops (0)
----------------------------
 There are 0 combinational latch loops in the design through latch input



------------------------------------------------------------------------------------------------
| Design Timing Summary
| ---------------------
------------------------------------------------------------------------------------------------

    WNS(ns)      TNS(ns)  TNS Failing Endpoints  TNS Total Endpoints      WHS(ns)      THS(ns)  THS Failing Endpoints  THS Total Endpoints     WPWS(ns)     TPWS(ns)  TPWS Failing Endpoints  TPWS Total Endpoints  
    -------      -------  ---------------------  -------------------      -------      -------  ---------------------  -------------------     --------     --------  ----------------------  --------------------  
        inf        0.000                      0                  513          inf        0.000                      0                  513           NA           NA                      NA                    NA  


There are no user specified timing constraints.


------------------------------------------------------------------------------------------------
| Clock Summary
| -------------
------------------------------------------------------------------------------------------------


------------------------------------------------------------------------------------------------
| Intra Clock Table
| -----------------
------------------------------------------------------------------------------------------------

Clock             WNS(ns)      TNS(ns)  TNS Failing Endpoints  TNS Total Endpoints      WHS(ns)      THS(ns)  THS Failing Endpoints  THS Total Endpoints     WPWS(ns)     TPWS(ns)  TPWS Failing Endpoints  TPWS Total Endpoints  
-----             -------      -------  ---------------------  -------------------      -------      -------  ---------------------  -------------------     --------     --------  ----------------------  --------------------  


------------------------------------------------------------------------------------------------
| Inter Clock Table
| -----------------
------------------------------------------------------------------------------------------------

From Clock    To Clock          WNS(ns)      TNS(ns)  TNS Failing Endpoints  TNS Total Endpoints      WHS(ns)      THS(ns)  THS Failing Endpoints  THS Total Endpoints  
----------    --------          -------      -------  ---------------------  -------------------      -------      -------  ---------------------  -------------------  


------------------------------------------------------------------------------------------------
| Other Path Groups Table
| -----------------------
------------------------------------------------------------------------------------------------

Path Group    From Clock    To Clock          WNS(ns)      TNS(ns)  TNS Failing Endpoints  TNS Total Endpoints      WHS(ns)      THS(ns)  THS Failing Endpoints  THS Total Endpoints  
----------    ----------    --------          -------      -------  ---------------------  -------------------      -------      -------  ---------------------  -------------------  


------------------------------------------------------------------------------------------------
| User Ignored Path Table
| -----------------------
------------------------------------------------------------------------------------------------

Path Group    From Clock    To Clock    
----------    ----------    --------    


------------------------------------------------------------------------------------------------
| Unconstrained Path Table
| ------------------------
------------------------------------------------------------------------------------------------

Path Group    From Clock    To Clock    
----------    ----------    --------    
(none)                                    


------------------------------------------------------------------------------------------------
| Timing Details
| --------------
------------------------------------------------------------------------------------------------


--------------------------------------------------------------------------------------
Path Group:  (none)
From Clock:  
  To Clock:  

Max Delay           513 Endpoints
Min Delay           513 Endpoints
--------------------------------------------------------------------------------------


Max Delay Paths
--------------------------------------------------------------------------------------
Slack:                    inf
  Source:                 myip_write_SCCB_slave_lite_v1_0_S00_AXI_inst/axi_araddr_reg[3]/C
                            (rising edge-triggered cell FDRE)
  Destination:            s00_axi_rdata[5]
                            (output port)
  Path Group:             (none)
  Path Type:              Max at Slow Process Corner
  Data Path Delay:        16.213ns  (logic 3.231ns (19.929%)  route 12.982ns (80.071%))
  Logic Levels:           3  (FDRE=1 LUT5=1 OBUF=1)

    Location             Delay type                Incr(ns)  Path(ns)    Netlist Resource(s)
  -------------------------------------------------------------------    -------------------
    SLICE_X0Y133         FDRE                         0.000     0.000 r  myip_write_SCCB_slave_lite_v1_0_S00_AXI_inst/axi_araddr_reg[3]/C
    SLICE_X0Y133         FDRE (Prop_fdre_C_Q)         0.456     0.456 r  myip_write_SCCB_slave_lite_v1_0_S00_AXI_inst/axi_araddr_reg[3]/Q
                         net (fo=32, routed)          4.153     4.609    myip_write_SCCB_slave_lite_v1_0_S00_AXI_inst/axi_araddr[3]
    SLICE_X2Y102         LUT5 (Prop_lut5_I3_O)        0.124     4.733 r  myip_write_SCCB_slave_lite_v1_0_S00_AXI_inst/s00_axi_rdata_OBUF[5]_inst_i_1/O
                         net (fo=1, routed)           8.829    13.562    s00_axi_rdata_OBUF[5]
    AB8                  OBUF (Prop_obuf_I_O)         2.651    16.213 r  s00_axi_rdata_OBUF[5]_inst/O
                         net (fo=0)                   0.000    16.213    s00_axi_rdata[5]
    AB8                                                               r  s00_axi_rdata[5] (OUT)
  -------------------------------------------------------------------    -------------------

Slack:                    inf
  Source:                 myip_write_SCCB_slave_lite_v1_0_S00_AXI_inst/axi_araddr_reg[3]/C
                            (rising edge-triggered cell FDRE)
  Destination:            s00_axi_rdata[0]
                            (output port)
  Path Group:             (none)
  Path Type:              Max at Slow Process Corner
  Data Path Delay:        16.141ns  (logic 3.194ns (19.788%)  route 12.947ns (80.212%))
  Logic Levels:           3  (FDRE=1 LUT6=1 OBUF=1)

    Location             Delay type                Incr(ns)  Path(ns)    Netlist Resource(s)
  -------------------------------------------------------------------    -------------------
    SLICE_X0Y133         FDRE                         0.000     0.000 r  myip_write_SCCB_slave_lite_v1_0_S00_AXI_inst/axi_araddr_reg[3]/C
    SLICE_X0Y133         FDRE (Prop_fdre_C_Q)         0.456     0.456 r  myip_write_SCCB_slave_lite_v1_0_S00_AXI_inst/axi_araddr_reg[3]/Q
                         net (fo=32, routed)          4.127     4.583    myip_write_SCCB_slave_lite_v1_0_S00_AXI_inst/write_SCCB_inst/Q[1]
    SLICE_X1Y104         LUT6 (Prop_lut6_I4_O)        0.124     4.707 r  myip_write_SCCB_slave_lite_v1_0_S00_AXI_inst/write_SCCB_inst/s00_axi_rdata_OBUF[0]_inst_i_1/O
                         net (fo=1, routed)           8.820    13.527    s00_axi_rdata_OBUF[0]
    U7                   OBUF (Prop_obuf_I_O)         2.614    16.141 r  s00_axi_rdata_OBUF[0]_inst/O
                         net (fo=0)                   0.000    16.141    s00_axi_rdata[0]
    U7                                                                r  s00_axi_rdata[0] (OUT)
  -------------------------------------------------------------------    -------------------

Slack:                    inf
  Source:                 myip_write_SCCB_slave_lite_v1_0_S00_AXI_inst/axi_araddr_reg[3]/C
                            (rising edge-triggered cell FDRE)
  Destination:            s00_axi_rdata[1]
                            (output port)
  Path Group:             (none)
  Path Type:              Max at Slow Process Corner
  Data Path Delay:        15.818ns  (logic 3.226ns (20.396%)  route 12.592ns (79.604%))
  Logic Levels:           3  (FDRE=1 LUT5=1 OBUF=1)

    Location             Delay type                Incr(ns)  Path(ns)    Netlist Resource(s)
  -------------------------------------------------------------------    -------------------
    SLICE_X0Y133         FDRE                         0.000     0.000 r  myip_write_SCCB_slave_lite_v1_0_S00_AXI_inst/axi_araddr_reg[3]/C
    SLICE_X0Y133         FDRE (Prop_fdre_C_Q)         0.456     0.456 r  myip_write_SCCB_slave_lite_v1_0_S00_AXI_inst/axi_araddr_reg[3]/Q
                         net (fo=32, routed)          3.848     4.304    myip_write_SCCB_slave_lite_v1_0_S00_AXI_inst/axi_araddr[3]
    SLICE_X0Y102         LUT5 (Prop_lut5_I3_O)        0.124     4.428 r  myip_write_SCCB_slave_lite_v1_0_S00_AXI_inst/s00_axi_rdata_OBUF[1]_inst_i_1/O
                         net (fo=1, routed)           8.744    13.172    s00_axi_rdata_OBUF[1]
    Y9                   OBUF (Prop_obuf_I_O)         2.646    15.818 r  s00_axi_rdata_OBUF[1]_inst/O
                         net (fo=0)                   0.000    15.818    s00_axi_rdata[1]
    Y9                                                                r  s00_axi_rdata[1] (OUT)
  -------------------------------------------------------------------    -------------------

Slack:                    inf
  Source:                 myip_write_SCCB_slave_lite_v1_0_S00_AXI_inst/axi_araddr_reg[3]/C
                            (rising edge-triggered cell FDRE)
  Destination:            s00_axi_rdata[7]
                            (output port)
  Path Group:             (none)
  Path Type:              Max at Slow Process Corner
  Data Path Delay:        15.636ns  (logic 3.245ns (20.755%)  route 12.391ns (79.245%))
  Logic Levels:           3  (FDRE=1 LUT5=1 OBUF=1)

    Location             Delay type                Incr(ns)  Path(ns)    Netlist Resource(s)
  -------------------------------------------------------------------    -------------------
    SLICE_X0Y133         FDRE                         0.000     0.000 r  myip_write_SCCB_slave_lite_v1_0_S00_AXI_inst/axi_araddr_reg[3]/C
    SLICE_X0Y133         FDRE (Prop_fdre_C_Q)         0.456     0.456 r  myip_write_SCCB_slave_lite_v1_0_S00_AXI_inst/axi_araddr_reg[3]/Q
                         net (fo=32, routed)          3.520     3.976    myip_write_SCCB_slave_lite_v1_0_S00_AXI_inst/axi_araddr[3]
    SLICE_X1Y106         LUT5 (Prop_lut5_I3_O)        0.124     4.100 r  myip_write_SCCB_slave_lite_v1_0_S00_AXI_inst/s00_axi_rdata_OBUF[7]_inst_i_1/O
                         net (fo=1, routed)           8.871    12.971    s00_axi_rdata_OBUF[7]
    V8                   OBUF (Prop_obuf_I_O)         2.665    15.636 r  s00_axi_rdata_OBUF[7]_inst/O
                         net (fo=0)                   0.000    15.636    s00_axi_rdata[7]
    V8                                                                r  s00_axi_rdata[7] (OUT)
  -------------------------------------------------------------------    -------------------

Slack:                    inf
  Source:                 myip_write_SCCB_slave_lite_v1_0_S00_AXI_inst/axi_araddr_reg[3]/C
                            (rising edge-triggered cell FDRE)
  Destination:            s00_axi_rdata[6]
                            (output port)
  Path Group:             (none)
  Path Type:              Max at Slow Process Corner
  Data Path Delay:        15.607ns  (logic 3.228ns (20.683%)  route 12.379ns (79.317%))
  Logic Levels:           3  (FDRE=1 LUT5=1 OBUF=1)

    Location             Delay type                Incr(ns)  Path(ns)    Netlist Resource(s)
  -------------------------------------------------------------------    -------------------
    SLICE_X0Y133         FDRE                         0.000     0.000 r  myip_write_SCCB_slave_lite_v1_0_S00_AXI_inst/axi_araddr_reg[3]/C
    SLICE_X0Y133         FDRE (Prop_fdre_C_Q)         0.456     0.456 r  myip_write_SCCB_slave_lite_v1_0_S00_AXI_inst/axi_araddr_reg[3]/Q
                         net (fo=32, routed)          3.508     3.964    myip_write_SCCB_slave_lite_v1_0_S00_AXI_inst/axi_araddr[3]
    SLICE_X1Y105         LUT5 (Prop_lut5_I3_O)        0.124     4.088 r  myip_write_SCCB_slave_lite_v1_0_S00_AXI_inst/s00_axi_rdata_OBUF[6]_inst_i_1/O
                         net (fo=1, routed)           8.871    12.959    s00_axi_rdata_OBUF[6]
    AA8                  OBUF (Prop_obuf_I_O)         2.648    15.607 r  s00_axi_rdata_OBUF[6]_inst/O
                         net (fo=0)                   0.000    15.607    s00_axi_rdata[6]
    AA8                                                               r  s00_axi_rdata[6] (OUT)
  -------------------------------------------------------------------    -------------------

Slack:                    inf
  Source:                 myip_write_SCCB_slave_lite_v1_0_S00_AXI_inst/axi_araddr_reg[3]/C
                            (rising edge-triggered cell FDRE)
  Destination:            s00_axi_rdata[10]
                            (output port)
  Path Group:             (none)
  Path Type:              Max at Slow Process Corner
  Data Path Delay:        15.556ns  (logic 3.237ns (20.807%)  route 12.320ns (79.193%))
  Logic Levels:           3  (FDRE=1 LUT5=1 OBUF=1)

    Location             Delay type                Incr(ns)  Path(ns)    Netlist Resource(s)
  -------------------------------------------------------------------    -------------------
    SLICE_X0Y133         FDRE                         0.000     0.000 r  myip_write_SCCB_slave_lite_v1_0_S00_AXI_inst/axi_araddr_reg[3]/C
    SLICE_X0Y133         FDRE (Prop_fdre_C_Q)         0.456     0.456 r  myip_write_SCCB_slave_lite_v1_0_S00_AXI_inst/axi_araddr_reg[3]/Q
                         net (fo=32, routed)          3.449     3.905    myip_write_SCCB_slave_lite_v1_0_S00_AXI_inst/axi_araddr[3]
    SLICE_X0Y109         LUT5 (Prop_lut5_I3_O)        0.124     4.029 r  myip_write_SCCB_slave_lite_v1_0_S00_AXI_inst/s00_axi_rdata_OBUF[10]_inst_i_1/O
                         net (fo=1, routed)           8.871    12.900    s00_axi_rdata_OBUF[10]
    AB7                  OBUF (Prop_obuf_I_O)         2.657    15.556 r  s00_axi_rdata_OBUF[10]_inst/O
                         net (fo=0)                   0.000    15.556    s00_axi_rdata[10]
    AB7                                                               r  s00_axi_rdata[10] (OUT)
  -------------------------------------------------------------------    -------------------

Slack:                    inf
  Source:                 myip_write_SCCB_slave_lite_v1_0_S00_AXI_inst/axi_araddr_reg[3]/C
                            (rising edge-triggered cell FDRE)
  Destination:            s00_axi_rdata[11]
                            (output port)
  Path Group:             (none)
  Path Type:              Max at Slow Process Corner
  Data Path Delay:        15.135ns  (logic 3.232ns (21.353%)  route 11.903ns (78.647%))
  Logic Levels:           3  (FDRE=1 LUT5=1 OBUF=1)

    Location             Delay type                Incr(ns)  Path(ns)    Netlist Resource(s)
  -------------------------------------------------------------------    -------------------
    SLICE_X0Y133         FDRE                         0.000     0.000 r  myip_write_SCCB_slave_lite_v1_0_S00_AXI_inst/axi_araddr_reg[3]/C
    SLICE_X0Y133         FDRE (Prop_fdre_C_Q)         0.456     0.456 r  myip_write_SCCB_slave_lite_v1_0_S00_AXI_inst/axi_araddr_reg[3]/Q
                         net (fo=32, routed)          3.021     3.477    myip_write_SCCB_slave_lite_v1_0_S00_AXI_inst/axi_araddr[3]
    SLICE_X0Y112         LUT5 (Prop_lut5_I3_O)        0.124     3.601 r  myip_write_SCCB_slave_lite_v1_0_S00_AXI_inst/s00_axi_rdata_OBUF[11]_inst_i_1/O
                         net (fo=1, routed)           8.883    12.483    s00_axi_rdata_OBUF[11]
    W7                   OBUF (Prop_obuf_I_O)         2.652    15.135 r  s00_axi_rdata_OBUF[11]_inst/O
                         net (fo=0)                   0.000    15.135    s00_axi_rdata[11]
    W7                                                                r  s00_axi_rdata[11] (OUT)
  -------------------------------------------------------------------    -------------------

Slack:                    inf
  Source:                 myip_write_SCCB_slave_lite_v1_0_S00_AXI_inst/axi_araddr_reg[3]/C
                            (rising edge-triggered cell FDRE)
  Destination:            s00_axi_rdata[12]
                            (output port)
  Path Group:             (none)
  Path Type:              Max at Slow Process Corner
  Data Path Delay:        15.123ns  (logic 3.242ns (21.439%)  route 11.881ns (78.561%))
  Logic Levels:           3  (FDRE=1 LUT5=1 OBUF=1)

    Location             Delay type                Incr(ns)  Path(ns)    Netlist Resource(s)
  -------------------------------------------------------------------    -------------------
    SLICE_X0Y133         FDRE                         0.000     0.000 r  myip_write_SCCB_slave_lite_v1_0_S00_AXI_inst/axi_araddr_reg[3]/C
    SLICE_X0Y133         FDRE (Prop_fdre_C_Q)         0.456     0.456 r  myip_write_SCCB_slave_lite_v1_0_S00_AXI_inst/axi_araddr_reg[3]/Q
                         net (fo=32, routed)          3.013     3.469    myip_write_SCCB_slave_lite_v1_0_S00_AXI_inst/axi_araddr[3]
    SLICE_X0Y112         LUT5 (Prop_lut5_I3_O)        0.124     3.593 r  myip_write_SCCB_slave_lite_v1_0_S00_AXI_inst/s00_axi_rdata_OBUF[12]_inst_i_1/O
                         net (fo=1, routed)           8.867    12.461    s00_axi_rdata_OBUF[12]
    V7                   OBUF (Prop_obuf_I_O)         2.662    15.123 r  s00_axi_rdata_OBUF[12]_inst/O
                         net (fo=0)                   0.000    15.123    s00_axi_rdata[12]
    V7                                                                r  s00_axi_rdata[12] (OUT)
  -------------------------------------------------------------------    -------------------

Slack:                    inf
  Source:                 myip_write_SCCB_slave_lite_v1_0_S00_AXI_inst/axi_araddr_reg[3]/C
                            (rising edge-triggered cell FDRE)
  Destination:            s00_axi_rdata[8]
                            (output port)
  Path Group:             (none)
  Path Type:              Max at Slow Process Corner
  Data Path Delay:        15.063ns  (logic 3.246ns (21.552%)  route 11.817ns (78.448%))
  Logic Levels:           3  (FDRE=1 LUT5=1 OBUF=1)

    Location             Delay type                Incr(ns)  Path(ns)    Netlist Resource(s)
  -------------------------------------------------------------------    -------------------
    SLICE_X0Y133         FDRE                         0.000     0.000 r  myip_write_SCCB_slave_lite_v1_0_S00_AXI_inst/axi_araddr_reg[3]/C
    SLICE_X0Y133         FDRE (Prop_fdre_C_Q)         0.456     0.456 r  myip_write_SCCB_slave_lite_v1_0_S00_AXI_inst/axi_araddr_reg[3]/Q
                         net (fo=32, routed)          3.072     3.528    myip_write_SCCB_slave_lite_v1_0_S00_AXI_inst/axi_araddr[3]
    SLICE_X0Y109         LUT5 (Prop_lut5_I3_O)        0.124     3.652 r  myip_write_SCCB_slave_lite_v1_0_S00_AXI_inst/s00_axi_rdata_OBUF[8]_inst_i_1/O
                         net (fo=1, routed)           8.744    12.397    s00_axi_rdata_OBUF[8]
    V9                   OBUF (Prop_obuf_I_O)         2.666    15.063 r  s00_axi_rdata_OBUF[8]_inst/O
                         net (fo=0)                   0.000    15.063    s00_axi_rdata[8]
    V9                                                                r  s00_axi_rdata[8] (OUT)
  -------------------------------------------------------------------    -------------------

Slack:                    inf
  Source:                 myip_write_SCCB_slave_lite_v1_0_S00_AXI_inst/axi_araddr_reg[3]/C
                            (rising edge-triggered cell FDRE)
  Destination:            s00_axi_rdata[14]
                            (output port)
  Path Group:             (none)
  Path Type:              Max at Slow Process Corner
  Data Path Delay:        14.885ns  (logic 3.221ns (21.640%)  route 11.664ns (78.360%))
  Logic Levels:           3  (FDRE=1 LUT5=1 OBUF=1)

    Location             Delay type                Incr(ns)  Path(ns)    Netlist Resource(s)
  -------------------------------------------------------------------    -------------------
    SLICE_X0Y133         FDRE                         0.000     0.000 r  myip_write_SCCB_slave_lite_v1_0_S00_AXI_inst/axi_araddr_reg[3]/C
    SLICE_X0Y133         FDRE (Prop_fdre_C_Q)         0.456     0.456 r  myip_write_SCCB_slave_lite_v1_0_S00_AXI_inst/axi_araddr_reg[3]/Q
                         net (fo=32, routed)          2.772     3.228    myip_write_SCCB_slave_lite_v1_0_S00_AXI_inst/axi_araddr[3]
    SLICE_X1Y113         LUT5 (Prop_lut5_I3_O)        0.124     3.352 r  myip_write_SCCB_slave_lite_v1_0_S00_AXI_inst/s00_axi_rdata_OBUF[14]_inst_i_1/O
                         net (fo=1, routed)           8.892    12.244    s00_axi_rdata_OBUF[14]
    Y6                   OBUF (Prop_obuf_I_O)         2.641    14.885 r  s00_axi_rdata_OBUF[14]_inst/O
                         net (fo=0)                   0.000    14.885    s00_axi_rdata[14]
    Y6                                                                r  s00_axi_rdata[14] (OUT)
  -------------------------------------------------------------------    -------------------





Min Delay Paths
--------------------------------------------------------------------------------------
Slack:                    inf
  Source:                 myip_write_SCCB_slave_lite_v1_0_S00_AXI_inst/slv_reg1_reg[6]/C
                            (rising edge-triggered cell FDRE)
  Destination:            myip_write_SCCB_slave_lite_v1_0_S00_AXI_inst/write_SCCB_inst/data_to_SCCB_saved_reg[7]/D
  Path Group:             (none)
  Path Type:              Min at Fast Process Corner
  Data Path Delay:        0.248ns  (logic 0.128ns (51.613%)  route 0.120ns (48.387%))
  Logic Levels:           1  (FDRE=1)

    Location             Delay type                Incr(ns)  Path(ns)    Netlist Resource(s)
  -------------------------------------------------------------------    -------------------
    SLICE_X0Y103         FDRE                         0.000     0.000 r  myip_write_SCCB_slave_lite_v1_0_S00_AXI_inst/slv_reg1_reg[6]/C
    SLICE_X0Y103         FDRE (Prop_fdre_C_Q)         0.128     0.128 r  myip_write_SCCB_slave_lite_v1_0_S00_AXI_inst/slv_reg1_reg[6]/Q
                         net (fo=2, routed)           0.120     0.248    myip_write_SCCB_slave_lite_v1_0_S00_AXI_inst/write_SCCB_inst/D[6]
    SLICE_X2Y102         FDRE                                         r  myip_write_SCCB_slave_lite_v1_0_S00_AXI_inst/write_SCCB_inst/data_to_SCCB_saved_reg[7]/D
  -------------------------------------------------------------------    -------------------

Slack:                    inf
  Source:                 myip_write_SCCB_slave_lite_v1_0_S00_AXI_inst/slv_reg2_reg[2]/C
                            (rising edge-triggered cell FDRE)
  Destination:            myip_write_SCCB_slave_lite_v1_0_S00_AXI_inst/write_SCCB_inst/data_to_SCCB_saved_reg[12]/D
  Path Group:             (none)
  Path Type:              Min at Fast Process Corner
  Data Path Delay:        0.255ns  (logic 0.141ns (55.264%)  route 0.114ns (44.736%))
  Logic Levels:           1  (FDRE=1)

    Location             Delay type                Incr(ns)  Path(ns)    Netlist Resource(s)
  -------------------------------------------------------------------    -------------------
    SLICE_X1Y102         FDRE                         0.000     0.000 r  myip_write_SCCB_slave_lite_v1_0_S00_AXI_inst/slv_reg2_reg[2]/C
    SLICE_X1Y102         FDRE (Prop_fdre_C_Q)         0.141     0.141 r  myip_write_SCCB_slave_lite_v1_0_S00_AXI_inst/slv_reg2_reg[2]/Q
                         net (fo=2, routed)           0.114     0.255    myip_write_SCCB_slave_lite_v1_0_S00_AXI_inst/write_SCCB_inst/D[10]
    SLICE_X3Y102         FDRE                                         r  myip_write_SCCB_slave_lite_v1_0_S00_AXI_inst/write_SCCB_inst/data_to_SCCB_saved_reg[12]/D
  -------------------------------------------------------------------    -------------------

Slack:                    inf
  Source:                 myip_write_SCCB_slave_lite_v1_0_S00_AXI_inst/slv_reg1_reg[4]/C
                            (rising edge-triggered cell FDRE)
  Destination:            myip_write_SCCB_slave_lite_v1_0_S00_AXI_inst/write_SCCB_inst/data_to_SCCB_saved_reg[5]/D
  Path Group:             (none)
  Path Type:              Min at Fast Process Corner
  Data Path Delay:        0.259ns  (logic 0.128ns (49.416%)  route 0.131ns (50.584%))
  Logic Levels:           1  (FDRE=1)

    Location             Delay type                Incr(ns)  Path(ns)    Netlist Resource(s)
  -------------------------------------------------------------------    -------------------
    SLICE_X0Y103         FDRE                         0.000     0.000 r  myip_write_SCCB_slave_lite_v1_0_S00_AXI_inst/slv_reg1_reg[4]/C
    SLICE_X0Y103         FDRE (Prop_fdre_C_Q)         0.128     0.128 r  myip_write_SCCB_slave_lite_v1_0_S00_AXI_inst/slv_reg1_reg[4]/Q
                         net (fo=2, routed)           0.131     0.259    myip_write_SCCB_slave_lite_v1_0_S00_AXI_inst/write_SCCB_inst/D[4]
    SLICE_X1Y103         FDRE                                         r  myip_write_SCCB_slave_lite_v1_0_S00_AXI_inst/write_SCCB_inst/data_to_SCCB_saved_reg[5]/D
  -------------------------------------------------------------------    -------------------

Slack:                    inf
  Source:                 myip_write_SCCB_slave_lite_v1_0_S00_AXI_inst/slv_reg1_reg[0]/C
                            (rising edge-triggered cell FDRE)
  Destination:            myip_write_SCCB_slave_lite_v1_0_S00_AXI_inst/write_SCCB_inst/data_to_SCCB_saved_reg[1]/D
  Path Group:             (none)
  Path Type:              Min at Fast Process Corner
  Data Path Delay:        0.260ns  (logic 0.141ns (54.309%)  route 0.119ns (45.691%))
  Logic Levels:           1  (FDRE=1)

    Location             Delay type                Incr(ns)  Path(ns)    Netlist Resource(s)
  -------------------------------------------------------------------    -------------------
    SLICE_X0Y103         FDRE                         0.000     0.000 r  myip_write_SCCB_slave_lite_v1_0_S00_AXI_inst/slv_reg1_reg[0]/C
    SLICE_X0Y103         FDRE (Prop_fdre_C_Q)         0.141     0.141 r  myip_write_SCCB_slave_lite_v1_0_S00_AXI_inst/slv_reg1_reg[0]/Q
                         net (fo=2, routed)           0.119     0.260    myip_write_SCCB_slave_lite_v1_0_S00_AXI_inst/write_SCCB_inst/D[0]
    SLICE_X1Y103         FDRE                                         r  myip_write_SCCB_slave_lite_v1_0_S00_AXI_inst/write_SCCB_inst/data_to_SCCB_saved_reg[1]/D
  -------------------------------------------------------------------    -------------------

Slack:                    inf
  Source:                 myip_write_SCCB_slave_lite_v1_0_S00_AXI_inst/slv_reg2_reg[7]/C
                            (rising edge-triggered cell FDRE)
  Destination:            myip_write_SCCB_slave_lite_v1_0_S00_AXI_inst/write_SCCB_inst/data_to_SCCB_saved_reg[17]/D
  Path Group:             (none)
  Path Type:              Min at Fast Process Corner
  Data Path Delay:        0.264ns  (logic 0.141ns (53.387%)  route 0.123ns (46.613%))
  Logic Levels:           1  (FDRE=1)

    Location             Delay type                Incr(ns)  Path(ns)    Netlist Resource(s)
  -------------------------------------------------------------------    -------------------
    SLICE_X1Y106         FDRE                         0.000     0.000 r  myip_write_SCCB_slave_lite_v1_0_S00_AXI_inst/slv_reg2_reg[7]/C
    SLICE_X1Y106         FDRE (Prop_fdre_C_Q)         0.141     0.141 r  myip_write_SCCB_slave_lite_v1_0_S00_AXI_inst/slv_reg2_reg[7]/Q
                         net (fo=2, routed)           0.123     0.264    myip_write_SCCB_slave_lite_v1_0_S00_AXI_inst/write_SCCB_inst/D[15]
    SLICE_X1Y105         FDRE                                         r  myip_write_SCCB_slave_lite_v1_0_S00_AXI_inst/write_SCCB_inst/data_to_SCCB_saved_reg[17]/D
  -------------------------------------------------------------------    -------------------

Slack:                    inf
  Source:                 myip_write_SCCB_slave_lite_v1_0_S00_AXI_inst/slv_reg1_reg[5]/C
                            (rising edge-triggered cell FDRE)
  Destination:            myip_write_SCCB_slave_lite_v1_0_S00_AXI_inst/write_SCCB_inst/data_to_SCCB_saved_reg[6]/D
  Path Group:             (none)
  Path Type:              Min at Fast Process Corner
  Data Path Delay:        0.268ns  (logic 0.128ns (47.765%)  route 0.140ns (52.235%))
  Logic Levels:           1  (FDRE=1)

    Location             Delay type                Incr(ns)  Path(ns)    Netlist Resource(s)
  -------------------------------------------------------------------    -------------------
    SLICE_X0Y103         FDRE                         0.000     0.000 r  myip_write_SCCB_slave_lite_v1_0_S00_AXI_inst/slv_reg1_reg[5]/C
    SLICE_X0Y103         FDRE (Prop_fdre_C_Q)         0.128     0.128 r  myip_write_SCCB_slave_lite_v1_0_S00_AXI_inst/slv_reg1_reg[5]/Q
                         net (fo=2, routed)           0.140     0.268    myip_write_SCCB_slave_lite_v1_0_S00_AXI_inst/write_SCCB_inst/D[5]
    SLICE_X1Y103         FDRE                                         r  myip_write_SCCB_slave_lite_v1_0_S00_AXI_inst/write_SCCB_inst/data_to_SCCB_saved_reg[6]/D
  -------------------------------------------------------------------    -------------------

Slack:                    inf
  Source:                 myip_write_SCCB_slave_lite_v1_0_S00_AXI_inst/slv_reg2_reg[5]/C
                            (rising edge-triggered cell FDRE)
  Destination:            myip_write_SCCB_slave_lite_v1_0_S00_AXI_inst/write_SCCB_inst/data_to_SCCB_saved_reg[15]/D
  Path Group:             (none)
  Path Type:              Min at Fast Process Corner
  Data Path Delay:        0.303ns  (logic 0.128ns (42.255%)  route 0.175ns (57.745%))
  Logic Levels:           1  (FDRE=1)

    Location             Delay type                Incr(ns)  Path(ns)    Netlist Resource(s)
  -------------------------------------------------------------------    -------------------
    SLICE_X1Y102         FDRE                         0.000     0.000 r  myip_write_SCCB_slave_lite_v1_0_S00_AXI_inst/slv_reg2_reg[5]/C
    SLICE_X1Y102         FDRE (Prop_fdre_C_Q)         0.128     0.128 r  myip_write_SCCB_slave_lite_v1_0_S00_AXI_inst/slv_reg2_reg[5]/Q
                         net (fo=2, routed)           0.175     0.303    myip_write_SCCB_slave_lite_v1_0_S00_AXI_inst/write_SCCB_inst/D[13]
    SLICE_X2Y102         FDRE                                         r  myip_write_SCCB_slave_lite_v1_0_S00_AXI_inst/write_SCCB_inst/data_to_SCCB_saved_reg[15]/D
  -------------------------------------------------------------------    -------------------

Slack:                    inf
  Source:                 myip_write_SCCB_slave_lite_v1_0_S00_AXI_inst/slv_reg2_reg[0]/C
                            (rising edge-triggered cell FDRE)
  Destination:            myip_write_SCCB_slave_lite_v1_0_S00_AXI_inst/write_SCCB_inst/data_to_SCCB_saved_reg[10]/D
  Path Group:             (none)
  Path Type:              Min at Fast Process Corner
  Data Path Delay:        0.304ns  (logic 0.141ns (46.349%)  route 0.163ns (53.651%))
  Logic Levels:           1  (FDRE=1)

    Location             Delay type                Incr(ns)  Path(ns)    Netlist Resource(s)
  -------------------------------------------------------------------    -------------------
    SLICE_X1Y102         FDRE                         0.000     0.000 r  myip_write_SCCB_slave_lite_v1_0_S00_AXI_inst/slv_reg2_reg[0]/C
    SLICE_X1Y102         FDRE (Prop_fdre_C_Q)         0.141     0.141 r  myip_write_SCCB_slave_lite_v1_0_S00_AXI_inst/slv_reg2_reg[0]/Q
                         net (fo=2, routed)           0.163     0.304    myip_write_SCCB_slave_lite_v1_0_S00_AXI_inst/write_SCCB_inst/D[8]
    SLICE_X3Y102         FDRE                                         r  myip_write_SCCB_slave_lite_v1_0_S00_AXI_inst/write_SCCB_inst/data_to_SCCB_saved_reg[10]/D
  -------------------------------------------------------------------    -------------------

Slack:                    inf
  Source:                 myip_write_SCCB_slave_lite_v1_0_S00_AXI_inst/FSM_onehot_state_write_reg[0]/C
                            (rising edge-triggered cell FDSE)
  Destination:            myip_write_SCCB_slave_lite_v1_0_S00_AXI_inst/FSM_onehot_state_write_reg[1]/D
  Path Group:             (none)
  Path Type:              Min at Fast Process Corner
  Data Path Delay:        0.306ns  (logic 0.186ns (60.751%)  route 0.120ns (39.249%))
  Logic Levels:           2  (FDSE=1 LUT6=1)

    Location             Delay type                Incr(ns)  Path(ns)    Netlist Resource(s)
  -------------------------------------------------------------------    -------------------
    SLICE_X1Y139         FDSE                         0.000     0.000 r  myip_write_SCCB_slave_lite_v1_0_S00_AXI_inst/FSM_onehot_state_write_reg[0]/C
    SLICE_X1Y139         FDSE (Prop_fdse_C_Q)         0.141     0.141 r  myip_write_SCCB_slave_lite_v1_0_S00_AXI_inst/FSM_onehot_state_write_reg[0]/Q
                         net (fo=5, routed)           0.120     0.261    myip_write_SCCB_slave_lite_v1_0_S00_AXI_inst/axi_wready
    SLICE_X0Y139         LUT6 (Prop_lut6_I4_O)        0.045     0.306 r  myip_write_SCCB_slave_lite_v1_0_S00_AXI_inst/FSM_onehot_state_write[1]_i_1/O
                         net (fo=1, routed)           0.000     0.306    myip_write_SCCB_slave_lite_v1_0_S00_AXI_inst/FSM_onehot_state_write[1]_i_1_n_0
    SLICE_X0Y139         FDRE                                         r  myip_write_SCCB_slave_lite_v1_0_S00_AXI_inst/FSM_onehot_state_write_reg[1]/D
  -------------------------------------------------------------------    -------------------

Slack:                    inf
  Source:                 myip_write_SCCB_slave_lite_v1_0_S00_AXI_inst/slv_reg2_reg[3]/C
                            (rising edge-triggered cell FDRE)
  Destination:            myip_write_SCCB_slave_lite_v1_0_S00_AXI_inst/write_SCCB_inst/data_to_SCCB_saved_reg[13]/D
  Path Group:             (none)
  Path Type:              Min at Fast Process Corner
  Data Path Delay:        0.311ns  (logic 0.141ns (45.340%)  route 0.170ns (54.660%))
  Logic Levels:           1  (FDRE=1)

    Location             Delay type                Incr(ns)  Path(ns)    Netlist Resource(s)
  -------------------------------------------------------------------    -------------------
    SLICE_X1Y102         FDRE                         0.000     0.000 r  myip_write_SCCB_slave_lite_v1_0_S00_AXI_inst/slv_reg2_reg[3]/C
    SLICE_X1Y102         FDRE (Prop_fdre_C_Q)         0.141     0.141 r  myip_write_SCCB_slave_lite_v1_0_S00_AXI_inst/slv_reg2_reg[3]/Q
                         net (fo=2, routed)           0.170     0.311    myip_write_SCCB_slave_lite_v1_0_S00_AXI_inst/write_SCCB_inst/D[11]
    SLICE_X2Y102         FDRE                                         r  myip_write_SCCB_slave_lite_v1_0_S00_AXI_inst/write_SCCB_inst/data_to_SCCB_saved_reg[13]/D
  -------------------------------------------------------------------    -------------------





