
*** Running vivado
    with args -log myip_write_SCCB.vdi -applog -m64 -product Vivado -messageDb vivado.pb -mode batch -source myip_write_SCCB.tcl -notrace



****** Vivado v2024.2 (64-bit)
  **** SW Build 5239630 on Fri Nov 08 22:35:27 MST 2024
  **** IP Build 5239520 on Sun Nov 10 16:12:51 MST 2024
  **** SharedData Build 5239561 on Fri Nov 08 14:39:27 MST 2024
  **** Start of session at: Sat May  9 23:50:19 2026
    ** Copyright 1986-2022 Xilinx, Inc. All Rights Reserved.
    ** Copyright 2022-2024 Advanced Micro Devices, Inc. All Rights Reserved.

source myip_write_SCCB.tcl -notrace
WARNING: [Common 17-1361] You have specified a new message control rule that is equivalent to an existing rule with attributes ' -id {17-179}  -suppress '. The existing rule will be replaced.
INFO: [IP_Flow 19-234] Refreshing IP repositories
INFO: [IP_Flow 19-1700] Loaded user IP repository 'c:/Users/C27Bradford.Hurt/ece383_wksp/ip_repo/myip_write_SCCB_1_0'.
INFO: [IP_Flow 19-1700] Loaded user IP repository 'c:/Users/C27Bradford.Hurt/ece383_wksp/ip_repo/write_SCCB_1_0'.
INFO: [IP_Flow 19-1700] Loaded user IP repository 'c:/Users/C27Bradford.Hurt/ece383_wksp/ip_repo/my_oscope_1_0'.
INFO: [IP_Flow 19-1700] Loaded user IP repository 'c:/Users/C27Bradford.Hurt/ece383_wksp/ip_repo/My_Counter_IP_1_0'.
INFO: [IP_Flow 19-2313] Loaded Vivado IP repository 'C:/Xilinx/Vivado/2024.2/data/ip'.
WARNING: [IP_Flow 19-4995] The host OS only allows 260 characters in a normal path. The IP cache path is more than 80 characters. If you experience issues with IP caching, please consider changing the IP cache to a location with a shorter path. Alternately consider using the OS subst command to map part of the path to a drive letter. 
Current IP cache path is c:/users/c27bradford.hurt/ece383_wksp/final_project/final_project.tmp/myip_write_sccb_v1_0_project/myip_write_SCCB_v1_0_project.cache/ip 
Command: link_design -top myip_write_SCCB -part xc7a200tsbg484-1
Design is defaulting to srcset: sources_1
Design is defaulting to constrset: constrs_1
INFO: [Device 21-403] Loading part xc7a200tsbg484-1
Netlist sorting complete. Time (s): cpu = 00:00:00 ; elapsed = 00:00:00.012 . Memory (MB): peak = 550.484 ; gain = 0.000
INFO: [Netlist 29-17] Analyzing 11 Unisim elements for replacement
INFO: [Netlist 29-28] Unisim Transformation completed in 0 CPU seconds
INFO: [Project 1-479] Netlist was created with Vivado 2024.2
INFO: [Project 1-570] Preparing netlist for logic optimization
Read ShapeDB Complete: Time (s): cpu = 00:00:00 ; elapsed = 00:00:00.012 . Memory (MB): peak = 646.430 ; gain = 0.129
Netlist sorting complete. Time (s): cpu = 00:00:00 ; elapsed = 00:00:00 . Memory (MB): peak = 647.355 ; gain = 0.000
INFO: [Project 1-111] Unisim Transformation Summary:
No Unisim elements were transformed.

12 Infos, 2 Warnings, 0 Critical Warnings and 0 Errors encountered.
link_design completed successfully
link_design: Time (s): cpu = 00:00:04 ; elapsed = 00:00:15 . Memory (MB): peak = 676.203 ; gain = 380.551
Command: opt_design
Attempting to get a license for feature 'Implementation' and/or device 'xc7a200t'
INFO: [Common 17-349] Got license for feature 'Implementation' and/or device 'xc7a200t'
Running DRC as a precondition to command opt_design

Starting DRC Task
INFO: [DRC 23-27] Running DRC with 2 threads
INFO: [Project 1-461] DRC finished with 0 Errors
INFO: [Project 1-462] Please refer to the DRC report (report_drc) for more information.

Time (s): cpu = 00:00:01 ; elapsed = 00:00:02 . Memory (MB): peak = 709.840 ; gain = 33.637

Starting Cache Timing Information Task
INFO: [Timing 38-35] Done setting XDC timing constraints.
Ending Cache Timing Information Task | Checksum: 12ed69423

Time (s): cpu = 00:00:10 ; elapsed = 00:00:17 . Memory (MB): peak = 1292.961 ; gain = 583.121

Starting Logic Optimization Task

Phase 1 Initialization

Phase 1.1 Core Generation And Design Setup
Phase 1.1 Core Generation And Design Setup | Checksum: 12ed69423

Time (s): cpu = 00:00:00 ; elapsed = 00:00:00.055 . Memory (MB): peak = 1695.051 ; gain = 0.000

Phase 1.2 Setup Constraints And Sort Netlist
Phase 1.2 Setup Constraints And Sort Netlist | Checksum: 12ed69423

Time (s): cpu = 00:00:00 ; elapsed = 00:00:00.081 . Memory (MB): peak = 1695.051 ; gain = 0.000
Phase 1 Initialization | Checksum: 12ed69423

Time (s): cpu = 00:00:00 ; elapsed = 00:00:00.082 . Memory (MB): peak = 1695.051 ; gain = 0.000

Phase 2 Timer Update And Timing Data Collection

Phase 2.1 Timer Update
Phase 2.1 Timer Update | Checksum: 12ed69423

Time (s): cpu = 00:00:00 ; elapsed = 00:00:00.144 . Memory (MB): peak = 1695.051 ; gain = 0.000

Phase 2.2 Timing Data Collection
Phase 2.2 Timing Data Collection | Checksum: 12ed69423

Time (s): cpu = 00:00:00 ; elapsed = 00:00:00.187 . Memory (MB): peak = 1695.051 ; gain = 0.000
Phase 2 Timer Update And Timing Data Collection | Checksum: 12ed69423

Time (s): cpu = 00:00:00 ; elapsed = 00:00:00.188 . Memory (MB): peak = 1695.051 ; gain = 0.000

Phase 3 Retarget
INFO: [Opt 31-1851] Number of loadless carry chains removed were: 0
INFO: [Opt 31-1834] Total Chains To Be Transformed Were: 0 AND Number of Transformed insts Created are: 0
INFO: [Opt 31-138] Pushed 0 inverter(s) to 0 load pin(s).
INFO: [Opt 31-49] Retargeted 0 cell(s).
Phase 3 Retarget | Checksum: 12ed69423

Time (s): cpu = 00:00:00 ; elapsed = 00:00:00.332 . Memory (MB): peak = 1695.051 ; gain = 0.000
Retarget | Checksum: 12ed69423
INFO: [Opt 31-389] Phase Retarget created 0 cells and removed 0 cells

Phase 4 Constant propagation
INFO: [Opt 31-138] Pushed 0 inverter(s) to 0 load pin(s).
Phase 4 Constant propagation | Checksum: 12ed69423

Time (s): cpu = 00:00:00 ; elapsed = 00:00:00.341 . Memory (MB): peak = 1695.051 ; gain = 0.000
Constant propagation | Checksum: 12ed69423
INFO: [Opt 31-389] Phase Constant propagation created 0 cells and removed 0 cells

Phase 5 Sweep
INFO: [Constraints 18-11670] Building netlist checker database with flags, 0x8
Done building netlist checker database: Time (s): cpu = 00:00:00 ; elapsed = 00:00:00.001 . Memory (MB): peak = 1695.051 ; gain = 0.000
Phase 5 Sweep | Checksum: 10f2e66ce

Time (s): cpu = 00:00:00 ; elapsed = 00:00:00.379 . Memory (MB): peak = 1695.051 ; gain = 0.000
Sweep | Checksum: 10f2e66ce
INFO: [Opt 31-389] Phase Sweep created 0 cells and removed 0 cells

Phase 6 BUFG optimization
Phase 6 BUFG optimization | Checksum: 10f2e66ce

Time (s): cpu = 00:00:00 ; elapsed = 00:00:00.496 . Memory (MB): peak = 1695.051 ; gain = 0.000
BUFG optimization | Checksum: 10f2e66ce
INFO: [Opt 31-662] Phase BUFG optimization created 0 cells of which 0 are BUFGs and removed 0 cells.

Phase 7 Shift Register Optimization
INFO: [Opt 31-1064] SRL Remap converted 0 SRLs to 0 registers and converted 0 registers of register chains to 0 SRLs
Phase 7 Shift Register Optimization | Checksum: 10f2e66ce

Time (s): cpu = 00:00:00 ; elapsed = 00:00:00.503 . Memory (MB): peak = 1695.051 ; gain = 0.000
Shift Register Optimization | Checksum: 10f2e66ce
INFO: [Opt 31-389] Phase Shift Register Optimization created 0 cells and removed 0 cells

Phase 8 Post Processing Netlist
Phase 8 Post Processing Netlist | Checksum: 10f2e66ce

Time (s): cpu = 00:00:00 ; elapsed = 00:00:00.509 . Memory (MB): peak = 1695.051 ; gain = 0.000
Post Processing Netlist | Checksum: 10f2e66ce
INFO: [Opt 31-389] Phase Post Processing Netlist created 0 cells and removed 0 cells

Phase 9 Finalization

Phase 9.1 Finalizing Design Cores and Updating Shapes
Phase 9.1 Finalizing Design Cores and Updating Shapes | Checksum: 26162cf34

Time (s): cpu = 00:00:00 ; elapsed = 00:00:00.601 . Memory (MB): peak = 1695.051 ; gain = 0.000

Phase 9.2 Verifying Netlist Connectivity

Starting Connectivity Check Task

Time (s): cpu = 00:00:00 ; elapsed = 00:00:00.023 . Memory (MB): peak = 1695.051 ; gain = 0.000
Phase 9.2 Verifying Netlist Connectivity | Checksum: 26162cf34

Time (s): cpu = 00:00:00 ; elapsed = 00:00:00.627 . Memory (MB): peak = 1695.051 ; gain = 0.000
Phase 9 Finalization | Checksum: 26162cf34

Time (s): cpu = 00:00:00 ; elapsed = 00:00:00.628 . Memory (MB): peak = 1695.051 ; gain = 0.000
Opt_design Change Summary
=========================


-------------------------------------------------------------------------------------------------------------------------
|  Phase                        |  #Cells created  |  #Cells Removed  |  #Constrained objects preventing optimizations  |
-------------------------------------------------------------------------------------------------------------------------
|  Retarget                     |               0  |               0  |                                              0  |
|  Constant propagation         |               0  |               0  |                                              0  |
|  Sweep                        |               0  |               0  |                                              0  |
|  BUFG optimization            |               0  |               0  |                                              0  |
|  Shift Register Optimization  |               0  |               0  |                                              0  |
|  Post Processing Netlist      |               0  |               0  |                                              0  |
-------------------------------------------------------------------------------------------------------------------------


Ending Logic Optimization Task | Checksum: 26162cf34

Time (s): cpu = 00:00:00 ; elapsed = 00:00:00.633 . Memory (MB): peak = 1695.051 ; gain = 0.000

Starting Power Optimization Task
INFO: [Pwropt 34-132] Skipping clock gating for clocks with a period < 2.00 ns.
Ending Power Optimization Task | Checksum: 26162cf34

Time (s): cpu = 00:00:00 ; elapsed = 00:00:00.046 . Memory (MB): peak = 1695.051 ; gain = 0.000

Starting Final Cleanup Task
Ending Final Cleanup Task | Checksum: 26162cf34

Time (s): cpu = 00:00:00 ; elapsed = 00:00:00.001 . Memory (MB): peak = 1695.051 ; gain = 0.000

Starting Netlist Obfuscation Task
Netlist sorting complete. Time (s): cpu = 00:00:00 ; elapsed = 00:00:00.001 . Memory (MB): peak = 1695.051 ; gain = 0.000
Ending Netlist Obfuscation Task | Checksum: 26162cf34

Time (s): cpu = 00:00:00 ; elapsed = 00:00:00.002 . Memory (MB): peak = 1695.051 ; gain = 0.000
INFO: [Common 17-83] Releasing license: Implementation
32 Infos, 2 Warnings, 0 Critical Warnings and 0 Errors encountered.
opt_design completed successfully
opt_design: Time (s): cpu = 00:00:16 ; elapsed = 00:00:28 . Memory (MB): peak = 1695.051 ; gain = 1018.848
INFO: [Vivado 12-24828] Executing command : report_drc -file myip_write_SCCB_drc_opted.rpt -pb myip_write_SCCB_drc_opted.pb -rpx myip_write_SCCB_drc_opted.rpx
Command: report_drc -file myip_write_SCCB_drc_opted.rpt -pb myip_write_SCCB_drc_opted.pb -rpx myip_write_SCCB_drc_opted.rpx
INFO: [IP_Flow 19-1839] IP Catalog is up to date.
INFO: [DRC 23-27] Running DRC with 2 threads
INFO: [Vivado_Tcl 2-168] The results of DRC are in file C:/Users/C27Bradford.Hurt/ece383_wksp/final_project/final_project.tmp/myip_write_sccb_v1_0_project/myip_write_SCCB_v1_0_project.runs/impl_1/myip_write_SCCB_drc_opted.rpt.
report_drc completed successfully
Write ShapeDB Complete: Time (s): cpu = 00:00:00 ; elapsed = 00:00:00.010 . Memory (MB): peak = 1695.051 ; gain = 0.000
INFO: [Common 17-1381] The checkpoint 'C:/Users/C27Bradford.Hurt/ece383_wksp/final_project/final_project.tmp/myip_write_sccb_v1_0_project/myip_write_SCCB_v1_0_project.runs/impl_1/myip_write_SCCB_opt.dcp' has been generated.
Command: place_design
Attempting to get a license for feature 'Implementation' and/or device 'xc7a200t'
INFO: [Common 17-349] Got license for feature 'Implementation' and/or device 'xc7a200t'
INFO: [Common 17-83] Releasing license: Implementation
INFO: [DRC 23-27] Running DRC with 2 threads
INFO: [Vivado_Tcl 4-198] DRC finished with 0 Errors
INFO: [Vivado_Tcl 4-199] Please refer to the DRC report (report_drc) for more information.
Running DRC as a precondition to command place_design
INFO: [DRC 23-27] Running DRC with 2 threads
INFO: [Vivado_Tcl 4-198] DRC finished with 0 Errors
INFO: [Vivado_Tcl 4-199] Please refer to the DRC report (report_drc) for more information.
INFO: [Place 30-611] Multithreading enabled for place_design using a maximum of 2 CPUs

Starting Placer Task

Phase 1 Placer Initialization

Phase 1.1 Placer Initialization Netlist Sorting
Netlist sorting complete. Time (s): cpu = 00:00:00 ; elapsed = 00:00:00 . Memory (MB): peak = 1695.051 ; gain = 0.000
Phase 1.1 Placer Initialization Netlist Sorting | Checksum: 193c99a5c

Time (s): cpu = 00:00:00 ; elapsed = 00:00:00.011 . Memory (MB): peak = 1695.051 ; gain = 0.000
Netlist sorting complete. Time (s): cpu = 00:00:00 ; elapsed = 00:00:00 . Memory (MB): peak = 1695.051 ; gain = 0.000

Phase 1.2 IO Placement/ Clock Placement/ Build Placer Device
INFO: [Timing 38-35] Done setting XDC timing constraints.
Phase 1.2 IO Placement/ Clock Placement/ Build Placer Device | Checksum: 2181fcc77

Time (s): cpu = 00:00:01 ; elapsed = 00:00:02 . Memory (MB): peak = 1695.051 ; gain = 0.000

Phase 1.3 Build Placer Netlist Model
Phase 1.3 Build Placer Netlist Model | Checksum: 2c4b36b9d

Time (s): cpu = 00:00:01 ; elapsed = 00:00:02 . Memory (MB): peak = 1695.051 ; gain = 0.000

Phase 1.4 Constrain Clocks/Macros
Phase 1.4 Constrain Clocks/Macros | Checksum: 2c4b36b9d

Time (s): cpu = 00:00:01 ; elapsed = 00:00:02 . Memory (MB): peak = 1695.051 ; gain = 0.000
Phase 1 Placer Initialization | Checksum: 2c4b36b9d

Time (s): cpu = 00:00:01 ; elapsed = 00:00:02 . Memory (MB): peak = 1695.051 ; gain = 0.000

Phase 2 Global Placement

Phase 2.1 Floorplanning
Phase 2.1 Floorplanning | Checksum: 2c4b36b9d

Time (s): cpu = 00:00:01 ; elapsed = 00:00:02 . Memory (MB): peak = 1695.051 ; gain = 0.000

Phase 2.2 Update Timing before SLR Path Opt
Phase 2.2 Update Timing before SLR Path Opt | Checksum: 2c4b36b9d

Time (s): cpu = 00:00:01 ; elapsed = 00:00:02 . Memory (MB): peak = 1695.051 ; gain = 0.000

Phase 2.3 Post-Processing in Floorplanning
Phase 2.3 Post-Processing in Floorplanning | Checksum: 2c4b36b9d

Time (s): cpu = 00:00:01 ; elapsed = 00:00:02 . Memory (MB): peak = 1695.051 ; gain = 0.000

Phase 2.4 Global Place Phase1
Phase 2.4 Global Place Phase1 | Checksum: 2e3282053

Time (s): cpu = 00:00:02 ; elapsed = 00:00:03 . Memory (MB): peak = 1695.051 ; gain = 0.000

Phase 2.5 Global Place Phase2
WARNING: [Place 46-29] Timing had been disabled during Placer and, therefore, physical synthesis in Placer will be skipped.
Phase 2.5 Global Place Phase2 | Checksum: 247f97c1d

Time (s): cpu = 00:00:02 ; elapsed = 00:00:03 . Memory (MB): peak = 1695.051 ; gain = 0.000
Phase 2 Global Placement | Checksum: 247f97c1d

Time (s): cpu = 00:00:02 ; elapsed = 00:00:03 . Memory (MB): peak = 1695.051 ; gain = 0.000

Phase 3 Detail Placement

Phase 3.1 Commit Multi Column Macros
Phase 3.1 Commit Multi Column Macros | Checksum: 247f97c1d

Time (s): cpu = 00:00:02 ; elapsed = 00:00:03 . Memory (MB): peak = 1695.051 ; gain = 0.000

Phase 3.2 Commit Most Macros & LUTRAMs
Phase 3.2 Commit Most Macros & LUTRAMs | Checksum: 284a1a6e3

Time (s): cpu = 00:00:02 ; elapsed = 00:00:03 . Memory (MB): peak = 1695.051 ; gain = 0.000

Phase 3.3 Area Swap Optimization
Phase 3.3 Area Swap Optimization | Checksum: 2bd6360df

Time (s): cpu = 00:00:02 ; elapsed = 00:00:03 . Memory (MB): peak = 1695.051 ; gain = 0.000

Phase 3.4 Pipeline Register Optimization
Phase 3.4 Pipeline Register Optimization | Checksum: 2bd6360df

Time (s): cpu = 00:00:02 ; elapsed = 00:00:03 . Memory (MB): peak = 1695.051 ; gain = 0.000

Phase 3.5 Small Shape Detail Placement
Phase 3.5 Small Shape Detail Placement | Checksum: 1e9540666

Time (s): cpu = 00:00:02 ; elapsed = 00:00:04 . Memory (MB): peak = 1696.750 ; gain = 1.699

Phase 3.6 Re-assign LUT pins
Phase 3.6 Re-assign LUT pins | Checksum: 1e9540666

Time (s): cpu = 00:00:02 ; elapsed = 00:00:04 . Memory (MB): peak = 1696.750 ; gain = 1.699

Phase 3.7 Pipeline Register Optimization
Phase 3.7 Pipeline Register Optimization | Checksum: 1e9540666

Time (s): cpu = 00:00:02 ; elapsed = 00:00:04 . Memory (MB): peak = 1696.750 ; gain = 1.699
Phase 3 Detail Placement | Checksum: 1e9540666

Time (s): cpu = 00:00:02 ; elapsed = 00:00:04 . Memory (MB): peak = 1696.750 ; gain = 1.699

Phase 4 Post Placement Optimization and Clean-Up

Phase 4.1 Post Commit Optimization
Phase 4.1 Post Commit Optimization | Checksum: 1e9540666

Time (s): cpu = 00:00:03 ; elapsed = 00:00:04 . Memory (MB): peak = 1696.750 ; gain = 1.699

Phase 4.2 Post Placement Cleanup
Phase 4.2 Post Placement Cleanup | Checksum: 1e9540666

Time (s): cpu = 00:00:03 ; elapsed = 00:00:04 . Memory (MB): peak = 1696.750 ; gain = 1.699

Phase 4.3 Placer Reporting

Phase 4.3.1 Print Estimated Congestion
INFO: [Place 30-612] Post-Placement Estimated Congestion 
 ____________________________________________________
|           | Global Congestion | Short Congestion  |
| Direction | Region Size       | Region Size       |
|___________|___________________|___________________|
|      North|                1x1|                1x1|
|___________|___________________|___________________|
|      South|                1x1|                1x1|
|___________|___________________|___________________|
|       East|                1x1|                1x1|
|___________|___________________|___________________|
|       West|                1x1|                1x1|
|___________|___________________|___________________|

Phase 4.3.1 Print Estimated Congestion | Checksum: 1e9540666

Time (s): cpu = 00:00:03 ; elapsed = 00:00:04 . Memory (MB): peak = 1696.750 ; gain = 1.699
Phase 4.3 Placer Reporting | Checksum: 1e9540666

Time (s): cpu = 00:00:03 ; elapsed = 00:00:04 . Memory (MB): peak = 1696.750 ; gain = 1.699

Phase 4.4 Final Placement Cleanup
Netlist sorting complete. Time (s): cpu = 00:00:00 ; elapsed = 00:00:00 . Memory (MB): peak = 1696.750 ; gain = 0.000

Time (s): cpu = 00:00:03 ; elapsed = 00:00:04 . Memory (MB): peak = 1696.750 ; gain = 1.699
Phase 4 Post Placement Optimization and Clean-Up | Checksum: 1db59d850

Time (s): cpu = 00:00:03 ; elapsed = 00:00:04 . Memory (MB): peak = 1696.750 ; gain = 1.699
Ending Placer Task | Checksum: 17765de26

Time (s): cpu = 00:00:03 ; elapsed = 00:00:04 . Memory (MB): peak = 1696.750 ; gain = 1.699
48 Infos, 3 Warnings, 0 Critical Warnings and 0 Errors encountered.
place_design completed successfully
place_design: Time (s): cpu = 00:00:06 ; elapsed = 00:00:07 . Memory (MB): peak = 1696.750 ; gain = 1.699
INFO: [Vivado 12-24838] Running report commands "report_control_sets, report_io, report_utilization" in parallel.
Running report generation with 2 threads.
INFO: [Vivado 12-24828] Executing command : report_utilization -file myip_write_SCCB_utilization_placed.rpt -pb myip_write_SCCB_utilization_placed.pb
INFO: [Vivado 12-24828] Executing command : report_io -file myip_write_SCCB_io_placed.rpt
report_io: Time (s): cpu = 00:00:00 ; elapsed = 00:00:00.215 . Memory (MB): peak = 1696.750 ; gain = 0.000
INFO: [Vivado 12-24828] Executing command : report_control_sets -verbose -file myip_write_SCCB_control_sets_placed.rpt
report_control_sets: Time (s): cpu = 00:00:00 ; elapsed = 00:00:00.009 . Memory (MB): peak = 1696.750 ; gain = 0.000
Write ShapeDB Complete: Time (s): cpu = 00:00:00 ; elapsed = 00:00:00.004 . Memory (MB): peak = 1699.945 ; gain = 0.023
Wrote PlaceDB: Time (s): cpu = 00:00:00 ; elapsed = 00:00:00.080 . Memory (MB): peak = 1699.945 ; gain = 0.000
Wrote PulsedLatchDB: Time (s): cpu = 00:00:00 ; elapsed = 00:00:00 . Memory (MB): peak = 1699.945 ; gain = 0.000
Writing XDEF routing.
Writing XDEF routing logical nets.
Writing XDEF routing special nets.
Wrote RouteStorage: Time (s): cpu = 00:00:00 ; elapsed = 00:00:00.336 . Memory (MB): peak = 1700.062 ; gain = 0.117
Wrote Netlist Cache: Time (s): cpu = 00:00:00 ; elapsed = 00:00:00.003 . Memory (MB): peak = 1700.062 ; gain = 0.000
Wrote Device Cache: Time (s): cpu = 00:00:00 ; elapsed = 00:00:00.021 . Memory (MB): peak = 1700.062 ; gain = 0.000
Write Physdb Complete: Time (s): cpu = 00:00:00 ; elapsed = 00:00:00.465 . Memory (MB): peak = 1700.062 ; gain = 0.117
INFO: [Common 17-1381] The checkpoint 'C:/Users/C27Bradford.Hurt/ece383_wksp/final_project/final_project.tmp/myip_write_sccb_v1_0_project/myip_write_SCCB_v1_0_project.runs/impl_1/myip_write_SCCB_placed.dcp' has been generated.
Command: phys_opt_design
Attempting to get a license for feature 'Implementation' and/or device 'xc7a200t'
INFO: [Common 17-349] Got license for feature 'Implementation' and/or device 'xc7a200t'

Starting Initial Update Timing Task

Time (s): cpu = 00:00:00 ; elapsed = 00:00:00.075 . Memory (MB): peak = 1714.488 ; gain = 14.426
INFO: [Vivado_Tcl 4-235] No timing constraint found. The netlist was not modified.
INFO: [Common 17-83] Releasing license: Implementation
56 Infos, 3 Warnings, 0 Critical Warnings and 0 Errors encountered.
phys_opt_design completed successfully
Write ShapeDB Complete: Time (s): cpu = 00:00:00 ; elapsed = 00:00:00.005 . Memory (MB): peak = 1732.336 ; gain = 0.004
Wrote PlaceDB: Time (s): cpu = 00:00:00 ; elapsed = 00:00:00.046 . Memory (MB): peak = 1732.336 ; gain = 0.000
Wrote PulsedLatchDB: Time (s): cpu = 00:00:00 ; elapsed = 00:00:00 . Memory (MB): peak = 1732.336 ; gain = 0.000
Writing XDEF routing.
Writing XDEF routing logical nets.
Writing XDEF routing special nets.
Wrote RouteStorage: Time (s): cpu = 00:00:00 ; elapsed = 00:00:00.030 . Memory (MB): peak = 1732.336 ; gain = 0.000
Wrote Netlist Cache: Time (s): cpu = 00:00:00 ; elapsed = 00:00:00.002 . Memory (MB): peak = 1732.336 ; gain = 0.000
Wrote Device Cache: Time (s): cpu = 00:00:00 ; elapsed = 00:00:00.010 . Memory (MB): peak = 1732.336 ; gain = 0.000
Write Physdb Complete: Time (s): cpu = 00:00:00 ; elapsed = 00:00:00.107 . Memory (MB): peak = 1732.336 ; gain = 0.000
INFO: [Common 17-1381] The checkpoint 'C:/Users/C27Bradford.Hurt/ece383_wksp/final_project/final_project.tmp/myip_write_sccb_v1_0_project/myip_write_SCCB_v1_0_project.runs/impl_1/myip_write_SCCB_physopt.dcp' has been generated.
Command: route_design
Attempting to get a license for feature 'Implementation' and/or device 'xc7a200t'
INFO: [Common 17-349] Got license for feature 'Implementation' and/or device 'xc7a200t'


Starting Routing Task
INFO: [Route 35-254] Multithreading enabled for route_design using a maximum of 2 CPUs

Phase 1 Build RT Design
Checksum: PlaceDB: 486845f1 ConstDB: 0 ShapeSum: 96e2acd1 RouteDB: 981aeb64
Post Restoration Checksum: NetGraph: 4c73b787 | NumContArr: b02c75d1 | Constraints: c2a8fa9d | Timing: c2a8fa9d
Phase 1 Build RT Design | Checksum: 281f22292

Time (s): cpu = 00:01:52 ; elapsed = 00:02:24 . Memory (MB): peak = 1922.977 ; gain = 190.570

Phase 2 Router Initialization
INFO: [Route 35-64] No timing constraints were detected. The router will operate in resource-optimization mode.

Phase 2.1 Fix Topology Constraints
Phase 2.1 Fix Topology Constraints | Checksum: 281f22292

Time (s): cpu = 00:01:52 ; elapsed = 00:02:24 . Memory (MB): peak = 1932.012 ; gain = 199.605

Phase 2.2 Pre Route Cleanup
Phase 2.2 Pre Route Cleanup | Checksum: 281f22292

Time (s): cpu = 00:01:52 ; elapsed = 00:02:24 . Memory (MB): peak = 1932.012 ; gain = 199.605
 Number of Nodes with overlaps = 0

Router Utilization Summary
  Global Vertical Routing Utilization    = 0 %
  Global Horizontal Routing Utilization  = 0 %
  Routable Net Status*
  *Does not include unroutable nets such as driverless and loadless.
  Run report_route_status for detailed report.
  Number of Failed Nets               = 296
    (Failed Nets is the sum of unrouted and partially routed nets)
  Number of Unrouted Nets             = 296
  Number of Partially Routed Nets     = 0
  Number of Node Overlaps             = 0

Phase 2 Router Initialization | Checksum: 2b4e1210a

Time (s): cpu = 00:01:55 ; elapsed = 00:02:27 . Memory (MB): peak = 2006.855 ; gain = 274.449

Phase 3 Global Routing
Phase 3 Global Routing | Checksum: 2b4e1210a

Time (s): cpu = 00:01:55 ; elapsed = 00:02:27 . Memory (MB): peak = 2006.855 ; gain = 274.449

Phase 4 Initial Routing

Phase 4.1 Initial Net Routing Pass
Phase 4.1 Initial Net Routing Pass | Checksum: 2a927e7f9

Time (s): cpu = 00:01:55 ; elapsed = 00:02:27 . Memory (MB): peak = 2006.855 ; gain = 274.449
Phase 4 Initial Routing | Checksum: 2a927e7f9

Time (s): cpu = 00:01:55 ; elapsed = 00:02:27 . Memory (MB): peak = 2006.855 ; gain = 274.449

Phase 5 Rip-up And Reroute

Phase 5.1 Global Iteration 0
 Number of Nodes with overlaps = 8
 Number of Nodes with overlaps = 0
Phase 5.1 Global Iteration 0 | Checksum: 2fb9bfefb

Time (s): cpu = 00:01:55 ; elapsed = 00:02:27 . Memory (MB): peak = 2006.855 ; gain = 274.449
Phase 5 Rip-up And Reroute | Checksum: 2fb9bfefb

Time (s): cpu = 00:01:55 ; elapsed = 00:02:27 . Memory (MB): peak = 2006.855 ; gain = 274.449

Phase 6 Delay and Skew Optimization
Phase 6 Delay and Skew Optimization | Checksum: 2fb9bfefb

Time (s): cpu = 00:01:55 ; elapsed = 00:02:27 . Memory (MB): peak = 2006.855 ; gain = 274.449

Phase 7 Post Hold Fix

Phase 7.1 Hold Fix Iter
Phase 7.1 Hold Fix Iter | Checksum: 2fb9bfefb

Time (s): cpu = 00:01:55 ; elapsed = 00:02:27 . Memory (MB): peak = 2006.855 ; gain = 274.449
Phase 7 Post Hold Fix | Checksum: 2fb9bfefb

Time (s): cpu = 00:01:55 ; elapsed = 00:02:27 . Memory (MB): peak = 2006.855 ; gain = 274.449

Phase 8 Route finalize

Router Utilization Summary
  Global Vertical Routing Utilization    = 0.0548639 %
  Global Horizontal Routing Utilization  = 0.162492 %
  Routable Net Status*
  *Does not include unroutable nets such as driverless and loadless.
  Run report_route_status for detailed report.
  Number of Failed Nets               = 0
    (Failed Nets is the sum of unrouted and partially routed nets)
  Number of Unrouted Nets             = 0
  Number of Partially Routed Nets     = 0
  Number of Node Overlaps             = 0


--GLOBAL Congestion:
Utilization threshold used for congestion level computation: 0.85
Congestion Report
North Dir 1x1 Area, Max Cong = 28.8288%, No Congested Regions.
South Dir 1x1 Area, Max Cong = 19.8198%, No Congested Regions.
East Dir 1x1 Area, Max Cong = 29.4118%, No Congested Regions.
West Dir 1x1 Area, Max Cong = 17.6471%, No Congested Regions.

------------------------------
Reporting congestion hotspots
------------------------------
Direction: North
----------------
Congested clusters found at Level 0
Effective congestion level: 0 Aspect Ratio: 1 Sparse Ratio: 0
Direction: South
----------------
Congested clusters found at Level 0
Effective congestion level: 0 Aspect Ratio: 1 Sparse Ratio: 0
Direction: East
----------------
Congested clusters found at Level 0
Effective congestion level: 0 Aspect Ratio: 1 Sparse Ratio: 0
Direction: West
----------------
Congested clusters found at Level 0
Effective congestion level: 0 Aspect Ratio: 1 Sparse Ratio: 0

Phase 8 Route finalize | Checksum: 2fb9bfefb

Time (s): cpu = 00:01:55 ; elapsed = 00:02:27 . Memory (MB): peak = 2006.855 ; gain = 274.449

Phase 9 Verifying routed nets

 Verification completed successfully
Phase 9 Verifying routed nets | Checksum: 2fb9bfefb

Time (s): cpu = 00:01:55 ; elapsed = 00:02:27 . Memory (MB): peak = 2006.855 ; gain = 274.449

Phase 10 Depositing Routes
Phase 10 Depositing Routes | Checksum: 28aa50de6

Time (s): cpu = 00:01:55 ; elapsed = 00:02:27 . Memory (MB): peak = 2006.855 ; gain = 274.449

Phase 11 Post Process Routing
Phase 11 Post Process Routing | Checksum: 28aa50de6

Time (s): cpu = 00:01:55 ; elapsed = 00:02:27 . Memory (MB): peak = 2006.855 ; gain = 274.449
Total Elapsed time in route_design: 147.323 secs

Phase 12 Post-Route Event Processing
Phase 12 Post-Route Event Processing | Checksum: 1781e6ee8

Time (s): cpu = 00:01:55 ; elapsed = 00:02:27 . Memory (MB): peak = 2006.855 ; gain = 274.449
INFO: [Route 35-16] Router Completed Successfully
Ending Routing Task | Checksum: 1781e6ee8

Time (s): cpu = 00:01:55 ; elapsed = 00:02:27 . Memory (MB): peak = 2006.855 ; gain = 274.449

Routing Is Done.
INFO: [Common 17-83] Releasing license: Implementation
62 Infos, 3 Warnings, 0 Critical Warnings and 0 Errors encountered.
route_design completed successfully
route_design: Time (s): cpu = 00:01:55 ; elapsed = 00:02:28 . Memory (MB): peak = 2006.855 ; gain = 274.520
INFO: [Vivado 12-24828] Executing command : report_drc -file myip_write_SCCB_drc_routed.rpt -pb myip_write_SCCB_drc_routed.pb -rpx myip_write_SCCB_drc_routed.rpx
Command: report_drc -file myip_write_SCCB_drc_routed.rpt -pb myip_write_SCCB_drc_routed.pb -rpx myip_write_SCCB_drc_routed.rpx
INFO: [IP_Flow 19-1839] IP Catalog is up to date.
INFO: [DRC 23-27] Running DRC with 2 threads
INFO: [Vivado_Tcl 2-168] The results of DRC are in file C:/Users/C27Bradford.Hurt/ece383_wksp/final_project/final_project.tmp/myip_write_sccb_v1_0_project/myip_write_SCCB_v1_0_project.runs/impl_1/myip_write_SCCB_drc_routed.rpt.
report_drc completed successfully
report_drc: Time (s): cpu = 00:00:08 ; elapsed = 00:00:07 . Memory (MB): peak = 2006.855 ; gain = 0.000
INFO: [Vivado 12-24828] Executing command : report_methodology -file myip_write_SCCB_methodology_drc_routed.rpt -pb myip_write_SCCB_methodology_drc_routed.pb -rpx myip_write_SCCB_methodology_drc_routed.rpx
Command: report_methodology -file myip_write_SCCB_methodology_drc_routed.rpt -pb myip_write_SCCB_methodology_drc_routed.pb -rpx myip_write_SCCB_methodology_drc_routed.rpx
INFO: [Timing 38-35] Done setting XDC timing constraints.
INFO: [DRC 23-133] Running Methodology with 2 threads
INFO: [Vivado_Tcl 2-1520] The results of Report Methodology are in file C:/Users/C27Bradford.Hurt/ece383_wksp/final_project/final_project.tmp/myip_write_sccb_v1_0_project/myip_write_SCCB_v1_0_project.runs/impl_1/myip_write_SCCB_methodology_drc_routed.rpt.
report_methodology completed successfully
report_drc: Time (s): cpu = 00:00:07 ; elapsed = 00:00:06 . Memory (MB): peak = 2013.793 ; gain = 6.938
INFO: [Vivado 12-24828] Executing command : report_timing_summary -max_paths 10 -report_unconstrained -file myip_write_SCCB_timing_summary_routed.rpt -pb myip_write_SCCB_timing_summary_routed.pb -rpx myip_write_SCCB_timing_summary_routed.rpx -warn_on_violation 
INFO: [Timing 38-35] Done setting XDC timing constraints.
INFO: [Timing 38-91] UpdateTimingParams: Speed grade: -1, Delay Type: min_max.
INFO: [Timing 38-191] Multithreading enabled for timing update using a maximum of 2 CPUs
WARNING: [Timing 38-313] There are no user specified timing constraints. Timing constraints are needed for proper timing analysis.
INFO: [Vivado 12-24838] Running report commands "report_incremental_reuse, report_route_status" in parallel.
Running report generation with 2 threads.
INFO: [Vivado 12-24828] Executing command : report_route_status -file myip_write_SCCB_route_status.rpt -pb myip_write_SCCB_route_status.pb
INFO: [Vivado 12-24828] Executing command : report_incremental_reuse -file myip_write_SCCB_incremental_reuse_routed.rpt
INFO: [Vivado_Tcl 4-1062] Incremental flow is disabled. No incremental reuse Info to report.
INFO: [Vivado 12-24828] Executing command : report_power -file myip_write_SCCB_power_routed.rpt -pb myip_write_SCCB_power_summary_routed.pb -rpx myip_write_SCCB_power_routed.rpx
Command: report_power -file myip_write_SCCB_power_routed.rpt -pb myip_write_SCCB_power_summary_routed.pb -rpx myip_write_SCCB_power_routed.rpx
WARNING: [Power 33-232] No user defined clocks were found in the design! Power estimation will be inaccurate until this is corrected.
Resolution: Please specify clocks using create_clock/create_generated_clock for sequential elements. For pure combinatorial circuits, please specify a virtual clock, otherwise the vectorless estimation might be inaccurate
Running Vector-less Activity Propagation...

Finished Running Vector-less Activity Propagation
79 Infos, 5 Warnings, 0 Critical Warnings and 0 Errors encountered.
report_power completed successfully
INFO: [Vivado 12-24828] Executing command : report_clock_utilization -file myip_write_SCCB_clock_utilization_routed.rpt
INFO: [Vivado 12-24828] Executing command : report_bus_skew -warn_on_violation -file myip_write_SCCB_bus_skew_routed.rpt -pb myip_write_SCCB_bus_skew_routed.pb -rpx myip_write_SCCB_bus_skew_routed.rpx
INFO: [Timing 38-91] UpdateTimingParams: Speed grade: -1, Delay Type: min_max.
INFO: [Timing 38-191] Multithreading enabled for timing update using a maximum of 2 CPUs
generate_parallel_reports: Time (s): cpu = 00:00:17 ; elapsed = 00:00:16 . Memory (MB): peak = 2017.281 ; gain = 10.426
Write ShapeDB Complete: Time (s): cpu = 00:00:00 ; elapsed = 00:00:00.004 . Memory (MB): peak = 2019.914 ; gain = 0.000
Wrote PlaceDB: Time (s): cpu = 00:00:00 ; elapsed = 00:00:00.054 . Memory (MB): peak = 2020.039 ; gain = 0.125
Wrote PulsedLatchDB: Time (s): cpu = 00:00:00 ; elapsed = 00:00:00 . Memory (MB): peak = 2020.039 ; gain = 0.000
Writing XDEF routing.
Writing XDEF routing logical nets.
Writing XDEF routing special nets.
Wrote RouteStorage: Time (s): cpu = 00:00:00 ; elapsed = 00:00:00.041 . Memory (MB): peak = 2020.039 ; gain = 0.000
Wrote Netlist Cache: Time (s): cpu = 00:00:00 ; elapsed = 00:00:00.001 . Memory (MB): peak = 2020.039 ; gain = 0.000
Wrote Device Cache: Time (s): cpu = 00:00:00 ; elapsed = 00:00:00.013 . Memory (MB): peak = 2020.039 ; gain = 0.000
Write Physdb Complete: Time (s): cpu = 00:00:00 ; elapsed = 00:00:00.125 . Memory (MB): peak = 2020.039 ; gain = 0.125
INFO: [Common 17-1381] The checkpoint 'C:/Users/C27Bradford.Hurt/ece383_wksp/final_project/final_project.tmp/myip_write_sccb_v1_0_project/myip_write_SCCB_v1_0_project.runs/impl_1/myip_write_SCCB_routed.dcp' has been generated.
Command: write_bitstream -force myip_write_SCCB.bit
Attempting to get a license for feature 'Implementation' and/or device 'xc7a200t'
INFO: [Common 17-349] Got license for feature 'Implementation' and/or device 'xc7a200t'
Running DRC as a precondition to command write_bitstream
INFO: [IP_Flow 19-1839] IP Catalog is up to date.
INFO: [DRC 23-27] Running DRC with 2 threads
ERROR: [DRC NSTD-1] Unspecified I/O Standard: 91 out of 91 logical ports use I/O standard (IOSTANDARD) value 'DEFAULT', instead of a user assigned specific value. This may cause I/O contention or incompatibility with the board power or connectivity affecting performance, signal integrity or in extreme cases cause damage to the device or the components to which it is connected. To correct this violation, specify all I/O standards. This design will fail to generate a bitstream unless all logical ports have a user specified I/O standard value defined. To allow bitstream creation with unspecified I/O standard values (not recommended), use this command: set_property SEVERITY {Warning} [get_drc_checks NSTD-1].  NOTE: When using the Vivado Runs infrastructure (e.g. launch_runs Tcl command), add this command to a .tcl file and add that file as a pre-hook for write_bitstream step for the implementation run. Problem ports: s00_axi_araddr[3], s00_axi_araddr[2], s00_axi_awaddr[3], s00_axi_awaddr[2], s00_axi_bresp[1:0], s00_axi_rdata[31:0], s00_axi_rresp[1:0], s00_axi_wdata[31:0], s00_axi_wstrb[3:0], reset_n, s00_axi_aclk, s00_axi_aresetn, s00_axi_arready, s00_axi_arvalid, s00_axi_awready... and (the first 15 of 24 listed).
ERROR: [DRC UCIO-1] Unconstrained Logical Port: 91 out of 91 logical ports have no user assigned specific location constraint (LOC). This may cause I/O contention or incompatibility with the board power or connectivity affecting performance, signal integrity or in extreme cases cause damage to the device or the components to which it is connected. To correct this violation, specify all pin locations. This design will fail to generate a bitstream unless all logical ports have a user specified site LOC constraint defined.  To allow bitstream creation with unspecified pin locations (not recommended), use this command: set_property SEVERITY {Warning} [get_drc_checks UCIO-1].  NOTE: When using the Vivado Runs infrastructure (e.g. launch_runs Tcl command), add this command to a .tcl file and add that file as a pre-hook for write_bitstream step for the implementation run.  Problem ports: s00_axi_araddr[3], s00_axi_araddr[2], s00_axi_awaddr[3], s00_axi_awaddr[2], s00_axi_bresp[1:0], s00_axi_rdata[31:0], s00_axi_rresp[1:0], s00_axi_wdata[31:0], s00_axi_wstrb[3:0], reset_n, s00_axi_aclk, s00_axi_aresetn, s00_axi_arready, s00_axi_arvalid, s00_axi_awready... and (the first 15 of 24 listed).
INFO: [Vivado 12-3199] DRC finished with 2 Errors
INFO: [Vivado 12-3200] Please refer to the DRC report (report_drc) for more information.
ERROR: [Vivado 12-1345] Error(s) found during DRC. Bitgen not run.
INFO: [Common 17-83] Releasing license: Implementation
90 Infos, 5 Warnings, 0 Critical Warnings and 3 Errors encountered.
write_bitstream failed
write_bitstream: Time (s): cpu = 00:00:08 ; elapsed = 00:00:08 . Memory (MB): peak = 2149.703 ; gain = 129.664
ERROR: [Common 17-39] 'write_bitstream' failed due to earlier errors.

INFO: [Common 17-206] Exiting Vivado at Sat May  9 23:54:16 2026...
