Copyright 1986-2022 Xilinx, Inc. All Rights Reserved. Copyright 2022-2024 Advanced Micro Devices, Inc. All Rights Reserved.
---------------------------------------------------------------------------------------------------------------------------------------------
| Tool Version : Vivado v.2024.2 (win64) Build 5239630 Fri Nov 08 22:35:27 MST 2024
| Date         : Sat Jan 31 23:08:43 2026
| Host         : C27-5CG3121FGH running 64-bit major release  (build 9200)
| Command      : report_control_sets -verbose -file lab1_control_sets_placed.rpt
| Design       : lab1
| Device       : xc7a200t
---------------------------------------------------------------------------------------------------------------------------------------------

Control Set Information

Table of Contents
-----------------
1. Summary
2. Histogram
3. Flip-Flop Distribution
4. Detailed Control Set Information

1. Summary
----------

+----------------------------------------------------------+-------+
|                          Status                          | Count |
+----------------------------------------------------------+-------+
| Total control sets                                       |    12 |
|    Minimum number of control sets                        |    12 |
|    Addition due to synthesis replication                 |     0 |
|    Addition due to physical synthesis replication        |     0 |
| Unused register locations in slices containing registers |    41 |
+----------------------------------------------------------+-------+
* Control sets can be merged at opt_design using control_set_merge or merge_equivalent_drivers
** Run report_qor_suggestions for automated merging and remapping suggestions


2. Histogram
------------

+--------------------+-------+
|       Fanout       | Count |
+--------------------+-------+
| Total control sets |    12 |
| >= 0 to < 4        |     0 |
| >= 4 to < 6        |     5 |
| >= 6 to < 8        |     2 |
| >= 8 to < 10       |     0 |
| >= 10 to < 12      |     2 |
| >= 12 to < 14      |     1 |
| >= 14 to < 16      |     0 |
| >= 16              |     2 |
+--------------------+-------+
* Control sets can be remapped at either synth_design or opt_design


3. Flip-Flop Distribution
-------------------------

+--------------+-----------------------+------------------------+-----------------+--------------+
| Clock Enable | Synchronous Set/Reset | Asynchronous Set/Reset | Total Registers | Total Slices |
+--------------+-----------------------+------------------------+-----------------+--------------+
| No           | No                    | No                     |              63 |           19 |
| No           | No                    | Yes                    |               0 |            0 |
| No           | Yes                   | No                     |              24 |           10 |
| Yes          | No                    | No                     |               0 |            0 |
| Yes          | No                    | Yes                    |               0 |            0 |
| Yes          | Yes                   | No                     |              40 |           19 |
+--------------+-----------------------+------------------------+-----------------+--------------+


4. Detailed Control Set Information
-----------------------------------

+-----------------------------------------------------+-----------------------------------------------------------+----------------------------------------------------------------------+------------------+----------------+--------------+
|                     Clock Signal                    |                       Enable Signal                       |                           Set/Reset Signal                           | Slice Load Count | Bel Load Count | Bels / Slice |
+-----------------------------------------------------+-----------------------------------------------------------+----------------------------------------------------------------------+------------------+----------------+--------------+
|  clk_IBUF                                           |                                                           |                                                                      |                4 |              4 |         1.00 |
|  clk_IBUF                                           | num_step_v/process_q[8]_i_2_n_0                           | num_step_v/process_q[8]_i_1_n_0                                      |                2 |              4 |         2.00 |
|  video_1/mmcm_adv_inst_display_clocks/inst/clk_out2 |                                                           | video_1/inst_dvid/shift_red[7]_i_1_n_0                               |                1 |              5 |         5.00 |
|  clk_IBUF                                           | num_step_t/process_q[10]_i_2_n_0                          | num_step_t/process_q[10]_i_1_n_0                                     |                3 |              5 |         1.67 |
|  clk_IBUF                                           | num_step_t/process_q[9]_i_2_n_0                           | num_step_t/process_q1                                                |                1 |              5 |         5.00 |
|  video_1/mmcm_adv_inst_display_clocks/inst/clk_out2 |                                                           | video_1/inst_dvid/shift_red[9]_i_1_n_0                               |                3 |              6 |         2.00 |
|  clk_IBUF                                           | num_step_v/process_q[10]_i_2__0_n_0                       | num_step_v/process_q[10]_i_1__0_n_0                                  |                3 |              6 |         2.00 |
|  video_1/mmcm_adv_inst_display_clocks/inst/clk_out1 | video_1/Inst_vga/vga_sig_gen/horizontal_counter/processQ0 | video_1/Inst_vga/vga_sig_gen/horizontal_counter/processQ[9]_i_1_n_0  |                4 |             10 |         2.50 |
|  video_1/mmcm_adv_inst_display_clocks/inst/clk_out1 | video_1/Inst_vga/vga_sig_gen/vertical_counter/processQ0   | video_1/Inst_vga/vga_sig_gen/vertical_counter/processQ[9]_i_1__0_n_0 |                6 |             10 |         1.67 |
|  video_1/mmcm_adv_inst_display_clocks/inst/clk_out1 |                                                           | video_1/Inst_vga/vga_sig_gen/vga_reg[blank]_0                        |                6 |             13 |         2.17 |
|  video_1/mmcm_adv_inst_display_clocks/inst/clk_out2 |                                                           |                                                                      |                5 |             29 |         5.80 |
|  video_1/mmcm_adv_inst_display_clocks/inst/clk_out1 |                                                           |                                                                      |               10 |             30 |         3.00 |
+-----------------------------------------------------+-----------------------------------------------------------+----------------------------------------------------------------------+------------------+----------------+--------------+


