
*** Running vivado
    with args -log design_1_clk_wiz_2_0.vds -m64 -product Vivado -mode batch -messageDb vivado.pb -notrace -source design_1_clk_wiz_2_0.tcl



****** Vivado v2024.2 (64-bit)
  **** SW Build 5239630 on Fri Nov 08 22:35:27 MST 2024
  **** IP Build 5239520 on Sun Nov 10 16:12:51 MST 2024
  **** SharedData Build 5239561 on Fri Nov 08 14:39:27 MST 2024
  **** Start of session at: Wed May  6 09:23:26 2026
    ** Copyright 1986-2022 Xilinx, Inc. All Rights Reserved.
    ** Copyright 2022-2024 Advanced Micro Devices, Inc. All Rights Reserved.

source design_1_clk_wiz_2_0.tcl -notrace
WARNING: [Common 17-1361] You have specified a new message control rule that is equivalent to an existing rule with attributes ' -id {17-179}  -suppress '. The existing rule will be replaced.
INFO: [IP_Flow 19-234] Refreshing IP repositories
INFO: [IP_Flow 19-1700] Loaded user IP repository 'c:/Users/C27Bradford.Hurt/ece383_wksp/ip_repo/myip_write_SCCB_1_0'.
INFO: [IP_Flow 19-1700] Loaded user IP repository 'c:/Users/C27Bradford.Hurt/ece383_wksp/ip_repo/write_SCCB_1_0'.
INFO: [IP_Flow 19-1700] Loaded user IP repository 'c:/Users/C27Bradford.Hurt/ece383_wksp/ip_repo/my_oscope_1_0'.
INFO: [IP_Flow 19-1700] Loaded user IP repository 'c:/Users/C27Bradford.Hurt/ece383_wksp/ip_repo/My_Counter_IP_1_0'.
INFO: [IP_Flow 19-2313] Loaded Vivado IP repository 'C:/Xilinx/Vivado/2024.2/data/ip'.
INFO: [IP_Flow 19-6924] IPCACHE: Running cache check for IP inst: design_1_clk_wiz_2_0
Command: synth_design -top design_1_clk_wiz_2_0 -part xc7a200tsbg484-1 -incremental_mode off -mode out_of_context
Starting synth_design
Attempting to get a license for feature 'Synthesis' and/or device 'xc7a200t'
INFO: [Common 17-349] Got license for feature 'Synthesis' and/or device 'xc7a200t'
INFO: [Device 21-403] Loading part xc7a200tsbg484-1
INFO: [Synth 8-7079] Multithreading enabled for synth_design using a maximum of 2 processes.
INFO: [Synth 8-7078] Launching helper process for spawning children vivado processes
WARNING: [Common 17-1361] You have specified a new message control rule that is equivalent to an existing rule with attributes ' -id {17-179}  -suppress '. The existing rule will be replaced.
INFO: [Synth 8-7075] Helper process launched with PID 10124
---------------------------------------------------------------------------------
Starting RTL Elaboration : Time (s): cpu = 00:00:06 ; elapsed = 00:00:09 . Memory (MB): peak = 1012.609 ; gain = 468.047
---------------------------------------------------------------------------------
INFO: [Synth 8-6157] synthesizing module 'design_1_clk_wiz_2_0' [c:/Users/C27Bradford.Hurt/ece383_wksp/final_project/final_project.gen/sources_1/bd/design_1/ip/design_1_clk_wiz_2_0/design_1_clk_wiz_2_0.v:67]
INFO: [Synth 8-6157] synthesizing module 'design_1_clk_wiz_2_0_clk_wiz' [c:/Users/C27Bradford.Hurt/ece383_wksp/final_project/final_project.gen/sources_1/bd/design_1/ip/design_1_clk_wiz_2_0/design_1_clk_wiz_2_0_clk_wiz.v:67]
INFO: [Synth 8-6157] synthesizing module 'IBUF' [C:/Xilinx/Vivado/2024.2/scripts/rt/data/unisim_comp.v:75825]
INFO: [Synth 8-6155] done synthesizing module 'IBUF' (0#1) [C:/Xilinx/Vivado/2024.2/scripts/rt/data/unisim_comp.v:75825]
INFO: [Synth 8-6157] synthesizing module 'MMCME2_ADV' [C:/Xilinx/Vivado/2024.2/scripts/rt/data/unisim_comp.v:84588]
	Parameter BANDWIDTH bound to: OPTIMIZED - type: string 
	Parameter CLKFBOUT_MULT_F bound to: 10.000000 - type: double 
	Parameter CLKFBOUT_PHASE bound to: 0.000000 - type: double 
	Parameter CLKFBOUT_USE_FINE_PS bound to: FALSE - type: string 
	Parameter CLKIN1_PERIOD bound to: 10.000000 - type: double 
	Parameter CLKOUT0_DIVIDE_F bound to: 40.000000 - type: double 
	Parameter CLKOUT0_DUTY_CYCLE bound to: 0.500000 - type: double 
	Parameter CLKOUT0_PHASE bound to: 0.000000 - type: double 
	Parameter CLKOUT0_USE_FINE_PS bound to: FALSE - type: string 
	Parameter CLKOUT1_DIVIDE bound to: 8 - type: integer 
	Parameter CLKOUT1_DUTY_CYCLE bound to: 0.500000 - type: double 
	Parameter CLKOUT1_PHASE bound to: 0.000000 - type: double 
	Parameter CLKOUT1_USE_FINE_PS bound to: FALSE - type: string 
	Parameter CLKOUT4_CASCADE bound to: FALSE - type: string 
	Parameter COMPENSATION bound to: ZHOLD - type: string 
	Parameter DIVCLK_DIVIDE bound to: 1 - type: integer 
	Parameter STARTUP_WAIT bound to: FALSE - type: string 
INFO: [Synth 8-6155] done synthesizing module 'MMCME2_ADV' (0#1) [C:/Xilinx/Vivado/2024.2/scripts/rt/data/unisim_comp.v:84588]
INFO: [Synth 8-6157] synthesizing module 'BUFG' [C:/Xilinx/Vivado/2024.2/scripts/rt/data/unisim_comp.v:2676]
INFO: [Synth 8-6155] done synthesizing module 'BUFG' (0#1) [C:/Xilinx/Vivado/2024.2/scripts/rt/data/unisim_comp.v:2676]
INFO: [Synth 8-6155] done synthesizing module 'design_1_clk_wiz_2_0_clk_wiz' (0#1) [c:/Users/C27Bradford.Hurt/ece383_wksp/final_project/final_project.gen/sources_1/bd/design_1/ip/design_1_clk_wiz_2_0/design_1_clk_wiz_2_0_clk_wiz.v:67]
INFO: [Synth 8-6155] done synthesizing module 'design_1_clk_wiz_2_0' (0#1) [c:/Users/C27Bradford.Hurt/ece383_wksp/final_project/final_project.gen/sources_1/bd/design_1/ip/design_1_clk_wiz_2_0/design_1_clk_wiz_2_0.v:67]
---------------------------------------------------------------------------------
Finished RTL Elaboration : Time (s): cpu = 00:00:08 ; elapsed = 00:00:12 . Memory (MB): peak = 1122.461 ; gain = 577.898
---------------------------------------------------------------------------------
---------------------------------------------------------------------------------
Start Handling Custom Attributes
---------------------------------------------------------------------------------
---------------------------------------------------------------------------------
Finished Handling Custom Attributes : Time (s): cpu = 00:00:08 ; elapsed = 00:00:12 . Memory (MB): peak = 1122.461 ; gain = 577.898
---------------------------------------------------------------------------------
---------------------------------------------------------------------------------
Finished RTL Optimization Phase 1 : Time (s): cpu = 00:00:08 ; elapsed = 00:00:12 . Memory (MB): peak = 1122.461 ; gain = 577.898
---------------------------------------------------------------------------------
Netlist sorting complete. Time (s): cpu = 00:00:00 ; elapsed = 00:00:00 . Memory (MB): peak = 1122.461 ; gain = 0.000
INFO: [Netlist 29-17] Analyzing 1 Unisim elements for replacement
INFO: [Netlist 29-28] Unisim Transformation completed in 0 CPU seconds
INFO: [Project 1-570] Preparing netlist for logic optimization

Processing XDC Constraints
Initializing timing engine
Parsing XDC File [c:/Users/C27Bradford.Hurt/ece383_wksp/final_project/final_project.gen/sources_1/bd/design_1/ip/design_1_clk_wiz_2_0/design_1_clk_wiz_2_0_ooc.xdc] for cell 'inst'
Finished Parsing XDC File [c:/Users/C27Bradford.Hurt/ece383_wksp/final_project/final_project.gen/sources_1/bd/design_1/ip/design_1_clk_wiz_2_0/design_1_clk_wiz_2_0_ooc.xdc] for cell 'inst'
Parsing XDC File [c:/Users/C27Bradford.Hurt/ece383_wksp/final_project/final_project.gen/sources_1/bd/design_1/ip/design_1_clk_wiz_2_0/design_1_clk_wiz_2_0_board.xdc] for cell 'inst'
Finished Parsing XDC File [c:/Users/C27Bradford.Hurt/ece383_wksp/final_project/final_project.gen/sources_1/bd/design_1/ip/design_1_clk_wiz_2_0/design_1_clk_wiz_2_0_board.xdc] for cell 'inst'
Parsing XDC File [c:/Users/C27Bradford.Hurt/ece383_wksp/final_project/final_project.gen/sources_1/bd/design_1/ip/design_1_clk_wiz_2_0/design_1_clk_wiz_2_0.xdc] for cell 'inst'
Finished Parsing XDC File [c:/Users/C27Bradford.Hurt/ece383_wksp/final_project/final_project.gen/sources_1/bd/design_1/ip/design_1_clk_wiz_2_0/design_1_clk_wiz_2_0.xdc] for cell 'inst'
INFO: [Project 1-236] Implementation specific constraints were found while reading constraint file [c:/Users/C27Bradford.Hurt/ece383_wksp/final_project/final_project.gen/sources_1/bd/design_1/ip/design_1_clk_wiz_2_0/design_1_clk_wiz_2_0.xdc]. These constraints will be ignored for synthesis but will be used in implementation. Impacted constraints are listed in the file [.Xil/design_1_clk_wiz_2_0_propImpl.xdc].
Resolution: To avoid this warning, move constraints listed in [.Xil/design_1_clk_wiz_2_0_propImpl.xdc] to another XDC file and exclude this new file from synthesis with the used_in_synthesis property (File Properties dialog in GUI) and re-run elaboration/synthesis.
INFO: [Timing 38-2] Deriving generated clocks
Parsing XDC File [C:/Users/C27Bradford.Hurt/ece383_wksp/final_project/final_project.runs/design_1_clk_wiz_2_0_synth_1/dont_touch.xdc]
Finished Parsing XDC File [C:/Users/C27Bradford.Hurt/ece383_wksp/final_project/final_project.runs/design_1_clk_wiz_2_0_synth_1/dont_touch.xdc]
Completed Processing XDC Constraints

Netlist sorting complete. Time (s): cpu = 00:00:00 ; elapsed = 00:00:00 . Memory (MB): peak = 1136.359 ; gain = 0.000
INFO: [Project 1-111] Unisim Transformation Summary:
No Unisim elements were transformed.

Constraint Validation Runtime : Time (s): cpu = 00:00:00 ; elapsed = 00:00:00.042 . Memory (MB): peak = 1136.359 ; gain = 0.000
INFO: [Designutils 20-5008] Incremental synthesis strategy off
---------------------------------------------------------------------------------
Finished Constraint Validation : Time (s): cpu = 00:00:17 ; elapsed = 00:00:23 . Memory (MB): peak = 1136.359 ; gain = 591.797
---------------------------------------------------------------------------------
---------------------------------------------------------------------------------
Start Loading Part and Timing Information
---------------------------------------------------------------------------------
Loading part: xc7a200tsbg484-1
---------------------------------------------------------------------------------
Finished Loading Part and Timing Information : Time (s): cpu = 00:00:17 ; elapsed = 00:00:23 . Memory (MB): peak = 1136.359 ; gain = 591.797
---------------------------------------------------------------------------------
---------------------------------------------------------------------------------
Start Applying 'set_property' XDC Constraints
---------------------------------------------------------------------------------
Applied set_property keep_hierarchy = soft for inst. (constraint file  c:/Users/C27Bradford.Hurt/ece383_wksp/final_project/final_project.gen/sources_1/bd/design_1/ip/design_1_clk_wiz_2_0/design_1_clk_wiz_2_0.xdc, line 53).
Applied set_property KEEP_HIERARCHY = SOFT for inst. (constraint file  C:/Users/C27Bradford.Hurt/ece383_wksp/final_project/final_project.runs/design_1_clk_wiz_2_0_synth_1/dont_touch.xdc, line 9).
---------------------------------------------------------------------------------
Finished applying 'set_property' XDC Constraints : Time (s): cpu = 00:00:17 ; elapsed = 00:00:23 . Memory (MB): peak = 1136.359 ; gain = 591.797
---------------------------------------------------------------------------------
---------------------------------------------------------------------------------
Finished RTL Optimization Phase 2 : Time (s): cpu = 00:00:18 ; elapsed = 00:00:24 . Memory (MB): peak = 1136.359 ; gain = 591.797
---------------------------------------------------------------------------------
---------------------------------------------------------------------------------
Start RTL Component Statistics 
---------------------------------------------------------------------------------
Detailed RTL Component Info : 
---------------------------------------------------------------------------------
Finished RTL Component Statistics 
---------------------------------------------------------------------------------
---------------------------------------------------------------------------------
Start Part Resource Summary
---------------------------------------------------------------------------------
Part Resources:
DSPs: 740 (col length:100)
BRAMs: 730 (col length: RAMB18 100 RAMB36 50)
---------------------------------------------------------------------------------
Finished Part Resource Summary
---------------------------------------------------------------------------------
---------------------------------------------------------------------------------
Start Cross Boundary and Area Optimization
---------------------------------------------------------------------------------
WARNING: [Synth 8-7080] Parallel synthesis criteria is not met
---------------------------------------------------------------------------------
Finished Cross Boundary and Area Optimization : Time (s): cpu = 00:00:19 ; elapsed = 00:00:26 . Memory (MB): peak = 1141.535 ; gain = 596.973
---------------------------------------------------------------------------------
---------------------------------------------------------------------------------
Start Applying XDC Timing Constraints
---------------------------------------------------------------------------------
---------------------------------------------------------------------------------
Finished Applying XDC Timing Constraints : Time (s): cpu = 00:00:26 ; elapsed = 00:00:33 . Memory (MB): peak = 1299.453 ; gain = 754.891
---------------------------------------------------------------------------------
---------------------------------------------------------------------------------
Start Timing Optimization
---------------------------------------------------------------------------------
---------------------------------------------------------------------------------
Finished Timing Optimization : Time (s): cpu = 00:00:26 ; elapsed = 00:00:33 . Memory (MB): peak = 1299.715 ; gain = 755.152
---------------------------------------------------------------------------------
---------------------------------------------------------------------------------
Start Technology Mapping
---------------------------------------------------------------------------------
---------------------------------------------------------------------------------
Finished Technology Mapping : Time (s): cpu = 00:00:26 ; elapsed = 00:00:33 . Memory (MB): peak = 1309.277 ; gain = 764.715
---------------------------------------------------------------------------------
---------------------------------------------------------------------------------
Start IO Insertion
---------------------------------------------------------------------------------
---------------------------------------------------------------------------------
Start Flattening Before IO Insertion
---------------------------------------------------------------------------------
---------------------------------------------------------------------------------
Finished Flattening Before IO Insertion
---------------------------------------------------------------------------------
---------------------------------------------------------------------------------
Start Final Netlist Cleanup
---------------------------------------------------------------------------------
---------------------------------------------------------------------------------
Finished Final Netlist Cleanup
---------------------------------------------------------------------------------
---------------------------------------------------------------------------------
Finished IO Insertion : Time (s): cpu = 00:00:31 ; elapsed = 00:00:40 . Memory (MB): peak = 1525.953 ; gain = 981.391
---------------------------------------------------------------------------------
---------------------------------------------------------------------------------
Start Renaming Generated Instances
---------------------------------------------------------------------------------
---------------------------------------------------------------------------------
Finished Renaming Generated Instances : Time (s): cpu = 00:00:31 ; elapsed = 00:00:40 . Memory (MB): peak = 1525.953 ; gain = 981.391
---------------------------------------------------------------------------------
---------------------------------------------------------------------------------
Start Rebuilding User Hierarchy
---------------------------------------------------------------------------------
---------------------------------------------------------------------------------
Finished Rebuilding User Hierarchy : Time (s): cpu = 00:00:31 ; elapsed = 00:00:40 . Memory (MB): peak = 1525.953 ; gain = 981.391
---------------------------------------------------------------------------------
---------------------------------------------------------------------------------
Start Renaming Generated Ports
---------------------------------------------------------------------------------
---------------------------------------------------------------------------------
Finished Renaming Generated Ports : Time (s): cpu = 00:00:31 ; elapsed = 00:00:40 . Memory (MB): peak = 1525.953 ; gain = 981.391
---------------------------------------------------------------------------------
---------------------------------------------------------------------------------
Start Handling Custom Attributes
---------------------------------------------------------------------------------
---------------------------------------------------------------------------------
Finished Handling Custom Attributes : Time (s): cpu = 00:00:31 ; elapsed = 00:00:40 . Memory (MB): peak = 1525.953 ; gain = 981.391
---------------------------------------------------------------------------------
---------------------------------------------------------------------------------
Start Renaming Generated Nets
---------------------------------------------------------------------------------
---------------------------------------------------------------------------------
Finished Renaming Generated Nets : Time (s): cpu = 00:00:31 ; elapsed = 00:00:40 . Memory (MB): peak = 1525.953 ; gain = 981.391
---------------------------------------------------------------------------------
---------------------------------------------------------------------------------
Start Writing Synthesis Report
---------------------------------------------------------------------------------

Report BlackBoxes: 
+-+--------------+----------+
| |BlackBox name |Instances |
+-+--------------+----------+
+-+--------------+----------+

Report Cell Usage: 
+------+-----------+------+
|      |Cell       |Count |
+------+-----------+------+
|1     |BUFG       |     4|
|2     |LUT1       |     1|
|3     |MMCME2_ADV |     1|
|4     |IBUF       |     1|
+------+-----------+------+
---------------------------------------------------------------------------------
Finished Writing Synthesis Report : Time (s): cpu = 00:00:31 ; elapsed = 00:00:40 . Memory (MB): peak = 1525.953 ; gain = 981.391
---------------------------------------------------------------------------------
Synthesis finished with 0 errors, 0 critical warnings and 1 warnings.
Synthesis Optimization Runtime : Time (s): cpu = 00:00:20 ; elapsed = 00:00:36 . Memory (MB): peak = 1525.953 ; gain = 967.492
Synthesis Optimization Complete : Time (s): cpu = 00:00:31 ; elapsed = 00:00:40 . Memory (MB): peak = 1525.953 ; gain = 981.391
INFO: [Project 1-571] Translating synthesized netlist
Netlist sorting complete. Time (s): cpu = 00:00:00 ; elapsed = 00:00:00 . Memory (MB): peak = 1525.953 ; gain = 0.000
INFO: [Netlist 29-17] Analyzing 1 Unisim elements for replacement
INFO: [Netlist 29-28] Unisim Transformation completed in 0 CPU seconds
INFO: [Project 1-570] Preparing netlist for logic optimization
INFO: [Opt 31-138] Pushed 0 inverter(s) to 0 load pin(s).
Netlist sorting complete. Time (s): cpu = 00:00:00 ; elapsed = 00:00:00 . Memory (MB): peak = 1525.953 ; gain = 0.000
INFO: [Project 1-111] Unisim Transformation Summary:
No Unisim elements were transformed.

Synth Design complete | Checksum: f9e0284b
INFO: [Common 17-83] Releasing license: Synthesis
36 Infos, 3 Warnings, 0 Critical Warnings and 0 Errors encountered.
synth_design completed successfully
synth_design: Time (s): cpu = 00:00:36 ; elapsed = 00:01:15 . Memory (MB): peak = 1525.953 ; gain = 1216.082
Write ShapeDB Complete: Time (s): cpu = 00:00:00 ; elapsed = 00:00:00.002 . Memory (MB): peak = 1525.953 ; gain = 0.000
INFO: [Common 17-1381] The checkpoint 'C:/Users/C27Bradford.Hurt/ece383_wksp/final_project/final_project.runs/design_1_clk_wiz_2_0_synth_1/design_1_clk_wiz_2_0.dcp' has been generated.
INFO: [Coretcl 2-1648] Added synthesis output to IP cache for IP design_1_clk_wiz_2_0, cache-ID = 3b86085057bc9869
Write ShapeDB Complete: Time (s): cpu = 00:00:00 ; elapsed = 00:00:00.001 . Memory (MB): peak = 1525.953 ; gain = 0.000
INFO: [Common 17-1381] The checkpoint 'C:/Users/C27Bradford.Hurt/ece383_wksp/final_project/final_project.runs/design_1_clk_wiz_2_0_synth_1/design_1_clk_wiz_2_0.dcp' has been generated.
INFO: [Vivado 12-24828] Executing command : report_utilization -file design_1_clk_wiz_2_0_utilization_synth.rpt -pb design_1_clk_wiz_2_0_utilization_synth.pb
INFO: [Common 17-206] Exiting Vivado at Wed May  6 09:25:03 2026...
