
*** Running vivado
    with args -log design_1_OV7675_capture_0_0.vds -m64 -product Vivado -mode batch -messageDb vivado.pb -notrace -source design_1_OV7675_capture_0_0.tcl



****** Vivado v2024.2 (64-bit)
  **** SW Build 5239630 on Fri Nov 08 22:35:27 MST 2024
  **** IP Build 5239520 on Sun Nov 10 16:12:51 MST 2024
  **** SharedData Build 5239561 on Fri Nov 08 14:39:27 MST 2024
  **** Start of session at: Tue May  5 23:04:11 2026
    ** Copyright 1986-2022 Xilinx, Inc. All Rights Reserved.
    ** Copyright 2022-2024 Advanced Micro Devices, Inc. All Rights Reserved.

source design_1_OV7675_capture_0_0.tcl -notrace
INFO: [IP_Flow 19-234] Refreshing IP repositories
INFO: [IP_Flow 19-1700] Loaded user IP repository 'c:/Users/C27Bradford.Hurt/ece383_wksp/ip_repo/myip_write_SCCB_1_0'.
INFO: [IP_Flow 19-1700] Loaded user IP repository 'c:/Users/C27Bradford.Hurt/ece383_wksp/ip_repo/write_SCCB_1_0'.
INFO: [IP_Flow 19-1700] Loaded user IP repository 'c:/Users/C27Bradford.Hurt/ece383_wksp/ip_repo/my_oscope_1_0'.
INFO: [IP_Flow 19-1700] Loaded user IP repository 'c:/Users/C27Bradford.Hurt/ece383_wksp/ip_repo/My_Counter_IP_1_0'.
INFO: [IP_Flow 19-2313] Loaded Vivado IP repository 'C:/Xilinx/Vivado/2024.2/data/ip'.
Command: synth_design -top design_1_OV7675_capture_0_0 -part xc7a200tsbg484-1 -incremental_mode off -mode out_of_context
Starting synth_design
Attempting to get a license for feature 'Synthesis' and/or device 'xc7a200t'
INFO: [Common 17-349] Got license for feature 'Synthesis' and/or device 'xc7a200t'
INFO: [Device 21-403] Loading part xc7a200tsbg484-1
INFO: [Synth 8-7079] Multithreading enabled for synth_design using a maximum of 2 processes.
INFO: [Synth 8-7078] Launching helper process for spawning children vivado processes
INFO: [Synth 8-7075] Helper process launched with PID 19964
---------------------------------------------------------------------------------
Starting RTL Elaboration : Time (s): cpu = 00:00:07 ; elapsed = 00:00:08 . Memory (MB): peak = 1011.688 ; gain = 468.824
---------------------------------------------------------------------------------
INFO: [Synth 8-638] synthesizing module 'design_1_OV7675_capture_0_0' [c:/Users/C27Bradford.Hurt/ece383_wksp/final_project/final_project.gen/sources_1/bd/design_1/ip/design_1_OV7675_capture_0_0/synth/design_1_OV7675_capture_0_0.vhd:74]
INFO: [Synth 8-3491] module 'OV7675_capture' declared at 'C:/Users/C27Bradford.Hurt/ece383_wksp/final_project/final_project.srcs/sources_1/new/OV7675_capture.vhd:35' bound to instance 'U0' of component 'OV7675_capture' [c:/Users/C27Bradford.Hurt/ece383_wksp/final_project/final_project.gen/sources_1/bd/design_1/ip/design_1_OV7675_capture_0_0/synth/design_1_OV7675_capture_0_0.vhd:112]
INFO: [Synth 8-638] synthesizing module 'OV7675_capture' [C:/Users/C27Bradford.Hurt/ece383_wksp/final_project/final_project.srcs/sources_1/new/OV7675_capture.vhd:51]
INFO: [Synth 8-256] done synthesizing module 'OV7675_capture' (0#1) [C:/Users/C27Bradford.Hurt/ece383_wksp/final_project/final_project.srcs/sources_1/new/OV7675_capture.vhd:51]
INFO: [Synth 8-256] done synthesizing module 'design_1_OV7675_capture_0_0' (0#1) [c:/Users/C27Bradford.Hurt/ece383_wksp/final_project/final_project.gen/sources_1/bd/design_1/ip/design_1_OV7675_capture_0_0/synth/design_1_OV7675_capture_0_0.vhd:74]
---------------------------------------------------------------------------------
Finished RTL Elaboration : Time (s): cpu = 00:00:08 ; elapsed = 00:00:11 . Memory (MB): peak = 1128.023 ; gain = 585.160
---------------------------------------------------------------------------------
---------------------------------------------------------------------------------
Start Handling Custom Attributes
---------------------------------------------------------------------------------
---------------------------------------------------------------------------------
Finished Handling Custom Attributes : Time (s): cpu = 00:00:08 ; elapsed = 00:00:11 . Memory (MB): peak = 1128.023 ; gain = 585.160
---------------------------------------------------------------------------------
---------------------------------------------------------------------------------
Finished RTL Optimization Phase 1 : Time (s): cpu = 00:00:08 ; elapsed = 00:00:11 . Memory (MB): peak = 1128.023 ; gain = 585.160
---------------------------------------------------------------------------------
Netlist sorting complete. Time (s): cpu = 00:00:00 ; elapsed = 00:00:00.010 . Memory (MB): peak = 1128.023 ; gain = 0.000
INFO: [Project 1-570] Preparing netlist for logic optimization

Processing XDC Constraints
Initializing timing engine
Completed Processing XDC Constraints

Netlist sorting complete. Time (s): cpu = 00:00:00 ; elapsed = 00:00:00.001 . Memory (MB): peak = 1219.930 ; gain = 0.000
INFO: [Project 1-111] Unisim Transformation Summary:
No Unisim elements were transformed.

Constraint Validation Runtime : Time (s): cpu = 00:00:00 ; elapsed = 00:00:00.070 . Memory (MB): peak = 1221.207 ; gain = 1.277
INFO: [Designutils 20-5008] Incremental synthesis strategy off
---------------------------------------------------------------------------------
Finished Constraint Validation : Time (s): cpu = 00:00:17 ; elapsed = 00:00:21 . Memory (MB): peak = 1221.207 ; gain = 678.344
---------------------------------------------------------------------------------
---------------------------------------------------------------------------------
Start Loading Part and Timing Information
---------------------------------------------------------------------------------
Loading part: xc7a200tsbg484-1
---------------------------------------------------------------------------------
Finished Loading Part and Timing Information : Time (s): cpu = 00:00:17 ; elapsed = 00:00:21 . Memory (MB): peak = 1221.207 ; gain = 678.344
---------------------------------------------------------------------------------
---------------------------------------------------------------------------------
Start Applying 'set_property' XDC Constraints
---------------------------------------------------------------------------------
---------------------------------------------------------------------------------
Finished applying 'set_property' XDC Constraints : Time (s): cpu = 00:00:17 ; elapsed = 00:00:21 . Memory (MB): peak = 1221.207 ; gain = 678.344
---------------------------------------------------------------------------------
INFO: [Synth 8-802] inferred FSM for state register 'startup_state_reg' in module 'OV7675_capture'
INFO: [Synth 8-802] inferred FSM for state register 'YUV_state_reg' in module 'OV7675_capture'
INFO: [Synth 8-802] inferred FSM for state register 'RGB_state_reg' in module 'OV7675_capture'
---------------------------------------------------------------------------------------------------
                   State |                     New Encoding |                Previous Encoding 
---------------------------------------------------------------------------------------------------
                  s_init |                              000 |                              000
              s_power_on |                              001 |                              001
           s_wake_sensor |                              010 |                              010
             s_stabilize |                              011 |                              011
                   s_run |                              100 |                              100
---------------------------------------------------------------------------------------------------
INFO: [Synth 8-3354] encoded FSM with state register 'startup_state_reg' using encoding 'sequential' in module 'OV7675_capture'
---------------------------------------------------------------------------------------------------
                   State |                     New Encoding |                Previous Encoding 
---------------------------------------------------------------------------------------------------
                      s0 |                             0001 |                               00
                      s1 |                             0010 |                               01
                      s2 |                             0100 |                               10
                      s3 |                             1000 |                               11
---------------------------------------------------------------------------------------------------
INFO: [Synth 8-3354] encoded FSM with state register 'YUV_state_reg' using encoding 'one-hot' in module 'OV7675_capture'
---------------------------------------------------------------------------------------------------
                   State |                     New Encoding |                Previous Encoding 
---------------------------------------------------------------------------------------------------
                    idle |                             0001 |                               00
               latch_yuv |                             0010 |                               01
           prepare_write |                             0100 |                               10
              write_bram |                             1000 |                               11
---------------------------------------------------------------------------------------------------
INFO: [Synth 8-3354] encoded FSM with state register 'RGB_state_reg' using encoding 'one-hot' in module 'OV7675_capture'
---------------------------------------------------------------------------------
Finished RTL Optimization Phase 2 : Time (s): cpu = 00:00:18 ; elapsed = 00:00:22 . Memory (MB): peak = 1221.207 ; gain = 678.344
---------------------------------------------------------------------------------
---------------------------------------------------------------------------------
Start RTL Component Statistics 
---------------------------------------------------------------------------------
Detailed RTL Component Info : 
+---Adders : 
	   2 Input   32 Bit       Adders := 9     
	   4 Input   32 Bit       Adders := 2     
	   2 Input   31 Bit       Adders := 4     
	   2 Input   11 Bit       Adders := 2     
+---Registers : 
	               32 Bit    Registers := 3     
	                8 Bit    Registers := 8     
	                4 Bit    Registers := 1     
	                1 Bit    Registers := 13    
+---Muxes : 
	   5 Input   32 Bit        Muxes := 1     
	   2 Input   32 Bit        Muxes := 4     
	   2 Input   31 Bit        Muxes := 4     
	   2 Input    8 Bit        Muxes := 12    
	   5 Input    3 Bit        Muxes := 1     
	   5 Input    1 Bit        Muxes := 6     
	   2 Input    1 Bit        Muxes := 5     
	   4 Input    1 Bit        Muxes := 2     
---------------------------------------------------------------------------------
Finished RTL Component Statistics 
---------------------------------------------------------------------------------
---------------------------------------------------------------------------------
Start Part Resource Summary
---------------------------------------------------------------------------------
Part Resources:
DSPs: 740 (col length:100)
BRAMs: 730 (col length: RAMB18 100 RAMB36 50)
---------------------------------------------------------------------------------
Finished Part Resource Summary
---------------------------------------------------------------------------------
---------------------------------------------------------------------------------
Start Cross Boundary and Area Optimization
---------------------------------------------------------------------------------
WARNING: [Synth 8-7080] Parallel synthesis criteria is not met
DSP Report: Generating DSP temp_B16, operation Mode is: A*(B:0x1c6).
DSP Report: operator temp_B16 is absorbed into DSP temp_B16.
DSP Report: Generating DSP temp_G17, operation Mode is: A*(B:0x58).
DSP Report: operator temp_G17 is absorbed into DSP temp_G17.
DSP Report: Generating DSP temp_G16, operation Mode is: A*(B:0xb7).
DSP Report: operator temp_G16 is absorbed into DSP temp_G16.
DSP Report: Generating DSP temp_R16, operation Mode is: A*(B:0x167).
DSP Report: operator temp_R16 is absorbed into DSP temp_R16.
---------------------------------------------------------------------------------
Finished Cross Boundary and Area Optimization : Time (s): cpu = 00:00:22 ; elapsed = 00:00:26 . Memory (MB): peak = 1221.207 ; gain = 678.344
---------------------------------------------------------------------------------
 Sort Area is  temp_B16_6 : 0 0 : 331 331 : Used 1 time 0
 Sort Area is  temp_R16_0 : 0 0 : 331 331 : Used 1 time 0
 Sort Area is  temp_G16_2 : 0 0 : 304 304 : Used 1 time 0
 Sort Area is  temp_G17_4 : 0 0 : 158 158 : Used 1 time 0
---------------------------------------------------------------------------------
Start ROM, RAM, DSP, Shift Register and Retiming Reporting
---------------------------------------------------------------------------------

DSP: Preliminary Mapping Report (see note below. The ' indicates corresponding REG is set)
+---------------+-------------+--------+--------+--------+--------+--------+------+------+------+------+-------+------+------+
|Module Name    | DSP Mapping | A Size | B Size | C Size | D Size | P Size | AREG | BREG | CREG | DREG | ADREG | MREG | PREG | 
+---------------+-------------+--------+--------+--------+--------+--------+------+------+------+------+-------+------+------+
|OV7675_capture | A*(B:0x1c6) | 11     | 10     | -      | -      | 21     | 0    | 0    | -    | -    | -     | 0    | 0    | 
|OV7675_capture | A*(B:0x58)  | 11     | 8      | -      | -      | 19     | 0    | 0    | -    | -    | -     | 0    | 0    | 
|OV7675_capture | A*(B:0xb7)  | 11     | 9      | -      | -      | 20     | 0    | 0    | -    | -    | -     | 0    | 0    | 
|OV7675_capture | A*(B:0x167) | 11     | 10     | -      | -      | 21     | 0    | 0    | -    | -    | -     | 0    | 0    | 
+---------------+-------------+--------+--------+--------+--------+--------+------+------+------+------+-------+------+------+

Note: The table above is a preliminary report that shows the DSPs inferred at the current stage of the synthesis flow. Some DSP may be reimplemented as non DSP primitives later in the synthesis flow. Multiple instantiated DSPs are reported only once.
---------------------------------------------------------------------------------
Finished ROM, RAM, DSP, Shift Register and Retiming Reporting
---------------------------------------------------------------------------------
---------------------------------------------------------------------------------
Start Applying XDC Timing Constraints
---------------------------------------------------------------------------------
---------------------------------------------------------------------------------
Finished Applying XDC Timing Constraints : Time (s): cpu = 00:00:31 ; elapsed = 00:00:36 . Memory (MB): peak = 1358.086 ; gain = 815.223
---------------------------------------------------------------------------------
---------------------------------------------------------------------------------
Start Timing Optimization
---------------------------------------------------------------------------------
---------------------------------------------------------------------------------
Finished Timing Optimization : Time (s): cpu = 00:00:31 ; elapsed = 00:00:36 . Memory (MB): peak = 1358.605 ; gain = 815.742
---------------------------------------------------------------------------------
---------------------------------------------------------------------------------
Start Technology Mapping
---------------------------------------------------------------------------------
---------------------------------------------------------------------------------
Finished Technology Mapping : Time (s): cpu = 00:00:31 ; elapsed = 00:00:36 . Memory (MB): peak = 1387.215 ; gain = 844.352
---------------------------------------------------------------------------------
---------------------------------------------------------------------------------
Start IO Insertion
---------------------------------------------------------------------------------
---------------------------------------------------------------------------------
Start Flattening Before IO Insertion
---------------------------------------------------------------------------------
---------------------------------------------------------------------------------
Finished Flattening Before IO Insertion
---------------------------------------------------------------------------------
---------------------------------------------------------------------------------
Start Final Netlist Cleanup
---------------------------------------------------------------------------------
---------------------------------------------------------------------------------
Finished Final Netlist Cleanup
---------------------------------------------------------------------------------
---------------------------------------------------------------------------------
Finished IO Insertion : Time (s): cpu = 00:00:35 ; elapsed = 00:00:41 . Memory (MB): peak = 1581.750 ; gain = 1038.887
---------------------------------------------------------------------------------
---------------------------------------------------------------------------------
Start Renaming Generated Instances
---------------------------------------------------------------------------------
---------------------------------------------------------------------------------
Finished Renaming Generated Instances : Time (s): cpu = 00:00:35 ; elapsed = 00:00:41 . Memory (MB): peak = 1581.750 ; gain = 1038.887
---------------------------------------------------------------------------------
---------------------------------------------------------------------------------
Start Rebuilding User Hierarchy
---------------------------------------------------------------------------------
---------------------------------------------------------------------------------
Finished Rebuilding User Hierarchy : Time (s): cpu = 00:00:35 ; elapsed = 00:00:41 . Memory (MB): peak = 1581.750 ; gain = 1038.887
---------------------------------------------------------------------------------
---------------------------------------------------------------------------------
Start Renaming Generated Ports
---------------------------------------------------------------------------------
---------------------------------------------------------------------------------
Finished Renaming Generated Ports : Time (s): cpu = 00:00:35 ; elapsed = 00:00:41 . Memory (MB): peak = 1581.750 ; gain = 1038.887
---------------------------------------------------------------------------------
---------------------------------------------------------------------------------
Start Handling Custom Attributes
---------------------------------------------------------------------------------
---------------------------------------------------------------------------------
Finished Handling Custom Attributes : Time (s): cpu = 00:00:35 ; elapsed = 00:00:41 . Memory (MB): peak = 1581.750 ; gain = 1038.887
---------------------------------------------------------------------------------
---------------------------------------------------------------------------------
Start Renaming Generated Nets
---------------------------------------------------------------------------------
---------------------------------------------------------------------------------
Finished Renaming Generated Nets : Time (s): cpu = 00:00:35 ; elapsed = 00:00:41 . Memory (MB): peak = 1581.750 ; gain = 1038.887
---------------------------------------------------------------------------------
---------------------------------------------------------------------------------
Start Writing Synthesis Report
---------------------------------------------------------------------------------

DSP Final Report (the ' indicates corresponding REG is set)
+---------------+-------------+--------+--------+--------+--------+--------+------+------+------+------+-------+------+------+
|Module Name    | DSP Mapping | A Size | B Size | C Size | D Size | P Size | AREG | BREG | CREG | DREG | ADREG | MREG | PREG | 
+---------------+-------------+--------+--------+--------+--------+--------+------+------+------+------+-------+------+------+
|OV7675_capture | A*B         | 30     | 9      | -      | -      | 21     | 0    | 0    | -    | -    | -     | 0    | 0    | 
|OV7675_capture | A*B         | 30     | 7      | -      | -      | 19     | 0    | 0    | -    | -    | -     | 0    | 0    | 
|OV7675_capture | A*B         | 30     | 8      | -      | -      | 20     | 0    | 0    | -    | -    | -     | 0    | 0    | 
|OV7675_capture | A*B         | 30     | 9      | -      | -      | 21     | 0    | 0    | -    | -    | -     | 0    | 0    | 
+---------------+-------------+--------+--------+--------+--------+--------+------+------+------+------+-------+------+------+


Report BlackBoxes: 
+-+--------------+----------+
| |BlackBox name |Instances |
+-+--------------+----------+
+-+--------------+----------+

Report Cell Usage: 
+------+--------+------+
|      |Cell    |Count |
+------+--------+------+
|1     |CARRY4  |   133|
|2     |DSP48E1 |     4|
|3     |LUT1    |    87|
|4     |LUT2    |   303|
|5     |LUT3    |    84|
|6     |LUT4    |    89|
|7     |LUT5    |    71|
|8     |LUT6    |    71|
|9     |FDRE    |   198|
|10    |FDSE    |    36|
+------+--------+------+
---------------------------------------------------------------------------------
Finished Writing Synthesis Report : Time (s): cpu = 00:00:35 ; elapsed = 00:00:41 . Memory (MB): peak = 1581.750 ; gain = 1038.887
---------------------------------------------------------------------------------
Synthesis finished with 0 errors, 0 critical warnings and 1 warnings.
Synthesis Optimization Runtime : Time (s): cpu = 00:00:26 ; elapsed = 00:00:38 . Memory (MB): peak = 1581.750 ; gain = 945.703
Synthesis Optimization Complete : Time (s): cpu = 00:00:36 ; elapsed = 00:00:41 . Memory (MB): peak = 1581.750 ; gain = 1038.887
INFO: [Project 1-571] Translating synthesized netlist
Netlist sorting complete. Time (s): cpu = 00:00:00 ; elapsed = 00:00:00.011 . Memory (MB): peak = 1590.906 ; gain = 0.000
INFO: [Netlist 29-17] Analyzing 137 Unisim elements for replacement
INFO: [Netlist 29-28] Unisim Transformation completed in 0 CPU seconds
WARNING: [Netlist 29-101] Netlist 'design_1_OV7675_capture_0_0' is not ideal for floorplanning, since the cellview 'OV7675_capture' contains a large number of primitives.  Please consider enabling hierarchy in synthesis if you want to do floorplanning.
INFO: [Project 1-570] Preparing netlist for logic optimization
INFO: [Opt 31-138] Pushed 0 inverter(s) to 0 load pin(s).
Netlist sorting complete. Time (s): cpu = 00:00:00 ; elapsed = 00:00:00 . Memory (MB): peak = 1597.195 ; gain = 0.000
INFO: [Project 1-111] Unisim Transformation Summary:
No Unisim elements were transformed.

Synth Design complete | Checksum: c9949d51
INFO: [Common 17-83] Releasing license: Synthesis
32 Infos, 2 Warnings, 0 Critical Warnings and 0 Errors encountered.
synth_design completed successfully
synth_design: Time (s): cpu = 00:00:39 ; elapsed = 00:01:14 . Memory (MB): peak = 1597.195 ; gain = 1290.004
Write ShapeDB Complete: Time (s): cpu = 00:00:00 ; elapsed = 00:00:00.004 . Memory (MB): peak = 1597.195 ; gain = 0.000
INFO: [Common 17-1381] The checkpoint 'C:/Users/C27Bradford.Hurt/ece383_wksp/final_project/final_project.runs/design_1_OV7675_capture_0_0_synth_1/design_1_OV7675_capture_0_0.dcp' has been generated.
INFO: [Vivado 12-24828] Executing command : report_utilization -file design_1_OV7675_capture_0_0_utilization_synth.rpt -pb design_1_OV7675_capture_0_0_utilization_synth.pb
INFO: [Common 17-206] Exiting Vivado at Tue May  5 23:05:46 2026...
