TRACE::2026-03-06.08:51:49::SCWPlatform::Trying to open the hw design at C:/Users/C27Bradford.Hurt/ece383_wksp/ice2/design_1_wrapper/hw/design_1_wrapper.xsa
TRACE::2026-03-06.08:51:49::SCWPlatform::DSA given C:/Users/C27Bradford.Hurt/ece383_wksp/ice2/design_1_wrapper/hw/design_1_wrapper.xsa
TRACE::2026-03-06.08:51:49::SCWPlatform::DSA absoulate path C:/Users/C27Bradford.Hurt/ece383_wksp/ice2/design_1_wrapper/hw/design_1_wrapper.xsa
TRACE::2026-03-06.08:51:49::SCWPlatform::DSA directory C:/Users/C27Bradford.Hurt/ece383_wksp/ice2/design_1_wrapper/hw
TRACE::2026-03-06.08:51:49::SCWPlatform:: Platform Path C:/Users/C27Bradford.Hurt/ece383_wksp/ice2/design_1_wrapper/hw/design_1_wrapper.xsa
TRACE::2026-03-06.08:51:49::SCWPlatform:: Unique name xilinx:nexys_video::0.0
TRACE::2026-03-06.08:51:49::SCWPlatform::Do not have an existing db opened. 
TRACE::2026-03-06.08:51:50::SCWPlatform::Opened new HwDB with name design_1_wrapper_0
TRACE::2026-03-06.08:51:50::SCWWriter::formatted JSON is {
	"platformName":	"design_1_wrapper",
	"sprVersion":	"2.0",
	"mode":	"gui",
	"dsaType":	"Fixed",
	"platformDesc":	"design_1_wrapper",
	"platHandOff":	"<platformDir>.xsa",
	"platIntHandOff":	"<platformDir>/hw/design_1_wrapper.xsa",
	"deviceType":	"FPGA",
	"platIsPrebuiltAutogen":	"false",
	"platIsNoBootBsp":	"false",
	"hasFsblMakeHasChanges":	"false",
	"hasPmufwMakeHasChanges":	"false",
	"platPreBuiltFlag":	false,
	"platformSamplesDir":	""
}
TRACE::2026-03-06.08:51:50::SCWWriter::formatted JSON is {
	"platformName":	"design_1_wrapper",
	"sprVersion":	"2.0",
	"mode":	"gui",
	"dsaType":	"Fixed",
	"platformDesc":	"design_1_wrapper",
	"platHandOff":	"<platformDir>.xsa",
	"platIntHandOff":	"<platformDir>/hw/design_1_wrapper.xsa",
	"deviceType":	"FPGA",
	"platIsPrebuiltAutogen":	"false",
	"platIsNoBootBsp":	"false",
	"hasFsblMakeHasChanges":	"false",
	"hasPmufwMakeHasChanges":	"false",
	"platPreBuiltFlag":	false,
	"platformSamplesDir":	"",
	"platActiveSys":	"design_1_wrapper",
	"systems":	[{
			"systemName":	"design_1_wrapper",
			"systemDesc":	"design_1_wrapper",
			"sysIsBootAutoGen":	"true",
			"systemDispName":	"design_1_wrapper"
		}]
}
TRACE::2026-03-06.08:51:50::SCWPlatform::Boot application domains not present, creating them
TRACE::2026-03-06.08:51:50::SCWPlatform::Pure FPGA device, no boot application will be created.
TRACE::2026-03-06.08:51:50::SCWWriter::formatted JSON is {
	"platformName":	"design_1_wrapper",
	"sprVersion":	"2.0",
	"mode":	"gui",
	"dsaType":	"Fixed",
	"platformDesc":	"design_1_wrapper",
	"platHandOff":	"<platformDir>.xsa",
	"platIntHandOff":	"<platformDir>/hw/design_1_wrapper.xsa",
	"deviceType":	"FPGA",
	"platIsPrebuiltAutogen":	"false",
	"platIsNoBootBsp":	"false",
	"hasFsblMakeHasChanges":	"false",
	"hasPmufwMakeHasChanges":	"false",
	"platPreBuiltFlag":	false,
	"platformSamplesDir":	"",
	"platActiveSys":	"design_1_wrapper",
	"systems":	[{
			"systemName":	"design_1_wrapper",
			"systemDesc":	"design_1_wrapper",
			"sysIsBootAutoGen":	"true",
			"systemDispName":	"design_1_wrapper"
		}]
}
TRACE::2026-03-06.08:51:50::SCWWriter::formatted JSON is {
	"platformName":	"design_1_wrapper",
	"sprVersion":	"2.0",
	"mode":	"gui",
	"dsaType":	"Fixed",
	"platformDesc":	"design_1_wrapper",
	"platHandOff":	"<platformDir>.xsa",
	"platIntHandOff":	"<platformDir>/hw/design_1_wrapper.xsa",
	"deviceType":	"FPGA",
	"platIsPrebuiltAutogen":	"false",
	"platIsNoBootBsp":	"false",
	"hasFsblMakeHasChanges":	"false",
	"hasPmufwMakeHasChanges":	"false",
	"platPreBuiltFlag":	false,
	"platformSamplesDir":	"",
	"platActiveSys":	"design_1_wrapper",
	"systems":	[{
			"systemName":	"design_1_wrapper",
			"systemDesc":	"design_1_wrapper",
			"sysIsBootAutoGen":	"true",
			"systemDispName":	"design_1_wrapper"
		}]
}
TRACE::2026-03-06.08:51:50::SCWPlatform::Trying to open the hw design at C:/Users/C27Bradford.Hurt/ece383_wksp/ice2/design_1_wrapper/hw/design_1_wrapper.xsa
TRACE::2026-03-06.08:51:50::SCWPlatform::DSA given C:/Users/C27Bradford.Hurt/ece383_wksp/ice2/design_1_wrapper/hw/design_1_wrapper.xsa
TRACE::2026-03-06.08:51:50::SCWPlatform::DSA absoulate path C:/Users/C27Bradford.Hurt/ece383_wksp/ice2/design_1_wrapper/hw/design_1_wrapper.xsa
TRACE::2026-03-06.08:51:50::SCWPlatform::DSA directory C:/Users/C27Bradford.Hurt/ece383_wksp/ice2/design_1_wrapper/hw
TRACE::2026-03-06.08:51:50::SCWPlatform:: Platform Path C:/Users/C27Bradford.Hurt/ece383_wksp/ice2/design_1_wrapper/hw/design_1_wrapper.xsa
TRACE::2026-03-06.08:51:50::SCWPlatform:: Unique name xilinx:nexys_video::0.0
TRACE::2026-03-06.08:51:50::SCWPlatform::Trying to set the existing hwdb with name design_1_wrapper_0
TRACE::2026-03-06.08:51:50::SCWPlatform::Opened existing hwdb design_1_wrapper_0
TRACE::2026-03-06.08:51:50::SCWPlatform::Found the Hw Db part of the input DSA
TRACE::2026-03-06.08:51:50::SCWPlatform::Trying to open the hw design at C:/Users/C27Bradford.Hurt/ece383_wksp/ice2/design_1_wrapper/hw/design_1_wrapper.xsa
TRACE::2026-03-06.08:51:50::SCWPlatform::DSA given C:/Users/C27Bradford.Hurt/ece383_wksp/ice2/design_1_wrapper/hw/design_1_wrapper.xsa
TRACE::2026-03-06.08:51:50::SCWPlatform::DSA absoulate path C:/Users/C27Bradford.Hurt/ece383_wksp/ice2/design_1_wrapper/hw/design_1_wrapper.xsa
TRACE::2026-03-06.08:51:50::SCWPlatform::DSA directory C:/Users/C27Bradford.Hurt/ece383_wksp/ice2/design_1_wrapper/hw
TRACE::2026-03-06.08:51:50::SCWPlatform:: Platform Path C:/Users/C27Bradford.Hurt/ece383_wksp/ice2/design_1_wrapper/hw/design_1_wrapper.xsa
TRACE::2026-03-06.08:51:50::SCWPlatform:: Unique name xilinx:nexys_video::0.0
TRACE::2026-03-06.08:51:50::SCWPlatform::Trying to set the existing hwdb with name design_1_wrapper_0
TRACE::2026-03-06.08:51:50::SCWPlatform::Opened existing hwdb design_1_wrapper_0
TRACE::2026-03-06.08:51:50::SCWPlatform::Found the Hw Db part of the input DSA
TRACE::2026-03-06.08:51:50::SCWDomain::checking for install qemu data   : 
TRACE::2026-03-06.08:51:50::SCWPlatform::Trying to open the hw design at C:/Users/C27Bradford.Hurt/ece383_wksp/ice2/design_1_wrapper/hw/design_1_wrapper.xsa
TRACE::2026-03-06.08:51:50::SCWPlatform::DSA given C:/Users/C27Bradford.Hurt/ece383_wksp/ice2/design_1_wrapper/hw/design_1_wrapper.xsa
TRACE::2026-03-06.08:51:50::SCWPlatform::DSA absoulate path C:/Users/C27Bradford.Hurt/ece383_wksp/ice2/design_1_wrapper/hw/design_1_wrapper.xsa
TRACE::2026-03-06.08:51:50::SCWPlatform::DSA directory C:/Users/C27Bradford.Hurt/ece383_wksp/ice2/design_1_wrapper/hw
TRACE::2026-03-06.08:51:50::SCWPlatform:: Platform Path C:/Users/C27Bradford.Hurt/ece383_wksp/ice2/design_1_wrapper/hw/design_1_wrapper.xsa
TRACE::2026-03-06.08:51:50::SCWPlatform:: Unique name xilinx:nexys_video::0.0
TRACE::2026-03-06.08:51:50::SCWPlatform::Trying to set the existing hwdb with name design_1_wrapper_0
TRACE::2026-03-06.08:51:50::SCWPlatform::Opened existing hwdb design_1_wrapper_0
TRACE::2026-03-06.08:51:50::SCWPlatform::Found the Hw Db part of the input DSA
TRACE::2026-03-06.08:51:50::SCWPlatform::Trying to open the hw design at C:/Users/C27Bradford.Hurt/ece383_wksp/ice2/design_1_wrapper/hw/design_1_wrapper.xsa
TRACE::2026-03-06.08:51:50::SCWPlatform::DSA given C:/Users/C27Bradford.Hurt/ece383_wksp/ice2/design_1_wrapper/hw/design_1_wrapper.xsa
TRACE::2026-03-06.08:51:50::SCWPlatform::DSA absoulate path C:/Users/C27Bradford.Hurt/ece383_wksp/ice2/design_1_wrapper/hw/design_1_wrapper.xsa
TRACE::2026-03-06.08:51:50::SCWPlatform::DSA directory C:/Users/C27Bradford.Hurt/ece383_wksp/ice2/design_1_wrapper/hw
TRACE::2026-03-06.08:51:50::SCWPlatform:: Platform Path C:/Users/C27Bradford.Hurt/ece383_wksp/ice2/design_1_wrapper/hw/design_1_wrapper.xsa
TRACE::2026-03-06.08:51:50::SCWPlatform:: Unique name xilinx:nexys_video::0.0
TRACE::2026-03-06.08:51:50::SCWPlatform::Trying to set the existing hwdb with name design_1_wrapper_0
TRACE::2026-03-06.08:51:50::SCWPlatform::Opened existing hwdb design_1_wrapper_0
TRACE::2026-03-06.08:51:50::SCWPlatform::Found the Hw Db part of the input DSA
TRACE::2026-03-06.08:51:50::SCWPlatform::Trying to open the hw design at C:/Users/C27Bradford.Hurt/ece383_wksp/ice2/design_1_wrapper/hw/design_1_wrapper.xsa
TRACE::2026-03-06.08:51:50::SCWPlatform::DSA given C:/Users/C27Bradford.Hurt/ece383_wksp/ice2/design_1_wrapper/hw/design_1_wrapper.xsa
TRACE::2026-03-06.08:51:50::SCWPlatform::DSA absoulate path C:/Users/C27Bradford.Hurt/ece383_wksp/ice2/design_1_wrapper/hw/design_1_wrapper.xsa
TRACE::2026-03-06.08:51:50::SCWPlatform::DSA directory C:/Users/C27Bradford.Hurt/ece383_wksp/ice2/design_1_wrapper/hw
TRACE::2026-03-06.08:51:50::SCWPlatform:: Platform Path C:/Users/C27Bradford.Hurt/ece383_wksp/ice2/design_1_wrapper/hw/design_1_wrapper.xsa
TRACE::2026-03-06.08:51:50::SCWPlatform:: Unique name xilinx:nexys_video::0.0
TRACE::2026-03-06.08:51:50::SCWPlatform::Trying to set the existing hwdb with name design_1_wrapper_0
TRACE::2026-03-06.08:51:50::SCWPlatform::Opened existing hwdb design_1_wrapper_0
TRACE::2026-03-06.08:51:50::SCWPlatform::Found the Hw Db part of the input DSA
TRACE::2026-03-06.08:51:50::SCWMssOS::Checking the sw design at  C:/Users/C27Bradford.Hurt/ece383_wksp/ice2/design_1_wrapper/microblaze_0/standalone_microblaze_0/bsp/system.mss
TRACE::2026-03-06.08:51:50::SCWMssOS::DEBUG:  swdes dump  
TRACE::2026-03-06.08:51:50::SCWMssOS::No sw design opened at  C:/Users/C27Bradford.Hurt/ece383_wksp/ice2/design_1_wrapper/microblaze_0/standalone_microblaze_0/bsp/system.mss
TRACE::2026-03-06.08:51:50::SCWMssOS::mss does not exists at C:/Users/C27Bradford.Hurt/ece383_wksp/ice2/design_1_wrapper/microblaze_0/standalone_microblaze_0/bsp/system.mss
TRACE::2026-03-06.08:51:50::SCWMssOS::Creating sw design at  C:/Users/C27Bradford.Hurt/ece383_wksp/ice2/design_1_wrapper/microblaze_0/standalone_microblaze_0/bsp/system.mss
TRACE::2026-03-06.08:51:50::SCWMssOS::Adding the swdes entry, created swdb C:/Users/C27Bradford.Hurt/ece383_wksp/ice2/design_1_wrapper/microblaze_0/standalone_microblaze_0/bsp/system.mss with des name C:/Users/C27Bradford.Hurt/ece383_wksp/ice2/design_1_wrapper/microblaze_0/standalone_microblaze_0/bsp/system.mss
TRACE::2026-03-06.08:51:50::SCWMssOS::updating the scw layer changes to swdes at   C:/Users/C27Bradford.Hurt/ece383_wksp/ice2/design_1_wrapper/microblaze_0/standalone_microblaze_0/bsp/system.mss
TRACE::2026-03-06.08:51:50::SCWMssOS::Writing mss at C:/Users/C27Bradford.Hurt/ece383_wksp/ice2/design_1_wrapper/microblaze_0/standalone_microblaze_0/bsp/system.mss
TRACE::2026-03-06.08:51:50::SCWMssOS::Completed writing the mss file at C:/Users/C27Bradford.Hurt/ece383_wksp/ice2/design_1_wrapper/microblaze_0/standalone_microblaze_0/bsp
TRACE::2026-03-06.08:51:50::SCWMssOS::Picking up changes from newly written mss file into SCW Layer. 
TRACE::2026-03-06.08:51:50::SCWMssOS::Updated the changes from newly written mss file into SCW Layer. 
TRACE::2026-03-06.08:51:51::SCWMssOS::Completed writing the mss file at C:/Users/C27Bradford.Hurt/ece383_wksp/ice2/design_1_wrapper/microblaze_0/standalone_microblaze_0/bsp
TRACE::2026-03-06.08:51:51::SCWMssOS::Forcing BSP Sources regeneration.
TRACE::2026-03-06.08:51:58::SCWMssOS::Saving the mss changes C:/Users/C27Bradford.Hurt/ece383_wksp/ice2/design_1_wrapper/microblaze_0/standalone_microblaze_0/bsp/system.mss
TRACE::2026-03-06.08:51:58::SCWMssOS::Adding the swdes entry, mss present, able to open swdb C:/Users/C27Bradford.Hurt/ece383_wksp/ice2/design_1_wrapper/microblaze_0/standalone_microblaze_0/bsp/system.mss with des name system
TRACE::2026-03-06.08:51:58::SCWMssOS::Writing the mss file completed C:/Users/C27Bradford.Hurt/ece383_wksp/ice2/design_1_wrapper/microblaze_0/standalone_microblaze_0/bsp/system.mss
TRACE::2026-03-06.08:51:58::SCWMssOS::Commit changes completed.
TRACE::2026-03-06.08:51:58::SCWPlatform::Trying to open the hw design at C:/Users/C27Bradford.Hurt/ece383_wksp/ice2/design_1_wrapper/hw/design_1_wrapper.xsa
TRACE::2026-03-06.08:51:58::SCWPlatform::DSA given C:/Users/C27Bradford.Hurt/ece383_wksp/ice2/design_1_wrapper/hw/design_1_wrapper.xsa
TRACE::2026-03-06.08:51:58::SCWPlatform::DSA absoulate path C:/Users/C27Bradford.Hurt/ece383_wksp/ice2/design_1_wrapper/hw/design_1_wrapper.xsa
TRACE::2026-03-06.08:51:58::SCWPlatform::DSA directory C:/Users/C27Bradford.Hurt/ece383_wksp/ice2/design_1_wrapper/hw
TRACE::2026-03-06.08:51:58::SCWPlatform:: Platform Path C:/Users/C27Bradford.Hurt/ece383_wksp/ice2/design_1_wrapper/hw/design_1_wrapper.xsa
TRACE::2026-03-06.08:51:58::SCWPlatform:: Unique name xilinx:nexys_video::0.0
TRACE::2026-03-06.08:51:58::SCWPlatform::Trying to set the existing hwdb with name design_1_wrapper_0
TRACE::2026-03-06.08:51:58::SCWPlatform::Opened existing hwdb design_1_wrapper_0
TRACE::2026-03-06.08:51:58::SCWPlatform::Found the Hw Db part of the input DSA
TRACE::2026-03-06.08:51:58::SCWMssOS::Checking the sw design at  C:/Users/C27Bradford.Hurt/ece383_wksp/ice2/design_1_wrapper/microblaze_0/standalone_microblaze_0/bsp/system.mss
TRACE::2026-03-06.08:51:58::SCWMssOS::DEBUG:  swdes dump  C:/Users/C27Bradford.Hurt/ece383_wksp/ice2/design_1_wrapper/microblaze_0/standalone_microblaze_0/bsp/system.mss|system||

TRACE::2026-03-06.08:51:58::SCWMssOS::Sw design exists and opened at  C:/Users/C27Bradford.Hurt/ece383_wksp/ice2/design_1_wrapper/microblaze_0/standalone_microblaze_0/bsp/system.mss
TRACE::2026-03-06.08:51:58::SCWPlatform::Trying to open the hw design at C:/Users/C27Bradford.Hurt/ece383_wksp/ice2/design_1_wrapper/hw/design_1_wrapper.xsa
TRACE::2026-03-06.08:51:58::SCWPlatform::DSA given C:/Users/C27Bradford.Hurt/ece383_wksp/ice2/design_1_wrapper/hw/design_1_wrapper.xsa
TRACE::2026-03-06.08:51:58::SCWPlatform::DSA absoulate path C:/Users/C27Bradford.Hurt/ece383_wksp/ice2/design_1_wrapper/hw/design_1_wrapper.xsa
TRACE::2026-03-06.08:51:58::SCWPlatform::DSA directory C:/Users/C27Bradford.Hurt/ece383_wksp/ice2/design_1_wrapper/hw
TRACE::2026-03-06.08:51:58::SCWPlatform:: Platform Path C:/Users/C27Bradford.Hurt/ece383_wksp/ice2/design_1_wrapper/hw/design_1_wrapper.xsa
TRACE::2026-03-06.08:51:58::SCWPlatform:: Unique name xilinx:nexys_video::0.0
TRACE::2026-03-06.08:51:58::SCWPlatform::Trying to set the existing hwdb with name design_1_wrapper_0
TRACE::2026-03-06.08:51:58::SCWPlatform::Opened existing hwdb design_1_wrapper_0
TRACE::2026-03-06.08:51:58::SCWPlatform::Found the Hw Db part of the input DSA
TRACE::2026-03-06.08:51:58::SCWMssOS::Checking the sw design at  C:/Users/C27Bradford.Hurt/ece383_wksp/ice2/design_1_wrapper/microblaze_0/standalone_microblaze_0/bsp/system.mss
TRACE::2026-03-06.08:51:58::SCWMssOS::DEBUG:  swdes dump  C:/Users/C27Bradford.Hurt/ece383_wksp/ice2/design_1_wrapper/microblaze_0/standalone_microblaze_0/bsp/system.mss|system||

TRACE::2026-03-06.08:51:58::SCWMssOS::Sw design exists and opened at  C:/Users/C27Bradford.Hurt/ece383_wksp/ice2/design_1_wrapper/microblaze_0/standalone_microblaze_0/bsp/system.mss
TRACE::2026-03-06.08:51:58::SCWPlatform::Trying to open the hw design at C:/Users/C27Bradford.Hurt/ece383_wksp/ice2/design_1_wrapper/hw/design_1_wrapper.xsa
TRACE::2026-03-06.08:51:58::SCWPlatform::DSA given C:/Users/C27Bradford.Hurt/ece383_wksp/ice2/design_1_wrapper/hw/design_1_wrapper.xsa
TRACE::2026-03-06.08:51:58::SCWPlatform::DSA absoulate path C:/Users/C27Bradford.Hurt/ece383_wksp/ice2/design_1_wrapper/hw/design_1_wrapper.xsa
TRACE::2026-03-06.08:51:58::SCWPlatform::DSA directory C:/Users/C27Bradford.Hurt/ece383_wksp/ice2/design_1_wrapper/hw
TRACE::2026-03-06.08:51:58::SCWPlatform:: Platform Path C:/Users/C27Bradford.Hurt/ece383_wksp/ice2/design_1_wrapper/hw/design_1_wrapper.xsa
TRACE::2026-03-06.08:51:58::SCWPlatform:: Unique name xilinx:nexys_video::0.0
TRACE::2026-03-06.08:51:58::SCWPlatform::Trying to set the existing hwdb with name design_1_wrapper_0
TRACE::2026-03-06.08:51:58::SCWPlatform::Opened existing hwdb design_1_wrapper_0
TRACE::2026-03-06.08:51:58::SCWPlatform::Found the Hw Db part of the input DSA
TRACE::2026-03-06.08:51:58::SCWMssOS::Checking the sw design at  C:/Users/C27Bradford.Hurt/ece383_wksp/ice2/design_1_wrapper/microblaze_0/standalone_microblaze_0/bsp/system.mss
TRACE::2026-03-06.08:51:58::SCWMssOS::DEBUG:  swdes dump  C:/Users/C27Bradford.Hurt/ece383_wksp/ice2/design_1_wrapper/microblaze_0/standalone_microblaze_0/bsp/system.mss|system||

TRACE::2026-03-06.08:51:58::SCWMssOS::Sw design exists and opened at  C:/Users/C27Bradford.Hurt/ece383_wksp/ice2/design_1_wrapper/microblaze_0/standalone_microblaze_0/bsp/system.mss
TRACE::2026-03-06.08:51:58::SCWWriter::formatted JSON is {
	"platformName":	"design_1_wrapper",
	"sprVersion":	"2.0",
	"mode":	"gui",
	"dsaType":	"Fixed",
	"platformDesc":	"design_1_wrapper",
	"platHandOff":	"<platformDir>.xsa",
	"platIntHandOff":	"<platformDir>/hw/design_1_wrapper.xsa",
	"deviceType":	"FPGA",
	"platIsPrebuiltAutogen":	"false",
	"platIsNoBootBsp":	"false",
	"hasFsblMakeHasChanges":	"false",
	"hasPmufwMakeHasChanges":	"false",
	"platPreBuiltFlag":	false,
	"platformSamplesDir":	"",
	"platActiveSys":	"design_1_wrapper",
	"systems":	[{
			"systemName":	"design_1_wrapper",
			"systemDesc":	"design_1_wrapper",
			"sysIsBootAutoGen":	"true",
			"systemDispName":	"design_1_wrapper",
			"sysActiveDom":	"standalone_microblaze_0",
			"sysDefaultDom":	"standalone_microblaze_0",
			"domains":	[{
					"domainName":	"standalone_microblaze_0",
					"domainDispName":	"standalone_microblaze_0",
					"domainDesc":	"standalone_microblaze_0",
					"processors":	"microblaze_0",
					"os":	"standalone",
					"sdxOs":	"standalone",
					"debugEnable":	"False",
					"domRuntimes":	["cpp"],
					"swRepo":	"",
					"mssOsVer":	"9.2",
					"mssFile":	"",
					"md5Digest":	"78d0412b485d8ad9f86b2c0627bf3467",
					"compatibleApp":	"hello_world",
					"domType":	"mssDomain",
					"arch":	"32-bit",
					"appSettings":	{
						"appCompilerFlags":	"",
						"appLinkerFlags":	""
					},
					"addedLibs":	[],
					"libOptions":	{
						"libsContainingOptions":	[]
					},
					"prebuiltLibs":	{
						"prebuiltIncPath":	[],
						"prebuiltLibPath":	[]
					},
					"isolation":	{
					}
				}]
		}]
}
LOG::2026-03-06.08:51:58::SCWPlatform::Started generating the artifacts platform design_1_wrapper
TRACE::2026-03-06.08:51:58::SCWPlatform::Sanity checking of platform is completed
LOG::2026-03-06.08:51:58::SCWPlatform::Started generating the artifacts for system configuration design_1_wrapper
LOG::2026-03-06.08:51:58::SCWSystem::Checking the domain standalone_microblaze_0
LOG::2026-03-06.08:51:58::SCWSystem::Not a boot domain 
LOG::2026-03-06.08:51:58::SCWSystem::Started Processing the domain standalone_microblaze_0
TRACE::2026-03-06.08:51:58::SCWDomain::Generating domain artifcats
TRACE::2026-03-06.08:51:58::SCWMssOS::Generating standalone artifcats
TRACE::2026-03-06.08:51:58::SCWMssOS:: Copying the user libraries. 
TRACE::2026-03-06.08:51:58::SCWPlatform::Trying to open the hw design at C:/Users/C27Bradford.Hurt/ece383_wksp/ice2/design_1_wrapper/hw/design_1_wrapper.xsa
TRACE::2026-03-06.08:51:58::SCWPlatform::DSA given C:/Users/C27Bradford.Hurt/ece383_wksp/ice2/design_1_wrapper/hw/design_1_wrapper.xsa
TRACE::2026-03-06.08:51:58::SCWPlatform::DSA absoulate path C:/Users/C27Bradford.Hurt/ece383_wksp/ice2/design_1_wrapper/hw/design_1_wrapper.xsa
TRACE::2026-03-06.08:51:58::SCWPlatform::DSA directory C:/Users/C27Bradford.Hurt/ece383_wksp/ice2/design_1_wrapper/hw
TRACE::2026-03-06.08:51:58::SCWPlatform:: Platform Path C:/Users/C27Bradford.Hurt/ece383_wksp/ice2/design_1_wrapper/hw/design_1_wrapper.xsa
TRACE::2026-03-06.08:51:58::SCWPlatform:: Unique name xilinx:nexys_video::0.0
TRACE::2026-03-06.08:51:58::SCWPlatform::Trying to set the existing hwdb with name design_1_wrapper_0
TRACE::2026-03-06.08:51:58::SCWPlatform::Opened existing hwdb design_1_wrapper_0
TRACE::2026-03-06.08:51:58::SCWPlatform::Found the Hw Db part of the input DSA
TRACE::2026-03-06.08:51:58::SCWMssOS::Checking the sw design at  C:/Users/C27Bradford.Hurt/ece383_wksp/ice2/design_1_wrapper/microblaze_0/standalone_microblaze_0/bsp/system.mss
TRACE::2026-03-06.08:51:58::SCWMssOS::DEBUG:  swdes dump  C:/Users/C27Bradford.Hurt/ece383_wksp/ice2/design_1_wrapper/microblaze_0/standalone_microblaze_0/bsp/system.mss|system||

TRACE::2026-03-06.08:51:58::SCWMssOS::Sw design exists and opened at  C:/Users/C27Bradford.Hurt/ece383_wksp/ice2/design_1_wrapper/microblaze_0/standalone_microblaze_0/bsp/system.mss
TRACE::2026-03-06.08:51:58::SCWMssOS::Completed writing the mss file at C:/Users/C27Bradford.Hurt/ece383_wksp/ice2/design_1_wrapper/microblaze_0/standalone_microblaze_0/bsp
TRACE::2026-03-06.08:51:58::SCWMssOS::Mss edits present, copying mssfile into export location C:/Users/C27Bradford.Hurt/ece383_wksp/ice2/design_1_wrapper/microblaze_0/standalone_microblaze_0/bsp/system.mss
TRACE::2026-03-06.08:51:58::SCWMssOS::bsp generated is upto date with the mss file. Skipping bsp generation.
TRACE::2026-03-06.08:51:58::SCWMssOS::BSP is already built. skipping the bsp build ... 
TRACE::2026-03-06.08:51:58::SCWDomain::Skipping the build for domain :  standalone_microblaze_0
TRACE::2026-03-06.08:51:58::SCWMssOS::skipping the bsp build ... 
TRACE::2026-03-06.08:51:58::SCWMssOS::Copying to export directory.
TRACE::2026-03-06.08:51:58::SCWMssOS:: Checking if to create the Supporting Applications
TRACE::2026-03-06.08:51:58::SCWMssOS:: No Linux domain exists, trying to generate FSBL 
LOG::2026-03-06.08:51:58::SCWSystem::Completed Processing the domain standalone_microblaze_0
LOG::2026-03-06.08:51:58::SCWSystem::Completed Processing the sysconfig design_1_wrapper
LOG::2026-03-06.08:51:58::SCWPlatform::Completed generating the artifacts for system configuration design_1_wrapper
TRACE::2026-03-06.08:51:58::SCWPlatform::Started preparing the platform 
TRACE::2026-03-06.08:51:58::SCWSystem::Writing the bif file for system config design_1_wrapper
TRACE::2026-03-06.08:51:58::SCWSystem::dir created 
TRACE::2026-03-06.08:51:58::SCWSystem::Writing the bif 
TRACE::2026-03-06.08:51:58::SCWPlatform::Started writing the spfm file 
TRACE::2026-03-06.08:51:58::SCWPlatform::Started writing the xpfm file 
TRACE::2026-03-06.08:51:58::SCWPlatform::Completed generating the platform
TRACE::2026-03-06.08:51:58::SCWMssOS::Saving the mss changes C:/Users/C27Bradford.Hurt/ece383_wksp/ice2/design_1_wrapper/microblaze_0/standalone_microblaze_0/bsp/system.mss
TRACE::2026-03-06.08:51:58::SCWMssOS::Found a swdesign opened with the mssfile.
TRACE::2026-03-06.08:51:58::SCWMssOS::Completed writemss as part of save.
TRACE::2026-03-06.08:51:58::SCWMssOS::Commit changes completed.
TRACE::2026-03-06.08:51:58::SCWPlatform::Trying to open the hw design at C:/Users/C27Bradford.Hurt/ece383_wksp/ice2/design_1_wrapper/hw/design_1_wrapper.xsa
TRACE::2026-03-06.08:51:58::SCWPlatform::DSA given C:/Users/C27Bradford.Hurt/ece383_wksp/ice2/design_1_wrapper/hw/design_1_wrapper.xsa
TRACE::2026-03-06.08:51:58::SCWPlatform::DSA absoulate path C:/Users/C27Bradford.Hurt/ece383_wksp/ice2/design_1_wrapper/hw/design_1_wrapper.xsa
TRACE::2026-03-06.08:51:58::SCWPlatform::DSA directory C:/Users/C27Bradford.Hurt/ece383_wksp/ice2/design_1_wrapper/hw
TRACE::2026-03-06.08:51:58::SCWPlatform:: Platform Path C:/Users/C27Bradford.Hurt/ece383_wksp/ice2/design_1_wrapper/hw/design_1_wrapper.xsa
TRACE::2026-03-06.08:51:58::SCWPlatform:: Unique name xilinx:nexys_video::0.0
TRACE::2026-03-06.08:51:58::SCWPlatform::Trying to set the existing hwdb with name design_1_wrapper_0
TRACE::2026-03-06.08:51:58::SCWPlatform::Opened existing hwdb design_1_wrapper_0
TRACE::2026-03-06.08:51:58::SCWPlatform::Found the Hw Db part of the input DSA
TRACE::2026-03-06.08:51:58::SCWMssOS::Checking the sw design at  C:/Users/C27Bradford.Hurt/ece383_wksp/ice2/design_1_wrapper/microblaze_0/standalone_microblaze_0/bsp/system.mss
TRACE::2026-03-06.08:51:58::SCWMssOS::DEBUG:  swdes dump  C:/Users/C27Bradford.Hurt/ece383_wksp/ice2/design_1_wrapper/microblaze_0/standalone_microblaze_0/bsp/system.mss|system||

TRACE::2026-03-06.08:51:58::SCWMssOS::Sw design exists and opened at  C:/Users/C27Bradford.Hurt/ece383_wksp/ice2/design_1_wrapper/microblaze_0/standalone_microblaze_0/bsp/system.mss
TRACE::2026-03-06.08:51:58::SCWPlatform::Trying to open the hw design at C:/Users/C27Bradford.Hurt/ece383_wksp/ice2/design_1_wrapper/hw/design_1_wrapper.xsa
TRACE::2026-03-06.08:51:58::SCWPlatform::DSA given C:/Users/C27Bradford.Hurt/ece383_wksp/ice2/design_1_wrapper/hw/design_1_wrapper.xsa
TRACE::2026-03-06.08:51:58::SCWPlatform::DSA absoulate path C:/Users/C27Bradford.Hurt/ece383_wksp/ice2/design_1_wrapper/hw/design_1_wrapper.xsa
TRACE::2026-03-06.08:51:58::SCWPlatform::DSA directory C:/Users/C27Bradford.Hurt/ece383_wksp/ice2/design_1_wrapper/hw
TRACE::2026-03-06.08:51:58::SCWPlatform:: Platform Path C:/Users/C27Bradford.Hurt/ece383_wksp/ice2/design_1_wrapper/hw/design_1_wrapper.xsa
TRACE::2026-03-06.08:51:58::SCWPlatform:: Unique name xilinx:nexys_video::0.0
TRACE::2026-03-06.08:51:58::SCWPlatform::Trying to set the existing hwdb with name design_1_wrapper_0
TRACE::2026-03-06.08:51:58::SCWPlatform::Opened existing hwdb design_1_wrapper_0
TRACE::2026-03-06.08:51:58::SCWPlatform::Found the Hw Db part of the input DSA
TRACE::2026-03-06.08:51:58::SCWMssOS::Checking the sw design at  C:/Users/C27Bradford.Hurt/ece383_wksp/ice2/design_1_wrapper/microblaze_0/standalone_microblaze_0/bsp/system.mss
TRACE::2026-03-06.08:51:58::SCWMssOS::DEBUG:  swdes dump  C:/Users/C27Bradford.Hurt/ece383_wksp/ice2/design_1_wrapper/microblaze_0/standalone_microblaze_0/bsp/system.mss|system||

TRACE::2026-03-06.08:51:58::SCWMssOS::Sw design exists and opened at  C:/Users/C27Bradford.Hurt/ece383_wksp/ice2/design_1_wrapper/microblaze_0/standalone_microblaze_0/bsp/system.mss
TRACE::2026-03-06.08:51:58::SCWPlatform::Trying to open the hw design at C:/Users/C27Bradford.Hurt/ece383_wksp/ice2/design_1_wrapper/hw/design_1_wrapper.xsa
TRACE::2026-03-06.08:51:58::SCWPlatform::DSA given C:/Users/C27Bradford.Hurt/ece383_wksp/ice2/design_1_wrapper/hw/design_1_wrapper.xsa
TRACE::2026-03-06.08:51:58::SCWPlatform::DSA absoulate path C:/Users/C27Bradford.Hurt/ece383_wksp/ice2/design_1_wrapper/hw/design_1_wrapper.xsa
TRACE::2026-03-06.08:51:58::SCWPlatform::DSA directory C:/Users/C27Bradford.Hurt/ece383_wksp/ice2/design_1_wrapper/hw
TRACE::2026-03-06.08:51:58::SCWPlatform:: Platform Path C:/Users/C27Bradford.Hurt/ece383_wksp/ice2/design_1_wrapper/hw/design_1_wrapper.xsa
TRACE::2026-03-06.08:51:58::SCWPlatform:: Unique name xilinx:nexys_video::0.0
TRACE::2026-03-06.08:51:58::SCWPlatform::Trying to set the existing hwdb with name design_1_wrapper_0
TRACE::2026-03-06.08:51:58::SCWPlatform::Opened existing hwdb design_1_wrapper_0
TRACE::2026-03-06.08:51:58::SCWPlatform::Found the Hw Db part of the input DSA
TRACE::2026-03-06.08:51:58::SCWMssOS::Checking the sw design at  C:/Users/C27Bradford.Hurt/ece383_wksp/ice2/design_1_wrapper/microblaze_0/standalone_microblaze_0/bsp/system.mss
TRACE::2026-03-06.08:51:58::SCWMssOS::DEBUG:  swdes dump  C:/Users/C27Bradford.Hurt/ece383_wksp/ice2/design_1_wrapper/microblaze_0/standalone_microblaze_0/bsp/system.mss|system||

TRACE::2026-03-06.08:51:58::SCWMssOS::Sw design exists and opened at  C:/Users/C27Bradford.Hurt/ece383_wksp/ice2/design_1_wrapper/microblaze_0/standalone_microblaze_0/bsp/system.mss
TRACE::2026-03-06.08:51:58::SCWWriter::formatted JSON is {
	"platformName":	"design_1_wrapper",
	"sprVersion":	"2.0",
	"mode":	"gui",
	"dsaType":	"Fixed",
	"platformDesc":	"design_1_wrapper",
	"platHandOff":	"<platformDir>.xsa",
	"platIntHandOff":	"<platformDir>/hw/design_1_wrapper.xsa",
	"deviceType":	"FPGA",
	"platIsPrebuiltAutogen":	"false",
	"platIsNoBootBsp":	"false",
	"hasFsblMakeHasChanges":	"false",
	"hasPmufwMakeHasChanges":	"false",
	"platPreBuiltFlag":	false,
	"platformSamplesDir":	"",
	"platActiveSys":	"design_1_wrapper",
	"systems":	[{
			"systemName":	"design_1_wrapper",
			"systemDesc":	"design_1_wrapper",
			"sysIsBootAutoGen":	"true",
			"systemDispName":	"design_1_wrapper",
			"sysActiveDom":	"standalone_microblaze_0",
			"sysDefaultDom":	"standalone_microblaze_0",
			"domains":	[{
					"domainName":	"standalone_microblaze_0",
					"domainDispName":	"standalone_microblaze_0",
					"domainDesc":	"standalone_microblaze_0",
					"processors":	"microblaze_0",
					"os":	"standalone",
					"sdxOs":	"standalone",
					"debugEnable":	"False",
					"domRuntimes":	["cpp"],
					"swRepo":	"",
					"mssOsVer":	"9.2",
					"mssFile":	"",
					"md5Digest":	"78d0412b485d8ad9f86b2c0627bf3467",
					"compatibleApp":	"hello_world",
					"domType":	"mssDomain",
					"arch":	"32-bit",
					"appSettings":	{
						"appCompilerFlags":	"",
						"appLinkerFlags":	""
					},
					"addedLibs":	[],
					"libOptions":	{
						"libsContainingOptions":	[]
					},
					"prebuiltLibs":	{
						"prebuiltIncPath":	[],
						"prebuiltLibPath":	[]
					},
					"isolation":	{
					}
				}]
		}]
}
KEYINFO::2026-03-06.08:51:58::SCWPlatform::updated the xpfm file.
TRACE::2026-03-06.08:51:58::SCWPlatform::Trying to open the hw design at C:/Users/C27Bradford.Hurt/ece383_wksp/ice2/design_1_wrapper/hw/design_1_wrapper.xsa
TRACE::2026-03-06.08:51:58::SCWPlatform::DSA given C:/Users/C27Bradford.Hurt/ece383_wksp/ice2/design_1_wrapper/hw/design_1_wrapper.xsa
TRACE::2026-03-06.08:51:58::SCWPlatform::DSA absoulate path C:/Users/C27Bradford.Hurt/ece383_wksp/ice2/design_1_wrapper/hw/design_1_wrapper.xsa
TRACE::2026-03-06.08:51:58::SCWPlatform::DSA directory C:/Users/C27Bradford.Hurt/ece383_wksp/ice2/design_1_wrapper/hw
TRACE::2026-03-06.08:51:58::SCWPlatform:: Platform Path C:/Users/C27Bradford.Hurt/ece383_wksp/ice2/design_1_wrapper/hw/design_1_wrapper.xsa
TRACE::2026-03-06.08:51:58::SCWPlatform:: Unique name xilinx:nexys_video::0.0
TRACE::2026-03-06.08:51:58::SCWPlatform::Trying to set the existing hwdb with name design_1_wrapper_0
TRACE::2026-03-06.08:51:58::SCWPlatform::Opened existing hwdb design_1_wrapper_0
TRACE::2026-03-06.08:51:58::SCWPlatform::Found the Hw Db part of the input DSA
TRACE::2026-03-06.08:51:58::SCWMssOS::Checking the sw design at  C:/Users/C27Bradford.Hurt/ece383_wksp/ice2/design_1_wrapper/microblaze_0/standalone_microblaze_0/bsp/system.mss
TRACE::2026-03-06.08:51:58::SCWMssOS::DEBUG:  swdes dump  C:/Users/C27Bradford.Hurt/ece383_wksp/ice2/design_1_wrapper/microblaze_0/standalone_microblaze_0/bsp/system.mss|system||

TRACE::2026-03-06.08:51:58::SCWMssOS::Sw design exists and opened at  C:/Users/C27Bradford.Hurt/ece383_wksp/ice2/design_1_wrapper/microblaze_0/standalone_microblaze_0/bsp/system.mss
TRACE::2026-03-06.08:51:58::SCWMssOS::Saving the mss changes C:/Users/C27Bradford.Hurt/ece383_wksp/ice2/design_1_wrapper/microblaze_0/standalone_microblaze_0/bsp/system.mss
TRACE::2026-03-06.08:51:58::SCWMssOS::Found a swdesign opened with the mssfile.
TRACE::2026-03-06.08:51:58::SCWMssOS::Completed writemss as part of save.
TRACE::2026-03-06.08:51:58::SCWMssOS::Commit changes completed.
TRACE::2026-03-06.08:51:58::SCWPlatform::Trying to open the hw design at C:/Users/C27Bradford.Hurt/ece383_wksp/ice2/design_1_wrapper/hw/design_1_wrapper.xsa
TRACE::2026-03-06.08:51:58::SCWPlatform::DSA given C:/Users/C27Bradford.Hurt/ece383_wksp/ice2/design_1_wrapper/hw/design_1_wrapper.xsa
TRACE::2026-03-06.08:51:58::SCWPlatform::DSA absoulate path C:/Users/C27Bradford.Hurt/ece383_wksp/ice2/design_1_wrapper/hw/design_1_wrapper.xsa
TRACE::2026-03-06.08:51:58::SCWPlatform::DSA directory C:/Users/C27Bradford.Hurt/ece383_wksp/ice2/design_1_wrapper/hw
TRACE::2026-03-06.08:51:58::SCWPlatform:: Platform Path C:/Users/C27Bradford.Hurt/ece383_wksp/ice2/design_1_wrapper/hw/design_1_wrapper.xsa
TRACE::2026-03-06.08:51:58::SCWPlatform:: Unique name xilinx:nexys_video::0.0
TRACE::2026-03-06.08:51:58::SCWPlatform::Trying to set the existing hwdb with name design_1_wrapper_0
TRACE::2026-03-06.08:51:58::SCWPlatform::Opened existing hwdb design_1_wrapper_0
TRACE::2026-03-06.08:51:58::SCWPlatform::Found the Hw Db part of the input DSA
TRACE::2026-03-06.08:51:58::SCWMssOS::Checking the sw design at  C:/Users/C27Bradford.Hurt/ece383_wksp/ice2/design_1_wrapper/microblaze_0/standalone_microblaze_0/bsp/system.mss
TRACE::2026-03-06.08:51:58::SCWMssOS::DEBUG:  swdes dump  C:/Users/C27Bradford.Hurt/ece383_wksp/ice2/design_1_wrapper/microblaze_0/standalone_microblaze_0/bsp/system.mss|system||

TRACE::2026-03-06.08:51:58::SCWMssOS::Sw design exists and opened at  C:/Users/C27Bradford.Hurt/ece383_wksp/ice2/design_1_wrapper/microblaze_0/standalone_microblaze_0/bsp/system.mss
TRACE::2026-03-06.08:51:58::SCWPlatform::Trying to open the hw design at C:/Users/C27Bradford.Hurt/ece383_wksp/ice2/design_1_wrapper/hw/design_1_wrapper.xsa
TRACE::2026-03-06.08:51:58::SCWPlatform::DSA given C:/Users/C27Bradford.Hurt/ece383_wksp/ice2/design_1_wrapper/hw/design_1_wrapper.xsa
TRACE::2026-03-06.08:51:58::SCWPlatform::DSA absoulate path C:/Users/C27Bradford.Hurt/ece383_wksp/ice2/design_1_wrapper/hw/design_1_wrapper.xsa
TRACE::2026-03-06.08:51:58::SCWPlatform::DSA directory C:/Users/C27Bradford.Hurt/ece383_wksp/ice2/design_1_wrapper/hw
TRACE::2026-03-06.08:51:58::SCWPlatform:: Platform Path C:/Users/C27Bradford.Hurt/ece383_wksp/ice2/design_1_wrapper/hw/design_1_wrapper.xsa
TRACE::2026-03-06.08:51:58::SCWPlatform:: Unique name xilinx:nexys_video::0.0
TRACE::2026-03-06.08:51:58::SCWPlatform::Trying to set the existing hwdb with name design_1_wrapper_0
TRACE::2026-03-06.08:51:58::SCWPlatform::Opened existing hwdb design_1_wrapper_0
TRACE::2026-03-06.08:51:58::SCWPlatform::Found the Hw Db part of the input DSA
TRACE::2026-03-06.08:51:58::SCWMssOS::Checking the sw design at  C:/Users/C27Bradford.Hurt/ece383_wksp/ice2/design_1_wrapper/microblaze_0/standalone_microblaze_0/bsp/system.mss
TRACE::2026-03-06.08:51:58::SCWMssOS::DEBUG:  swdes dump  C:/Users/C27Bradford.Hurt/ece383_wksp/ice2/design_1_wrapper/microblaze_0/standalone_microblaze_0/bsp/system.mss|system||

TRACE::2026-03-06.08:51:58::SCWMssOS::Sw design exists and opened at  C:/Users/C27Bradford.Hurt/ece383_wksp/ice2/design_1_wrapper/microblaze_0/standalone_microblaze_0/bsp/system.mss
TRACE::2026-03-06.08:51:58::SCWPlatform::Trying to open the hw design at C:/Users/C27Bradford.Hurt/ece383_wksp/ice2/design_1_wrapper/hw/design_1_wrapper.xsa
TRACE::2026-03-06.08:51:58::SCWPlatform::DSA given C:/Users/C27Bradford.Hurt/ece383_wksp/ice2/design_1_wrapper/hw/design_1_wrapper.xsa
TRACE::2026-03-06.08:51:58::SCWPlatform::DSA absoulate path C:/Users/C27Bradford.Hurt/ece383_wksp/ice2/design_1_wrapper/hw/design_1_wrapper.xsa
TRACE::2026-03-06.08:51:58::SCWPlatform::DSA directory C:/Users/C27Bradford.Hurt/ece383_wksp/ice2/design_1_wrapper/hw
TRACE::2026-03-06.08:51:58::SCWPlatform:: Platform Path C:/Users/C27Bradford.Hurt/ece383_wksp/ice2/design_1_wrapper/hw/design_1_wrapper.xsa
TRACE::2026-03-06.08:51:58::SCWPlatform:: Unique name xilinx:nexys_video::0.0
TRACE::2026-03-06.08:51:58::SCWPlatform::Trying to set the existing hwdb with name design_1_wrapper_0
TRACE::2026-03-06.08:51:58::SCWPlatform::Opened existing hwdb design_1_wrapper_0
TRACE::2026-03-06.08:51:58::SCWPlatform::Found the Hw Db part of the input DSA
TRACE::2026-03-06.08:51:58::SCWMssOS::Checking the sw design at  C:/Users/C27Bradford.Hurt/ece383_wksp/ice2/design_1_wrapper/microblaze_0/standalone_microblaze_0/bsp/system.mss
TRACE::2026-03-06.08:51:58::SCWMssOS::DEBUG:  swdes dump  C:/Users/C27Bradford.Hurt/ece383_wksp/ice2/design_1_wrapper/microblaze_0/standalone_microblaze_0/bsp/system.mss|system||

TRACE::2026-03-06.08:51:58::SCWMssOS::Sw design exists and opened at  C:/Users/C27Bradford.Hurt/ece383_wksp/ice2/design_1_wrapper/microblaze_0/standalone_microblaze_0/bsp/system.mss
TRACE::2026-03-06.08:51:58::SCWWriter::formatted JSON is {
	"platformName":	"design_1_wrapper",
	"sprVersion":	"2.0",
	"mode":	"gui",
	"dsaType":	"Fixed",
	"platformDesc":	"design_1_wrapper",
	"platHandOff":	"<platformDir>.xsa",
	"platIntHandOff":	"<platformDir>/hw/design_1_wrapper.xsa",
	"deviceType":	"FPGA",
	"platIsPrebuiltAutogen":	"false",
	"platIsNoBootBsp":	"false",
	"hasFsblMakeHasChanges":	"false",
	"hasPmufwMakeHasChanges":	"false",
	"platPreBuiltFlag":	false,
	"platformSamplesDir":	"",
	"platActiveSys":	"design_1_wrapper",
	"systems":	[{
			"systemName":	"design_1_wrapper",
			"systemDesc":	"design_1_wrapper",
			"sysIsBootAutoGen":	"true",
			"systemDispName":	"design_1_wrapper",
			"sysActiveDom":	"standalone_microblaze_0",
			"sysDefaultDom":	"standalone_microblaze_0",
			"domains":	[{
					"domainName":	"standalone_microblaze_0",
					"domainDispName":	"standalone_microblaze_0",
					"domainDesc":	"standalone_microblaze_0",
					"processors":	"microblaze_0",
					"os":	"standalone",
					"sdxOs":	"standalone",
					"debugEnable":	"False",
					"domRuntimes":	["cpp"],
					"swRepo":	"",
					"mssOsVer":	"9.2",
					"mssFile":	"",
					"md5Digest":	"78d0412b485d8ad9f86b2c0627bf3467",
					"compatibleApp":	"hello_world",
					"domType":	"mssDomain",
					"arch":	"32-bit",
					"appSettings":	{
						"appCompilerFlags":	"",
						"appLinkerFlags":	""
					},
					"addedLibs":	[],
					"libOptions":	{
						"libsContainingOptions":	[]
					},
					"prebuiltLibs":	{
						"prebuiltIncPath":	[],
						"prebuiltLibPath":	[]
					},
					"isolation":	{
					}
				}]
		}]
}
TRACE::2026-03-06.08:51:58::SCWPlatform::Trying to open the hw design at C:/Users/C27Bradford.Hurt/ece383_wksp/ice2/design_1_wrapper/hw/design_1_wrapper.xsa
TRACE::2026-03-06.08:51:58::SCWPlatform::DSA given C:/Users/C27Bradford.Hurt/ece383_wksp/ice2/design_1_wrapper/hw/design_1_wrapper.xsa
TRACE::2026-03-06.08:51:58::SCWPlatform::DSA absoulate path C:/Users/C27Bradford.Hurt/ece383_wksp/ice2/design_1_wrapper/hw/design_1_wrapper.xsa
TRACE::2026-03-06.08:51:58::SCWPlatform::DSA directory C:/Users/C27Bradford.Hurt/ece383_wksp/ice2/design_1_wrapper/hw
TRACE::2026-03-06.08:51:58::SCWPlatform:: Platform Path C:/Users/C27Bradford.Hurt/ece383_wksp/ice2/design_1_wrapper/hw/design_1_wrapper.xsa
TRACE::2026-03-06.08:51:58::SCWPlatform:: Unique name xilinx:nexys_video::0.0
TRACE::2026-03-06.08:51:58::SCWPlatform::Trying to set the existing hwdb with name design_1_wrapper_0
TRACE::2026-03-06.08:51:58::SCWPlatform::Opened existing hwdb design_1_wrapper_0
TRACE::2026-03-06.08:51:58::SCWPlatform::Found the Hw Db part of the input DSA
TRACE::2026-03-06.08:51:58::SCWMssOS::Checking the sw design at  C:/Users/C27Bradford.Hurt/ece383_wksp/ice2/design_1_wrapper/microblaze_0/standalone_microblaze_0/bsp/system.mss
TRACE::2026-03-06.08:51:58::SCWMssOS::DEBUG:  swdes dump  C:/Users/C27Bradford.Hurt/ece383_wksp/ice2/design_1_wrapper/microblaze_0/standalone_microblaze_0/bsp/system.mss|system||

TRACE::2026-03-06.08:51:58::SCWMssOS::Sw design exists and opened at  C:/Users/C27Bradford.Hurt/ece383_wksp/ice2/design_1_wrapper/microblaze_0/standalone_microblaze_0/bsp/system.mss
TRACE::2026-03-06.08:51:58::SCWPlatform::Trying to open the hw design at C:/Users/C27Bradford.Hurt/ece383_wksp/ice2/design_1_wrapper/hw/design_1_wrapper.xsa
TRACE::2026-03-06.08:51:58::SCWPlatform::DSA given C:/Users/C27Bradford.Hurt/ece383_wksp/ice2/design_1_wrapper/hw/design_1_wrapper.xsa
TRACE::2026-03-06.08:51:58::SCWPlatform::DSA absoulate path C:/Users/C27Bradford.Hurt/ece383_wksp/ice2/design_1_wrapper/hw/design_1_wrapper.xsa
TRACE::2026-03-06.08:51:58::SCWPlatform::DSA directory C:/Users/C27Bradford.Hurt/ece383_wksp/ice2/design_1_wrapper/hw
TRACE::2026-03-06.08:51:58::SCWPlatform:: Platform Path C:/Users/C27Bradford.Hurt/ece383_wksp/ice2/design_1_wrapper/hw/design_1_wrapper.xsa
TRACE::2026-03-06.08:51:58::SCWPlatform:: Unique name xilinx:nexys_video::0.0
TRACE::2026-03-06.08:51:58::SCWPlatform::Trying to set the existing hwdb with name design_1_wrapper_0
TRACE::2026-03-06.08:51:58::SCWPlatform::Opened existing hwdb design_1_wrapper_0
TRACE::2026-03-06.08:51:58::SCWPlatform::Found the Hw Db part of the input DSA
TRACE::2026-03-06.08:51:58::SCWMssOS::Checking the sw design at  C:/Users/C27Bradford.Hurt/ece383_wksp/ice2/design_1_wrapper/microblaze_0/standalone_microblaze_0/bsp/system.mss
TRACE::2026-03-06.08:51:58::SCWMssOS::DEBUG:  swdes dump  C:/Users/C27Bradford.Hurt/ece383_wksp/ice2/design_1_wrapper/microblaze_0/standalone_microblaze_0/bsp/system.mss|system||

TRACE::2026-03-06.08:51:58::SCWMssOS::Sw design exists and opened at  C:/Users/C27Bradford.Hurt/ece383_wksp/ice2/design_1_wrapper/microblaze_0/standalone_microblaze_0/bsp/system.mss
TRACE::2026-03-06.08:51:58::SCWMssOS::Saving the mss changes C:/Users/C27Bradford.Hurt/ece383_wksp/ice2/design_1_wrapper/microblaze_0/standalone_microblaze_0/bsp/system.mss
TRACE::2026-03-06.08:51:58::SCWMssOS::Found a swdesign opened with the mssfile.
TRACE::2026-03-06.08:51:58::SCWMssOS::Completed writemss as part of save.
TRACE::2026-03-06.08:51:58::SCWMssOS::Commit changes completed.
TRACE::2026-03-06.08:51:58::SCWPlatform::Trying to open the hw design at C:/Users/C27Bradford.Hurt/ece383_wksp/ice2/design_1_wrapper/hw/design_1_wrapper.xsa
TRACE::2026-03-06.08:51:58::SCWPlatform::DSA given C:/Users/C27Bradford.Hurt/ece383_wksp/ice2/design_1_wrapper/hw/design_1_wrapper.xsa
TRACE::2026-03-06.08:51:58::SCWPlatform::DSA absoulate path C:/Users/C27Bradford.Hurt/ece383_wksp/ice2/design_1_wrapper/hw/design_1_wrapper.xsa
TRACE::2026-03-06.08:51:58::SCWPlatform::DSA directory C:/Users/C27Bradford.Hurt/ece383_wksp/ice2/design_1_wrapper/hw
TRACE::2026-03-06.08:51:58::SCWPlatform:: Platform Path C:/Users/C27Bradford.Hurt/ece383_wksp/ice2/design_1_wrapper/hw/design_1_wrapper.xsa
TRACE::2026-03-06.08:51:58::SCWPlatform:: Unique name xilinx:nexys_video::0.0
TRACE::2026-03-06.08:51:58::SCWPlatform::Trying to set the existing hwdb with name design_1_wrapper_0
TRACE::2026-03-06.08:51:58::SCWPlatform::Opened existing hwdb design_1_wrapper_0
TRACE::2026-03-06.08:51:58::SCWPlatform::Found the Hw Db part of the input DSA
TRACE::2026-03-06.08:51:58::SCWMssOS::Checking the sw design at  C:/Users/C27Bradford.Hurt/ece383_wksp/ice2/design_1_wrapper/microblaze_0/standalone_microblaze_0/bsp/system.mss
TRACE::2026-03-06.08:51:58::SCWMssOS::DEBUG:  swdes dump  C:/Users/C27Bradford.Hurt/ece383_wksp/ice2/design_1_wrapper/microblaze_0/standalone_microblaze_0/bsp/system.mss|system||

TRACE::2026-03-06.08:51:58::SCWMssOS::Sw design exists and opened at  C:/Users/C27Bradford.Hurt/ece383_wksp/ice2/design_1_wrapper/microblaze_0/standalone_microblaze_0/bsp/system.mss
TRACE::2026-03-06.08:51:58::SCWPlatform::Trying to open the hw design at C:/Users/C27Bradford.Hurt/ece383_wksp/ice2/design_1_wrapper/hw/design_1_wrapper.xsa
TRACE::2026-03-06.08:51:58::SCWPlatform::DSA given C:/Users/C27Bradford.Hurt/ece383_wksp/ice2/design_1_wrapper/hw/design_1_wrapper.xsa
TRACE::2026-03-06.08:51:58::SCWPlatform::DSA absoulate path C:/Users/C27Bradford.Hurt/ece383_wksp/ice2/design_1_wrapper/hw/design_1_wrapper.xsa
TRACE::2026-03-06.08:51:58::SCWPlatform::DSA directory C:/Users/C27Bradford.Hurt/ece383_wksp/ice2/design_1_wrapper/hw
TRACE::2026-03-06.08:51:58::SCWPlatform:: Platform Path C:/Users/C27Bradford.Hurt/ece383_wksp/ice2/design_1_wrapper/hw/design_1_wrapper.xsa
TRACE::2026-03-06.08:51:58::SCWPlatform:: Unique name xilinx:nexys_video::0.0
TRACE::2026-03-06.08:51:58::SCWPlatform::Trying to set the existing hwdb with name design_1_wrapper_0
TRACE::2026-03-06.08:51:58::SCWPlatform::Opened existing hwdb design_1_wrapper_0
TRACE::2026-03-06.08:51:58::SCWPlatform::Found the Hw Db part of the input DSA
TRACE::2026-03-06.08:51:58::SCWMssOS::Checking the sw design at  C:/Users/C27Bradford.Hurt/ece383_wksp/ice2/design_1_wrapper/microblaze_0/standalone_microblaze_0/bsp/system.mss
TRACE::2026-03-06.08:51:58::SCWMssOS::DEBUG:  swdes dump  C:/Users/C27Bradford.Hurt/ece383_wksp/ice2/design_1_wrapper/microblaze_0/standalone_microblaze_0/bsp/system.mss|system||

TRACE::2026-03-06.08:51:58::SCWMssOS::Sw design exists and opened at  C:/Users/C27Bradford.Hurt/ece383_wksp/ice2/design_1_wrapper/microblaze_0/standalone_microblaze_0/bsp/system.mss
TRACE::2026-03-06.08:51:58::SCWPlatform::Trying to open the hw design at C:/Users/C27Bradford.Hurt/ece383_wksp/ice2/design_1_wrapper/hw/design_1_wrapper.xsa
TRACE::2026-03-06.08:51:58::SCWPlatform::DSA given C:/Users/C27Bradford.Hurt/ece383_wksp/ice2/design_1_wrapper/hw/design_1_wrapper.xsa
TRACE::2026-03-06.08:51:58::SCWPlatform::DSA absoulate path C:/Users/C27Bradford.Hurt/ece383_wksp/ice2/design_1_wrapper/hw/design_1_wrapper.xsa
TRACE::2026-03-06.08:51:58::SCWPlatform::DSA directory C:/Users/C27Bradford.Hurt/ece383_wksp/ice2/design_1_wrapper/hw
TRACE::2026-03-06.08:51:58::SCWPlatform:: Platform Path C:/Users/C27Bradford.Hurt/ece383_wksp/ice2/design_1_wrapper/hw/design_1_wrapper.xsa
TRACE::2026-03-06.08:51:58::SCWPlatform:: Unique name xilinx:nexys_video::0.0
TRACE::2026-03-06.08:51:58::SCWPlatform::Trying to set the existing hwdb with name design_1_wrapper_0
TRACE::2026-03-06.08:51:58::SCWPlatform::Opened existing hwdb design_1_wrapper_0
TRACE::2026-03-06.08:51:58::SCWPlatform::Found the Hw Db part of the input DSA
TRACE::2026-03-06.08:51:58::SCWMssOS::Checking the sw design at  C:/Users/C27Bradford.Hurt/ece383_wksp/ice2/design_1_wrapper/microblaze_0/standalone_microblaze_0/bsp/system.mss
TRACE::2026-03-06.08:51:58::SCWMssOS::DEBUG:  swdes dump  C:/Users/C27Bradford.Hurt/ece383_wksp/ice2/design_1_wrapper/microblaze_0/standalone_microblaze_0/bsp/system.mss|system||

TRACE::2026-03-06.08:51:58::SCWMssOS::Sw design exists and opened at  C:/Users/C27Bradford.Hurt/ece383_wksp/ice2/design_1_wrapper/microblaze_0/standalone_microblaze_0/bsp/system.mss
TRACE::2026-03-06.08:51:58::SCWWriter::formatted JSON is {
	"platformName":	"design_1_wrapper",
	"sprVersion":	"2.0",
	"mode":	"gui",
	"dsaType":	"Fixed",
	"platformDesc":	"design_1_wrapper",
	"platHandOff":	"<platformDir>.xsa",
	"platIntHandOff":	"<platformDir>/hw/design_1_wrapper.xsa",
	"deviceType":	"FPGA",
	"platIsPrebuiltAutogen":	"false",
	"platIsNoBootBsp":	"false",
	"hasFsblMakeHasChanges":	"false",
	"hasPmufwMakeHasChanges":	"false",
	"platPreBuiltFlag":	false,
	"platformSamplesDir":	"",
	"platActiveSys":	"design_1_wrapper",
	"systems":	[{
			"systemName":	"design_1_wrapper",
			"systemDesc":	"design_1_wrapper",
			"sysIsBootAutoGen":	"true",
			"systemDispName":	"design_1_wrapper",
			"sysActiveDom":	"standalone_microblaze_0",
			"sysDefaultDom":	"standalone_microblaze_0",
			"domains":	[{
					"domainName":	"standalone_microblaze_0",
					"domainDispName":	"standalone_microblaze_0",
					"domainDesc":	"standalone_microblaze_0",
					"processors":	"microblaze_0",
					"os":	"standalone",
					"sdxOs":	"standalone",
					"debugEnable":	"False",
					"domRuntimes":	["cpp"],
					"swRepo":	"",
					"mssOsVer":	"9.2",
					"mssFile":	"",
					"md5Digest":	"78d0412b485d8ad9f86b2c0627bf3467",
					"compatibleApp":	"hello_world",
					"domType":	"mssDomain",
					"arch":	"32-bit",
					"appSettings":	{
						"appCompilerFlags":	"",
						"appLinkerFlags":	""
					},
					"addedLibs":	[],
					"libOptions":	{
						"libsContainingOptions":	[]
					},
					"prebuiltLibs":	{
						"prebuiltIncPath":	[],
						"prebuiltLibPath":	[]
					},
					"isolation":	{
					}
				}]
		}]
}
LOG::2026-03-06.08:51:58::SCWPlatform::Started generating the artifacts platform design_1_wrapper
TRACE::2026-03-06.08:51:58::SCWPlatform::Sanity checking of platform is completed
LOG::2026-03-06.08:51:58::SCWPlatform::Started generating the artifacts for system configuration design_1_wrapper
LOG::2026-03-06.08:51:58::SCWSystem::Started Processing the domain standalone_microblaze_0
TRACE::2026-03-06.08:51:58::SCWDomain::Generating domain artifcats
TRACE::2026-03-06.08:51:58::SCWMssOS::Generating standalone artifcats
TRACE::2026-03-06.08:51:58::SCWMssOS:: Copying the user libraries. 
TRACE::2026-03-06.08:51:58::SCWPlatform::Trying to open the hw design at C:/Users/C27Bradford.Hurt/ece383_wksp/ice2/design_1_wrapper/hw/design_1_wrapper.xsa
TRACE::2026-03-06.08:51:58::SCWPlatform::DSA given C:/Users/C27Bradford.Hurt/ece383_wksp/ice2/design_1_wrapper/hw/design_1_wrapper.xsa
TRACE::2026-03-06.08:51:58::SCWPlatform::DSA absoulate path C:/Users/C27Bradford.Hurt/ece383_wksp/ice2/design_1_wrapper/hw/design_1_wrapper.xsa
TRACE::2026-03-06.08:51:58::SCWPlatform::DSA directory C:/Users/C27Bradford.Hurt/ece383_wksp/ice2/design_1_wrapper/hw
TRACE::2026-03-06.08:51:58::SCWPlatform:: Platform Path C:/Users/C27Bradford.Hurt/ece383_wksp/ice2/design_1_wrapper/hw/design_1_wrapper.xsa
TRACE::2026-03-06.08:51:58::SCWPlatform:: Unique name xilinx:nexys_video::0.0
TRACE::2026-03-06.08:51:58::SCWPlatform::Trying to set the existing hwdb with name design_1_wrapper_0
TRACE::2026-03-06.08:51:58::SCWPlatform::Opened existing hwdb design_1_wrapper_0
TRACE::2026-03-06.08:51:58::SCWPlatform::Found the Hw Db part of the input DSA
TRACE::2026-03-06.08:51:58::SCWMssOS::Checking the sw design at  C:/Users/C27Bradford.Hurt/ece383_wksp/ice2/design_1_wrapper/microblaze_0/standalone_microblaze_0/bsp/system.mss
TRACE::2026-03-06.08:51:58::SCWMssOS::DEBUG:  swdes dump  C:/Users/C27Bradford.Hurt/ece383_wksp/ice2/design_1_wrapper/microblaze_0/standalone_microblaze_0/bsp/system.mss|system||

TRACE::2026-03-06.08:51:58::SCWMssOS::Sw design exists and opened at  C:/Users/C27Bradford.Hurt/ece383_wksp/ice2/design_1_wrapper/microblaze_0/standalone_microblaze_0/bsp/system.mss
TRACE::2026-03-06.08:51:58::SCWMssOS::Completed writing the mss file at C:/Users/C27Bradford.Hurt/ece383_wksp/ice2/design_1_wrapper/microblaze_0/standalone_microblaze_0/bsp
TRACE::2026-03-06.08:51:58::SCWMssOS::Mss edits present, copying mssfile into export location C:/Users/C27Bradford.Hurt/ece383_wksp/ice2/design_1_wrapper/microblaze_0/standalone_microblaze_0/bsp/system.mss
TRACE::2026-03-06.08:51:58::SCWMssOS::bsp generated is upto date with the mss file. Skipping bsp generation.
TRACE::2026-03-06.08:51:58::SCWMssOS::BSP is already built. skipping the bsp build ... 
TRACE::2026-03-06.08:51:58::SCWDomain::Building the domain as part of full build :  standalone_microblaze_0
TRACE::2026-03-06.08:51:58::SCWMssOS::skipping the bsp build ... 
TRACE::2026-03-06.08:51:58::SCWMssOS::Copying to export directory.
TRACE::2026-03-06.08:51:58::SCWMssOS:: Checking if to create the Supporting Applications
TRACE::2026-03-06.08:51:58::SCWMssOS:: No Linux domain exists, trying to generate FSBL 
LOG::2026-03-06.08:51:58::SCWSystem::Completed Processing the domain standalone_microblaze_0
LOG::2026-03-06.08:51:58::SCWSystem::Completed Processing the sysconfig design_1_wrapper
LOG::2026-03-06.08:51:58::SCWPlatform::Completed generating the artifacts for system configuration design_1_wrapper
TRACE::2026-03-06.08:51:58::SCWPlatform::Started preparing the platform 
TRACE::2026-03-06.08:51:58::SCWSystem::Writing the bif file for system config design_1_wrapper
TRACE::2026-03-06.08:51:58::SCWSystem::dir created 
TRACE::2026-03-06.08:51:58::SCWSystem::Writing the bif 
TRACE::2026-03-06.08:51:58::SCWPlatform::Started writing the spfm file 
TRACE::2026-03-06.08:51:58::SCWPlatform::Started writing the xpfm file 
TRACE::2026-03-06.08:51:58::SCWPlatform::Completed generating the platform
TRACE::2026-03-06.08:51:58::SCWMssOS::Saving the mss changes C:/Users/C27Bradford.Hurt/ece383_wksp/ice2/design_1_wrapper/microblaze_0/standalone_microblaze_0/bsp/system.mss
TRACE::2026-03-06.08:51:58::SCWMssOS::Found a swdesign opened with the mssfile.
TRACE::2026-03-06.08:51:58::SCWMssOS::Completed writemss as part of save.
TRACE::2026-03-06.08:51:58::SCWMssOS::Commit changes completed.
TRACE::2026-03-06.08:51:58::SCWPlatform::Trying to open the hw design at C:/Users/C27Bradford.Hurt/ece383_wksp/ice2/design_1_wrapper/hw/design_1_wrapper.xsa
TRACE::2026-03-06.08:51:58::SCWPlatform::DSA given C:/Users/C27Bradford.Hurt/ece383_wksp/ice2/design_1_wrapper/hw/design_1_wrapper.xsa
TRACE::2026-03-06.08:51:58::SCWPlatform::DSA absoulate path C:/Users/C27Bradford.Hurt/ece383_wksp/ice2/design_1_wrapper/hw/design_1_wrapper.xsa
TRACE::2026-03-06.08:51:58::SCWPlatform::DSA directory C:/Users/C27Bradford.Hurt/ece383_wksp/ice2/design_1_wrapper/hw
TRACE::2026-03-06.08:51:58::SCWPlatform:: Platform Path C:/Users/C27Bradford.Hurt/ece383_wksp/ice2/design_1_wrapper/hw/design_1_wrapper.xsa
TRACE::2026-03-06.08:51:58::SCWPlatform:: Unique name xilinx:nexys_video::0.0
TRACE::2026-03-06.08:51:58::SCWPlatform::Trying to set the existing hwdb with name design_1_wrapper_0
TRACE::2026-03-06.08:51:58::SCWPlatform::Opened existing hwdb design_1_wrapper_0
TRACE::2026-03-06.08:51:58::SCWPlatform::Found the Hw Db part of the input DSA
TRACE::2026-03-06.08:51:58::SCWMssOS::Checking the sw design at  C:/Users/C27Bradford.Hurt/ece383_wksp/ice2/design_1_wrapper/microblaze_0/standalone_microblaze_0/bsp/system.mss
TRACE::2026-03-06.08:51:58::SCWMssOS::DEBUG:  swdes dump  C:/Users/C27Bradford.Hurt/ece383_wksp/ice2/design_1_wrapper/microblaze_0/standalone_microblaze_0/bsp/system.mss|system||

TRACE::2026-03-06.08:51:58::SCWMssOS::Sw design exists and opened at  C:/Users/C27Bradford.Hurt/ece383_wksp/ice2/design_1_wrapper/microblaze_0/standalone_microblaze_0/bsp/system.mss
TRACE::2026-03-06.08:51:58::SCWPlatform::Trying to open the hw design at C:/Users/C27Bradford.Hurt/ece383_wksp/ice2/design_1_wrapper/hw/design_1_wrapper.xsa
TRACE::2026-03-06.08:51:58::SCWPlatform::DSA given C:/Users/C27Bradford.Hurt/ece383_wksp/ice2/design_1_wrapper/hw/design_1_wrapper.xsa
TRACE::2026-03-06.08:51:58::SCWPlatform::DSA absoulate path C:/Users/C27Bradford.Hurt/ece383_wksp/ice2/design_1_wrapper/hw/design_1_wrapper.xsa
TRACE::2026-03-06.08:51:58::SCWPlatform::DSA directory C:/Users/C27Bradford.Hurt/ece383_wksp/ice2/design_1_wrapper/hw
TRACE::2026-03-06.08:51:58::SCWPlatform:: Platform Path C:/Users/C27Bradford.Hurt/ece383_wksp/ice2/design_1_wrapper/hw/design_1_wrapper.xsa
TRACE::2026-03-06.08:51:58::SCWPlatform:: Unique name xilinx:nexys_video::0.0
TRACE::2026-03-06.08:51:58::SCWPlatform::Trying to set the existing hwdb with name design_1_wrapper_0
TRACE::2026-03-06.08:51:58::SCWPlatform::Opened existing hwdb design_1_wrapper_0
TRACE::2026-03-06.08:51:58::SCWPlatform::Found the Hw Db part of the input DSA
TRACE::2026-03-06.08:51:58::SCWMssOS::Checking the sw design at  C:/Users/C27Bradford.Hurt/ece383_wksp/ice2/design_1_wrapper/microblaze_0/standalone_microblaze_0/bsp/system.mss
TRACE::2026-03-06.08:51:58::SCWMssOS::DEBUG:  swdes dump  C:/Users/C27Bradford.Hurt/ece383_wksp/ice2/design_1_wrapper/microblaze_0/standalone_microblaze_0/bsp/system.mss|system||

TRACE::2026-03-06.08:51:58::SCWMssOS::Sw design exists and opened at  C:/Users/C27Bradford.Hurt/ece383_wksp/ice2/design_1_wrapper/microblaze_0/standalone_microblaze_0/bsp/system.mss
TRACE::2026-03-06.08:51:58::SCWPlatform::Trying to open the hw design at C:/Users/C27Bradford.Hurt/ece383_wksp/ice2/design_1_wrapper/hw/design_1_wrapper.xsa
TRACE::2026-03-06.08:51:58::SCWPlatform::DSA given C:/Users/C27Bradford.Hurt/ece383_wksp/ice2/design_1_wrapper/hw/design_1_wrapper.xsa
TRACE::2026-03-06.08:51:58::SCWPlatform::DSA absoulate path C:/Users/C27Bradford.Hurt/ece383_wksp/ice2/design_1_wrapper/hw/design_1_wrapper.xsa
TRACE::2026-03-06.08:51:58::SCWPlatform::DSA directory C:/Users/C27Bradford.Hurt/ece383_wksp/ice2/design_1_wrapper/hw
TRACE::2026-03-06.08:51:58::SCWPlatform:: Platform Path C:/Users/C27Bradford.Hurt/ece383_wksp/ice2/design_1_wrapper/hw/design_1_wrapper.xsa
TRACE::2026-03-06.08:51:58::SCWPlatform:: Unique name xilinx:nexys_video::0.0
TRACE::2026-03-06.08:51:58::SCWPlatform::Trying to set the existing hwdb with name design_1_wrapper_0
TRACE::2026-03-06.08:51:58::SCWPlatform::Opened existing hwdb design_1_wrapper_0
TRACE::2026-03-06.08:51:58::SCWPlatform::Found the Hw Db part of the input DSA
TRACE::2026-03-06.08:51:58::SCWMssOS::Checking the sw design at  C:/Users/C27Bradford.Hurt/ece383_wksp/ice2/design_1_wrapper/microblaze_0/standalone_microblaze_0/bsp/system.mss
TRACE::2026-03-06.08:51:58::SCWMssOS::DEBUG:  swdes dump  C:/Users/C27Bradford.Hurt/ece383_wksp/ice2/design_1_wrapper/microblaze_0/standalone_microblaze_0/bsp/system.mss|system||

TRACE::2026-03-06.08:51:58::SCWMssOS::Sw design exists and opened at  C:/Users/C27Bradford.Hurt/ece383_wksp/ice2/design_1_wrapper/microblaze_0/standalone_microblaze_0/bsp/system.mss
TRACE::2026-03-06.08:51:58::SCWWriter::formatted JSON is {
	"platformName":	"design_1_wrapper",
	"sprVersion":	"2.0",
	"mode":	"gui",
	"dsaType":	"Fixed",
	"platformDesc":	"design_1_wrapper",
	"platHandOff":	"<platformDir>.xsa",
	"platIntHandOff":	"<platformDir>/hw/design_1_wrapper.xsa",
	"deviceType":	"FPGA",
	"platIsPrebuiltAutogen":	"false",
	"platIsNoBootBsp":	"false",
	"hasFsblMakeHasChanges":	"false",
	"hasPmufwMakeHasChanges":	"false",
	"platPreBuiltFlag":	false,
	"platformSamplesDir":	"",
	"platActiveSys":	"design_1_wrapper",
	"systems":	[{
			"systemName":	"design_1_wrapper",
			"systemDesc":	"design_1_wrapper",
			"sysIsBootAutoGen":	"true",
			"systemDispName":	"design_1_wrapper",
			"sysActiveDom":	"standalone_microblaze_0",
			"sysDefaultDom":	"standalone_microblaze_0",
			"domains":	[{
					"domainName":	"standalone_microblaze_0",
					"domainDispName":	"standalone_microblaze_0",
					"domainDesc":	"standalone_microblaze_0",
					"processors":	"microblaze_0",
					"os":	"standalone",
					"sdxOs":	"standalone",
					"debugEnable":	"False",
					"domRuntimes":	["cpp"],
					"swRepo":	"",
					"mssOsVer":	"9.2",
					"mssFile":	"",
					"md5Digest":	"78d0412b485d8ad9f86b2c0627bf3467",
					"compatibleApp":	"hello_world",
					"domType":	"mssDomain",
					"arch":	"32-bit",
					"appSettings":	{
						"appCompilerFlags":	"",
						"appLinkerFlags":	""
					},
					"addedLibs":	[],
					"libOptions":	{
						"libsContainingOptions":	[]
					},
					"prebuiltLibs":	{
						"prebuiltIncPath":	[],
						"prebuiltLibPath":	[]
					},
					"isolation":	{
					}
				}]
		}]
}
KEYINFO::2026-03-06.08:51:58::SCWPlatform::updated the xpfm file.
LOG::2026-03-06.08:57:06::SCWPlatform::Started generating the artifacts platform design_1_wrapper
TRACE::2026-03-06.08:57:06::SCWPlatform::Sanity checking of platform is completed
LOG::2026-03-06.08:57:06::SCWPlatform::Started generating the artifacts for system configuration design_1_wrapper
LOG::2026-03-06.08:57:06::SCWSystem::Checking the domain standalone_microblaze_0
LOG::2026-03-06.08:57:06::SCWSystem::Not a boot domain 
LOG::2026-03-06.08:57:06::SCWSystem::Started Processing the domain standalone_microblaze_0
TRACE::2026-03-06.08:57:06::SCWDomain::Generating domain artifcats
TRACE::2026-03-06.08:57:06::SCWMssOS::Generating standalone artifcats
TRACE::2026-03-06.08:57:06::SCWMssOS:: Copying the user libraries. 
TRACE::2026-03-06.08:57:06::SCWPlatform::Trying to open the hw design at C:/Users/C27Bradford.Hurt/ece383_wksp/ice2/design_1_wrapper/hw/design_1_wrapper.xsa
TRACE::2026-03-06.08:57:06::SCWPlatform::DSA given C:/Users/C27Bradford.Hurt/ece383_wksp/ice2/design_1_wrapper/hw/design_1_wrapper.xsa
TRACE::2026-03-06.08:57:06::SCWPlatform::DSA absoulate path C:/Users/C27Bradford.Hurt/ece383_wksp/ice2/design_1_wrapper/hw/design_1_wrapper.xsa
TRACE::2026-03-06.08:57:06::SCWPlatform::DSA directory C:/Users/C27Bradford.Hurt/ece383_wksp/ice2/design_1_wrapper/hw
TRACE::2026-03-06.08:57:06::SCWPlatform:: Platform Path C:/Users/C27Bradford.Hurt/ece383_wksp/ice2/design_1_wrapper/hw/design_1_wrapper.xsa
TRACE::2026-03-06.08:57:06::SCWPlatform:: Unique name xilinx:nexys_video::0.0
TRACE::2026-03-06.08:57:06::SCWPlatform::Trying to set the existing hwdb with name design_1_wrapper_0
TRACE::2026-03-06.08:57:06::SCWPlatform::Opened existing hwdb design_1_wrapper_0
TRACE::2026-03-06.08:57:06::SCWPlatform::Found the Hw Db part of the input DSA
TRACE::2026-03-06.08:57:06::SCWMssOS::Checking the sw design at  C:/Users/C27Bradford.Hurt/ece383_wksp/ice2/design_1_wrapper/microblaze_0/standalone_microblaze_0/bsp/system.mss
TRACE::2026-03-06.08:57:06::SCWMssOS::DEBUG:  swdes dump  C:/Users/C27Bradford.Hurt/ece383_wksp/ice2/design_1_wrapper/microblaze_0/standalone_microblaze_0/bsp/system.mss|system||

TRACE::2026-03-06.08:57:06::SCWMssOS::Sw design exists and opened at  C:/Users/C27Bradford.Hurt/ece383_wksp/ice2/design_1_wrapper/microblaze_0/standalone_microblaze_0/bsp/system.mss
TRACE::2026-03-06.08:57:06::SCWMssOS::Completed writing the mss file at C:/Users/C27Bradford.Hurt/ece383_wksp/ice2/design_1_wrapper/microblaze_0/standalone_microblaze_0/bsp
TRACE::2026-03-06.08:57:06::SCWMssOS::Mss edits present, copying mssfile into export location C:/Users/C27Bradford.Hurt/ece383_wksp/ice2/design_1_wrapper/microblaze_0/standalone_microblaze_0/bsp/system.mss
TRACE::2026-03-06.08:57:06::SCWMssOS::bsp generated is upto date with the mss file. Skipping bsp generation.
TRACE::2026-03-06.08:57:06::SCWMssOS::BSP is already built. skipping the bsp build ... 
TRACE::2026-03-06.08:57:06::SCWDomain::Building the domain as part of full build :  standalone_microblaze_0
TRACE::2026-03-06.08:57:06::SCWMssOS::doing bsp build ... 
TRACE::2026-03-06.08:57:06::SCWMssOS::System Command Ran  C: & cd  C:/Users/C27Bradford.Hurt/ece383_wksp/ice2/design_1_wrapper/microblaze_0/standalone_microblaze_0/bsp & make 
TRACE::2026-03-06.08:57:06::SCWMssOS::make --no-print-directory seq_libs

TRACE::2026-03-06.08:57:07::SCWMssOS::"Running Make include in microblaze_0/libsrc/bram_v4_11/src"

TRACE::2026-03-06.08:57:07::SCWMssOS::make -C microblaze_0/libsrc/bram_v4_11/src -s include  "SHELL=CMD" "COMPILER=mb-gcc" "ASSEMBLER=mb-as" "ARCHIVER=mb-ar" "COMPIL
TRACE::2026-03-06.08:57:07::SCWMssOS::ER_FLAGS=  -O2 -c -mcpu=v11.0 -mlittle-endian -mxl-soft-mul" "EXTRA_COMPILER_FLAGS=-g -ffunction-sections -fdata-sections -Wall
TRACE::2026-03-06.08:57:07::SCWMssOS:: -Wextra -fno-tree-loop-distribute-patterns"

TRACE::2026-03-06.08:57:07::SCWMssOS::"Running Make include in microblaze_0/libsrc/cpu_v2_18/src"

TRACE::2026-03-06.08:57:07::SCWMssOS::make -C microblaze_0/libsrc/cpu_v2_18/src -s include  "SHELL=CMD" "COMPILER=mb-gcc" "ASSEMBLER=mb-as" "ARCHIVER=mb-ar" "COMPILE
TRACE::2026-03-06.08:57:07::SCWMssOS::R_FLAGS=  -O2 -c -mcpu=v11.0 -mlittle-endian -mxl-soft-mul" "EXTRA_COMPILER_FLAGS=-g -ffunction-sections -fdata-sections -Wall 
TRACE::2026-03-06.08:57:07::SCWMssOS::-Wextra -fno-tree-loop-distribute-patterns"

TRACE::2026-03-06.08:57:07::SCWMssOS::"Running Make include in microblaze_0/libsrc/standalone_v9_2/src"

TRACE::2026-03-06.08:57:07::SCWMssOS::make -C microblaze_0/libsrc/standalone_v9_2/src -s include  "SHELL=CMD" "COMPILER=mb-gcc" "ASSEMBLER=mb-as" "ARCHIVER=mb-ar" "C
TRACE::2026-03-06.08:57:07::SCWMssOS::OMPILER_FLAGS=  -O2 -c -mcpu=v11.0 -mlittle-endian -mxl-soft-mul" "EXTRA_COMPILER_FLAGS=-g -ffunction-sections -fdata-sections 
TRACE::2026-03-06.08:57:07::SCWMssOS::-Wall -Wextra -fno-tree-loop-distribute-patterns"

TRACE::2026-03-06.08:57:09::SCWMssOS::"Running Make include in microblaze_0/libsrc/uartlite_v3_11/src"

TRACE::2026-03-06.08:57:09::SCWMssOS::make -C microblaze_0/libsrc/uartlite_v3_11/src -s include  "SHELL=CMD" "COMPILER=mb-gcc" "ASSEMBLER=mb-as" "ARCHIVER=mb-ar" "CO
TRACE::2026-03-06.08:57:09::SCWMssOS::MPILER_FLAGS=  -O2 -c -mcpu=v11.0 -mlittle-endian -mxl-soft-mul" "EXTRA_COMPILER_FLAGS=-g -ffunction-sections -fdata-sections -
TRACE::2026-03-06.08:57:09::SCWMssOS::Wall -Wextra -fno-tree-loop-distribute-patterns"

TRACE::2026-03-06.08:57:09::SCWMssOS::"Running Make libs in microblaze_0/libsrc/My_Counter_IP_v1_0/src"

TRACE::2026-03-06.08:57:09::SCWMssOS::make -C microblaze_0/libsrc/My_Counter_IP_v1_0/src -s libs  "SHELL=CMD" "COMPILER=mb-gcc" "ASSEMBLER=mb-as" "ARCHIVER=mb-ar" "C
TRACE::2026-03-06.08:57:09::SCWMssOS::OMPILER_FLAGS=  -O2 -c -mcpu=v11.0 -mlittle-endian -mxl-soft-mul" "EXTRA_COMPILER_FLAGS=-g -ffunction-sections -fdata-sections 
TRACE::2026-03-06.08:57:09::SCWMssOS::-Wall -Wextra -fno-tree-loop-distribute-patterns"

ERROR::2026-03-06.08:57:09::SCWMssOS::Failed to build  the bsp sources for domain - standalone_microblaze_0
ERROR::2026-03-06.08:57:09::SCWSystem::Error in Processing the domain standalone_microblaze_0
LOG::2026-03-06.08:57:24::SCWPlatform::Started generating the artifacts platform design_1_wrapper
TRACE::2026-03-06.08:57:24::SCWPlatform::Sanity checking of platform is completed
LOG::2026-03-06.08:57:24::SCWPlatform::Started generating the artifacts for system configuration design_1_wrapper
LOG::2026-03-06.08:57:24::SCWSystem::Checking the domain standalone_microblaze_0
LOG::2026-03-06.08:57:24::SCWSystem::Not a boot domain 
LOG::2026-03-06.08:57:24::SCWSystem::Started Processing the domain standalone_microblaze_0
TRACE::2026-03-06.08:57:24::SCWDomain::Generating domain artifcats
TRACE::2026-03-06.08:57:24::SCWMssOS::Generating standalone artifcats
TRACE::2026-03-06.08:57:24::SCWMssOS:: Copying the user libraries. 
TRACE::2026-03-06.08:57:24::SCWPlatform::Trying to open the hw design at C:/Users/C27Bradford.Hurt/ece383_wksp/ice2/design_1_wrapper/hw/design_1_wrapper.xsa
TRACE::2026-03-06.08:57:24::SCWPlatform::DSA given C:/Users/C27Bradford.Hurt/ece383_wksp/ice2/design_1_wrapper/hw/design_1_wrapper.xsa
TRACE::2026-03-06.08:57:24::SCWPlatform::DSA absoulate path C:/Users/C27Bradford.Hurt/ece383_wksp/ice2/design_1_wrapper/hw/design_1_wrapper.xsa
TRACE::2026-03-06.08:57:24::SCWPlatform::DSA directory C:/Users/C27Bradford.Hurt/ece383_wksp/ice2/design_1_wrapper/hw
TRACE::2026-03-06.08:57:24::SCWPlatform:: Platform Path C:/Users/C27Bradford.Hurt/ece383_wksp/ice2/design_1_wrapper/hw/design_1_wrapper.xsa
TRACE::2026-03-06.08:57:24::SCWPlatform:: Unique name xilinx:nexys_video::0.0
TRACE::2026-03-06.08:57:24::SCWPlatform::Trying to set the existing hwdb with name design_1_wrapper_0
TRACE::2026-03-06.08:57:24::SCWPlatform::Opened existing hwdb design_1_wrapper_0
TRACE::2026-03-06.08:57:24::SCWPlatform::Found the Hw Db part of the input DSA
TRACE::2026-03-06.08:57:24::SCWMssOS::Checking the sw design at  C:/Users/C27Bradford.Hurt/ece383_wksp/ice2/design_1_wrapper/microblaze_0/standalone_microblaze_0/bsp/system.mss
TRACE::2026-03-06.08:57:24::SCWMssOS::DEBUG:  swdes dump  C:/Users/C27Bradford.Hurt/ece383_wksp/ice2/design_1_wrapper/microblaze_0/standalone_microblaze_0/bsp/system.mss|system||

TRACE::2026-03-06.08:57:24::SCWMssOS::Sw design exists and opened at  C:/Users/C27Bradford.Hurt/ece383_wksp/ice2/design_1_wrapper/microblaze_0/standalone_microblaze_0/bsp/system.mss
TRACE::2026-03-06.08:57:24::SCWMssOS::Completed writing the mss file at C:/Users/C27Bradford.Hurt/ece383_wksp/ice2/design_1_wrapper/microblaze_0/standalone_microblaze_0/bsp
TRACE::2026-03-06.08:57:24::SCWMssOS::Mss edits present, copying mssfile into export location C:/Users/C27Bradford.Hurt/ece383_wksp/ice2/design_1_wrapper/microblaze_0/standalone_microblaze_0/bsp/system.mss
TRACE::2026-03-06.08:57:24::SCWMssOS::bsp generated is upto date with the mss file. Skipping bsp generation.
TRACE::2026-03-06.08:57:24::SCWMssOS::BSP is already built. skipping the bsp build ... 
TRACE::2026-03-06.08:57:24::SCWDomain::Building the domain as part of full build :  standalone_microblaze_0
TRACE::2026-03-06.08:57:24::SCWMssOS::doing bsp build ... 
TRACE::2026-03-06.08:57:24::SCWMssOS::System Command Ran  C: & cd  C:/Users/C27Bradford.Hurt/ece383_wksp/ice2/design_1_wrapper/microblaze_0/standalone_microblaze_0/bsp & make 
TRACE::2026-03-06.08:57:24::SCWMssOS::make --no-print-directory seq_libs

TRACE::2026-03-06.08:57:24::SCWMssOS::"Running Make include in microblaze_0/libsrc/bram_v4_11/src"

TRACE::2026-03-06.08:57:24::SCWMssOS::make -C microblaze_0/libsrc/bram_v4_11/src -s include  "SHELL=CMD" "COMPILER=mb-gcc" "ASSEMBLER=mb-as" "ARCHIVER=mb-ar" "COMPIL
TRACE::2026-03-06.08:57:24::SCWMssOS::ER_FLAGS=  -O2 -c -mcpu=v11.0 -mlittle-endian -mxl-soft-mul" "EXTRA_COMPILER_FLAGS=-g -ffunction-sections -fdata-sections -Wall
TRACE::2026-03-06.08:57:24::SCWMssOS:: -Wextra -fno-tree-loop-distribute-patterns"

TRACE::2026-03-06.08:57:24::SCWMssOS::"Running Make include in microblaze_0/libsrc/cpu_v2_18/src"

TRACE::2026-03-06.08:57:24::SCWMssOS::make -C microblaze_0/libsrc/cpu_v2_18/src -s include  "SHELL=CMD" "COMPILER=mb-gcc" "ASSEMBLER=mb-as" "ARCHIVER=mb-ar" "COMPILE
TRACE::2026-03-06.08:57:24::SCWMssOS::R_FLAGS=  -O2 -c -mcpu=v11.0 -mlittle-endian -mxl-soft-mul" "EXTRA_COMPILER_FLAGS=-g -ffunction-sections -fdata-sections -Wall 
TRACE::2026-03-06.08:57:24::SCWMssOS::-Wextra -fno-tree-loop-distribute-patterns"

TRACE::2026-03-06.08:57:24::SCWMssOS::"Running Make include in microblaze_0/libsrc/standalone_v9_2/src"

TRACE::2026-03-06.08:57:24::SCWMssOS::make -C microblaze_0/libsrc/standalone_v9_2/src -s include  "SHELL=CMD" "COMPILER=mb-gcc" "ASSEMBLER=mb-as" "ARCHIVER=mb-ar" "C
TRACE::2026-03-06.08:57:24::SCWMssOS::OMPILER_FLAGS=  -O2 -c -mcpu=v11.0 -mlittle-endian -mxl-soft-mul" "EXTRA_COMPILER_FLAGS=-g -ffunction-sections -fdata-sections 
TRACE::2026-03-06.08:57:24::SCWMssOS::-Wall -Wextra -fno-tree-loop-distribute-patterns"

TRACE::2026-03-06.08:57:24::SCWMssOS::"Running Make include in microblaze_0/libsrc/uartlite_v3_11/src"

TRACE::2026-03-06.08:57:24::SCWMssOS::make -C microblaze_0/libsrc/uartlite_v3_11/src -s include  "SHELL=CMD" "COMPILER=mb-gcc" "ASSEMBLER=mb-as" "ARCHIVER=mb-ar" "CO
TRACE::2026-03-06.08:57:24::SCWMssOS::MPILER_FLAGS=  -O2 -c -mcpu=v11.0 -mlittle-endian -mxl-soft-mul" "EXTRA_COMPILER_FLAGS=-g -ffunction-sections -fdata-sections -
TRACE::2026-03-06.08:57:24::SCWMssOS::Wall -Wextra -fno-tree-loop-distribute-patterns"

TRACE::2026-03-06.08:57:25::SCWMssOS::"Running Make libs in microblaze_0/libsrc/My_Counter_IP_v1_0/src"

TRACE::2026-03-06.08:57:25::SCWMssOS::make -C microblaze_0/libsrc/My_Counter_IP_v1_0/src -s libs  "SHELL=CMD" "COMPILER=mb-gcc" "ASSEMBLER=mb-as" "ARCHIVER=mb-ar" "C
TRACE::2026-03-06.08:57:25::SCWMssOS::OMPILER_FLAGS=  -O2 -c -mcpu=v11.0 -mlittle-endian -mxl-soft-mul" "EXTRA_COMPILER_FLAGS=-g -ffunction-sections -fdata-sections 
TRACE::2026-03-06.08:57:25::SCWMssOS::-Wall -Wextra -fno-tree-loop-distribute-patterns"

ERROR::2026-03-06.08:57:25::SCWMssOS::Failed to build  the bsp sources for domain - standalone_microblaze_0
ERROR::2026-03-06.08:57:25::SCWSystem::Error in Processing the domain standalone_microblaze_0
LOG::2026-03-06.09:02:45::SCWPlatform::Started generating the artifacts platform design_1_wrapper
TRACE::2026-03-06.09:02:45::SCWPlatform::Sanity checking of platform is completed
LOG::2026-03-06.09:02:45::SCWPlatform::Started generating the artifacts for system configuration design_1_wrapper
LOG::2026-03-06.09:02:45::SCWSystem::Checking the domain standalone_microblaze_0
LOG::2026-03-06.09:02:45::SCWSystem::Not a boot domain 
LOG::2026-03-06.09:02:45::SCWSystem::Started Processing the domain standalone_microblaze_0
TRACE::2026-03-06.09:02:45::SCWDomain::Generating domain artifcats
TRACE::2026-03-06.09:02:45::SCWMssOS::Generating standalone artifcats
TRACE::2026-03-06.09:02:45::SCWMssOS:: Copying the user libraries. 
TRACE::2026-03-06.09:02:45::SCWPlatform::Trying to open the hw design at C:/Users/C27Bradford.Hurt/ece383_wksp/ice2/design_1_wrapper/hw/design_1_wrapper.xsa
TRACE::2026-03-06.09:02:45::SCWPlatform::DSA given C:/Users/C27Bradford.Hurt/ece383_wksp/ice2/design_1_wrapper/hw/design_1_wrapper.xsa
TRACE::2026-03-06.09:02:45::SCWPlatform::DSA absoulate path C:/Users/C27Bradford.Hurt/ece383_wksp/ice2/design_1_wrapper/hw/design_1_wrapper.xsa
TRACE::2026-03-06.09:02:45::SCWPlatform::DSA directory C:/Users/C27Bradford.Hurt/ece383_wksp/ice2/design_1_wrapper/hw
TRACE::2026-03-06.09:02:45::SCWPlatform:: Platform Path C:/Users/C27Bradford.Hurt/ece383_wksp/ice2/design_1_wrapper/hw/design_1_wrapper.xsa
TRACE::2026-03-06.09:02:45::SCWPlatform:: Unique name xilinx:nexys_video::0.0
TRACE::2026-03-06.09:02:45::SCWPlatform::Trying to set the existing hwdb with name design_1_wrapper_0
TRACE::2026-03-06.09:02:45::SCWPlatform::Opened existing hwdb design_1_wrapper_0
TRACE::2026-03-06.09:02:45::SCWPlatform::Found the Hw Db part of the input DSA
TRACE::2026-03-06.09:02:45::SCWMssOS::Checking the sw design at  C:/Users/C27Bradford.Hurt/ece383_wksp/ice2/design_1_wrapper/microblaze_0/standalone_microblaze_0/bsp/system.mss
TRACE::2026-03-06.09:02:45::SCWMssOS::DEBUG:  swdes dump  C:/Users/C27Bradford.Hurt/ece383_wksp/ice2/design_1_wrapper/microblaze_0/standalone_microblaze_0/bsp/system.mss|system||

TRACE::2026-03-06.09:02:45::SCWMssOS::Sw design exists and opened at  C:/Users/C27Bradford.Hurt/ece383_wksp/ice2/design_1_wrapper/microblaze_0/standalone_microblaze_0/bsp/system.mss
TRACE::2026-03-06.09:02:45::SCWMssOS::Completed writing the mss file at C:/Users/C27Bradford.Hurt/ece383_wksp/ice2/design_1_wrapper/microblaze_0/standalone_microblaze_0/bsp
TRACE::2026-03-06.09:02:45::SCWMssOS::Mss edits present, copying mssfile into export location C:/Users/C27Bradford.Hurt/ece383_wksp/ice2/design_1_wrapper/microblaze_0/standalone_microblaze_0/bsp/system.mss
TRACE::2026-03-06.09:02:45::SCWMssOS::bsp generated is upto date with the mss file. Skipping bsp generation.
TRACE::2026-03-06.09:02:45::SCWMssOS::BSP is already built. skipping the bsp build ... 
TRACE::2026-03-06.09:02:45::SCWDomain::Building the domain as part of full build :  standalone_microblaze_0
TRACE::2026-03-06.09:02:45::SCWMssOS::doing bsp build ... 
TRACE::2026-03-06.09:02:45::SCWMssOS::System Command Ran  C: & cd  C:/Users/C27Bradford.Hurt/ece383_wksp/ice2/design_1_wrapper/microblaze_0/standalone_microblaze_0/bsp & make 
TRACE::2026-03-06.09:02:46::SCWMssOS::make --no-print-directory seq_libs

TRACE::2026-03-06.09:02:46::SCWMssOS::"Running Make include in microblaze_0/libsrc/bram_v4_11/src"

TRACE::2026-03-06.09:02:46::SCWMssOS::make -C microblaze_0/libsrc/bram_v4_11/src -s include  "SHELL=CMD" "COMPILER=mb-gcc" "ASSEMBLER=mb-as" "ARCHIVER=mb-ar" "COMPIL
TRACE::2026-03-06.09:02:46::SCWMssOS::ER_FLAGS=  -O2 -c -mcpu=v11.0 -mlittle-endian -mxl-soft-mul" "EXTRA_COMPILER_FLAGS=-g -ffunction-sections -fdata-sections -Wall
TRACE::2026-03-06.09:02:46::SCWMssOS:: -Wextra -fno-tree-loop-distribute-patterns"

TRACE::2026-03-06.09:02:46::SCWMssOS::"Running Make include in microblaze_0/libsrc/cpu_v2_18/src"

TRACE::2026-03-06.09:02:46::SCWMssOS::make -C microblaze_0/libsrc/cpu_v2_18/src -s include  "SHELL=CMD" "COMPILER=mb-gcc" "ASSEMBLER=mb-as" "ARCHIVER=mb-ar" "COMPILE
TRACE::2026-03-06.09:02:46::SCWMssOS::R_FLAGS=  -O2 -c -mcpu=v11.0 -mlittle-endian -mxl-soft-mul" "EXTRA_COMPILER_FLAGS=-g -ffunction-sections -fdata-sections -Wall 
TRACE::2026-03-06.09:02:46::SCWMssOS::-Wextra -fno-tree-loop-distribute-patterns"

TRACE::2026-03-06.09:02:46::SCWMssOS::"Running Make include in microblaze_0/libsrc/standalone_v9_2/src"

TRACE::2026-03-06.09:02:46::SCWMssOS::make -C microblaze_0/libsrc/standalone_v9_2/src -s include  "SHELL=CMD" "COMPILER=mb-gcc" "ASSEMBLER=mb-as" "ARCHIVER=mb-ar" "C
TRACE::2026-03-06.09:02:46::SCWMssOS::OMPILER_FLAGS=  -O2 -c -mcpu=v11.0 -mlittle-endian -mxl-soft-mul" "EXTRA_COMPILER_FLAGS=-g -ffunction-sections -fdata-sections 
TRACE::2026-03-06.09:02:46::SCWMssOS::-Wall -Wextra -fno-tree-loop-distribute-patterns"

TRACE::2026-03-06.09:02:47::SCWMssOS::"Running Make include in microblaze_0/libsrc/uartlite_v3_11/src"

TRACE::2026-03-06.09:02:47::SCWMssOS::make -C microblaze_0/libsrc/uartlite_v3_11/src -s include  "SHELL=CMD" "COMPILER=mb-gcc" "ASSEMBLER=mb-as" "ARCHIVER=mb-ar" "CO
TRACE::2026-03-06.09:02:47::SCWMssOS::MPILER_FLAGS=  -O2 -c -mcpu=v11.0 -mlittle-endian -mxl-soft-mul" "EXTRA_COMPILER_FLAGS=-g -ffunction-sections -fdata-sections -
TRACE::2026-03-06.09:02:47::SCWMssOS::Wall -Wextra -fno-tree-loop-distribute-patterns"

TRACE::2026-03-06.09:02:47::SCWMssOS::"Running Make libs in microblaze_0/libsrc/My_Counter_IP_v1_0/src"

TRACE::2026-03-06.09:02:47::SCWMssOS::make -C microblaze_0/libsrc/My_Counter_IP_v1_0/src -s libs  "SHELL=CMD" "COMPILER=mb-gcc" "ASSEMBLER=mb-as" "ARCHIVER=mb-ar" "C
TRACE::2026-03-06.09:02:47::SCWMssOS::OMPILER_FLAGS=  -O2 -c -mcpu=v11.0 -mlittle-endian -mxl-soft-mul" "EXTRA_COMPILER_FLAGS=-g -ffunction-sections -fdata-sections 
TRACE::2026-03-06.09:02:47::SCWMssOS::-Wall -Wextra -fno-tree-loop-distribute-patterns"

ERROR::2026-03-06.09:02:47::SCWMssOS::Failed to build  the bsp sources for domain - standalone_microblaze_0
ERROR::2026-03-06.09:02:47::SCWSystem::Error in Processing the domain standalone_microblaze_0
LOG::2026-03-06.09:03:42::SCWPlatform::Started generating the artifacts platform design_1_wrapper
TRACE::2026-03-06.09:03:42::SCWPlatform::Sanity checking of platform is completed
LOG::2026-03-06.09:03:42::SCWPlatform::Started generating the artifacts for system configuration design_1_wrapper
LOG::2026-03-06.09:03:42::SCWSystem::Checking the domain standalone_microblaze_0
LOG::2026-03-06.09:03:42::SCWSystem::Not a boot domain 
LOG::2026-03-06.09:03:42::SCWSystem::Started Processing the domain standalone_microblaze_0
TRACE::2026-03-06.09:03:42::SCWDomain::Generating domain artifcats
TRACE::2026-03-06.09:03:42::SCWMssOS::Generating standalone artifcats
TRACE::2026-03-06.09:03:42::SCWMssOS:: Copying the user libraries. 
TRACE::2026-03-06.09:03:42::SCWPlatform::Trying to open the hw design at C:/Users/C27Bradford.Hurt/ece383_wksp/ice2/design_1_wrapper/hw/design_1_wrapper.xsa
TRACE::2026-03-06.09:03:42::SCWPlatform::DSA given C:/Users/C27Bradford.Hurt/ece383_wksp/ice2/design_1_wrapper/hw/design_1_wrapper.xsa
TRACE::2026-03-06.09:03:42::SCWPlatform::DSA absoulate path C:/Users/C27Bradford.Hurt/ece383_wksp/ice2/design_1_wrapper/hw/design_1_wrapper.xsa
TRACE::2026-03-06.09:03:42::SCWPlatform::DSA directory C:/Users/C27Bradford.Hurt/ece383_wksp/ice2/design_1_wrapper/hw
TRACE::2026-03-06.09:03:42::SCWPlatform:: Platform Path C:/Users/C27Bradford.Hurt/ece383_wksp/ice2/design_1_wrapper/hw/design_1_wrapper.xsa
TRACE::2026-03-06.09:03:42::SCWPlatform:: Unique name xilinx:nexys_video::0.0
TRACE::2026-03-06.09:03:42::SCWPlatform::Trying to set the existing hwdb with name design_1_wrapper_0
TRACE::2026-03-06.09:03:42::SCWPlatform::Opened existing hwdb design_1_wrapper_0
TRACE::2026-03-06.09:03:42::SCWPlatform::Found the Hw Db part of the input DSA
TRACE::2026-03-06.09:03:42::SCWMssOS::Checking the sw design at  C:/Users/C27Bradford.Hurt/ece383_wksp/ice2/design_1_wrapper/microblaze_0/standalone_microblaze_0/bsp/system.mss
TRACE::2026-03-06.09:03:42::SCWMssOS::DEBUG:  swdes dump  C:/Users/C27Bradford.Hurt/ece383_wksp/ice2/design_1_wrapper/microblaze_0/standalone_microblaze_0/bsp/system.mss|system||

TRACE::2026-03-06.09:03:42::SCWMssOS::Sw design exists and opened at  C:/Users/C27Bradford.Hurt/ece383_wksp/ice2/design_1_wrapper/microblaze_0/standalone_microblaze_0/bsp/system.mss
TRACE::2026-03-06.09:03:42::SCWMssOS::Completed writing the mss file at C:/Users/C27Bradford.Hurt/ece383_wksp/ice2/design_1_wrapper/microblaze_0/standalone_microblaze_0/bsp
TRACE::2026-03-06.09:03:42::SCWMssOS::Mss edits present, copying mssfile into export location C:/Users/C27Bradford.Hurt/ece383_wksp/ice2/design_1_wrapper/microblaze_0/standalone_microblaze_0/bsp/system.mss
TRACE::2026-03-06.09:03:42::SCWMssOS::bsp generated is upto date with the mss file. Skipping bsp generation.
TRACE::2026-03-06.09:03:42::SCWMssOS::BSP is already built. skipping the bsp build ... 
TRACE::2026-03-06.09:03:42::SCWDomain::Building the domain as part of full build :  standalone_microblaze_0
TRACE::2026-03-06.09:03:42::SCWMssOS::doing bsp build ... 
TRACE::2026-03-06.09:03:42::SCWMssOS::System Command Ran  C: & cd  C:/Users/C27Bradford.Hurt/ece383_wksp/ice2/design_1_wrapper/microblaze_0/standalone_microblaze_0/bsp & make 
TRACE::2026-03-06.09:03:42::SCWMssOS::make --no-print-directory seq_libs

TRACE::2026-03-06.09:03:42::SCWMssOS::'Finished building libraries sequentially.'

TRACE::2026-03-06.09:03:42::SCWMssOS::make -j 14 --no-print-directory par_libs

TRACE::2026-03-06.09:03:42::SCWMssOS::"Running Make include in microblaze_0/libsrc/bram_v4_11/src"

TRACE::2026-03-06.09:03:42::SCWMssOS::make -C microblaze_0/libsrc/bram_v4_11/src -s include  "SHELL=CMD" "COMPILER=mb-gcc" "ASSEMBLER=mb-as" "ARCHIVER=mb-ar" "COMPIL
TRACE::2026-03-06.09:03:42::SCWMssOS::ER_FLAGS=  -O2 -c -mcpu=v11.0 -mlittle-endian -mxl-soft-mul" "EXTRA_COMPILER_FLAGS=-g -ffunction-sections -fdata-sections -Wall
TRACE::2026-03-06.09:03:42::SCWMssOS:: -Wextra -fno-tree-loop-distribute-patterns"

TRACE::2026-03-06.09:03:42::SCWMssOS::"Running Make include in microblaze_0/libsrc/cpu_v2_18/src"

TRACE::2026-03-06.09:03:42::SCWMssOS::make -C microblaze_0/libsrc/cpu_v2_18/src -s include  "SHELL=CMD" "COMPILER=mb-gcc" "ASSEMBLER=mb-as" "ARCHIVER=mb-ar" "COMPILE
TRACE::2026-03-06.09:03:42::SCWMssOS::R_FLAGS=  -O2 -c -mcpu=v11.0 -mlittle-endian -mxl-soft-mul" "EXTRA_COMPILER_FLAGS=-g -ffunction-sections -fdata-sections -Wall 
TRACE::2026-03-06.09:03:42::SCWMssOS::-Wextra -fno-tree-loop-distribute-patterns"

TRACE::2026-03-06.09:03:42::SCWMssOS::"Running Make include in microblaze_0/libsrc/standalone_v9_2/src"

TRACE::2026-03-06.09:03:43::SCWMssOS::make -C microblaze_0/libsrc/standalone_v9_2/src -s include  "SHELL=CMD" "COMPILER=mb-gcc" "ASSEMBLER=mb-as" "ARCHIVER=mb-ar" "C
TRACE::2026-03-06.09:03:43::SCWMssOS::OMPILER_FLAGS=  -O2 -c -mcpu=v11.0 -mlittle-endian -mxl-soft-mul" "EXTRA_COMPILER_FLAGS=-g -ffunction-sections -fdata-sections 
TRACE::2026-03-06.09:03:43::SCWMssOS::-Wall -Wextra -fno-tree-loop-distribute-patterns"

TRACE::2026-03-06.09:03:43::SCWMssOS::"Running Make include in microblaze_0/libsrc/uartlite_v3_11/src"

TRACE::2026-03-06.09:03:43::SCWMssOS::make -C microblaze_0/libsrc/uartlite_v3_11/src -s include  "SHELL=CMD" "COMPILER=mb-gcc" "ASSEMBLER=mb-as" "ARCHIVER=mb-ar" "CO
TRACE::2026-03-06.09:03:43::SCWMssOS::MPILER_FLAGS=  -O2 -c -mcpu=v11.0 -mlittle-endian -mxl-soft-mul" "EXTRA_COMPILER_FLAGS=-g -ffunction-sections -fdata-sections -
TRACE::2026-03-06.09:03:43::SCWMssOS::Wall -Wextra -fno-tree-loop-distribute-patterns"

TRACE::2026-03-06.09:03:43::SCWMssOS::"Running Make libs in microblaze_0/libsrc/bram_v4_11/src"

TRACE::2026-03-06.09:03:43::SCWMssOS::make -C microblaze_0/libsrc/bram_v4_11/src -s libs  "SHELL=CMD" "COMPILER=mb-gcc" "ASSEMBLER=mb-as" "ARCHIVER=mb-ar" "COMPILER_
TRACE::2026-03-06.09:03:43::SCWMssOS::FLAGS=  -O2 -c -mcpu=v11.0 -mlittle-endian -mxl-soft-mul" "EXTRA_COMPILER_FLAGS=-g -ffunction-sections -fdata-sections -Wall -W
TRACE::2026-03-06.09:03:43::SCWMssOS::extra -fno-tree-loop-distribute-patterns"

TRACE::2026-03-06.09:03:43::SCWMssOS::"Running Make libs in microblaze_0/libsrc/cpu_v2_18/src"

TRACE::2026-03-06.09:03:43::SCWMssOS::make -C microblaze_0/libsrc/cpu_v2_18/src -s libs  "SHELL=CMD" "COMPILER=mb-gcc" "ASSEMBLER=mb-as" "ARCHIVER=mb-ar" "COMPILER_F
TRACE::2026-03-06.09:03:43::SCWMssOS::LAGS=  -O2 -c -mcpu=v11.0 -mlittle-endian -mxl-soft-mul" "EXTRA_COMPILER_FLAGS=-g -ffunction-sections -fdata-sections -Wall -We
TRACE::2026-03-06.09:03:43::SCWMssOS::xtra -fno-tree-loop-distribute-patterns"

TRACE::2026-03-06.09:03:43::SCWMssOS::"Running Make libs in microblaze_0/libsrc/standalone_v9_2/src"

TRACE::2026-03-06.09:03:43::SCWMssOS::make -C microblaze_0/libsrc/standalone_v9_2/src -s libs  "SHELL=CMD" "COMPILER=mb-gcc" "ASSEMBLER=mb-as" "ARCHIVER=mb-ar" "COMP
TRACE::2026-03-06.09:03:43::SCWMssOS::ILER_FLAGS=  -O2 -c -mcpu=v11.0 -mlittle-endian -mxl-soft-mul" "EXTRA_COMPILER_FLAGS=-g -ffunction-sections -fdata-sections -Wa
TRACE::2026-03-06.09:03:43::SCWMssOS::ll -Wextra -fno-tree-loop-distribute-patterns"

TRACE::2026-03-06.09:03:43::SCWMssOS::"Running Make libs in microblaze_0/libsrc/uartlite_v3_11/src"

TRACE::2026-03-06.09:03:43::SCWMssOS::make -C microblaze_0/libsrc/uartlite_v3_11/src -s libs  "SHELL=CMD" "COMPILER=mb-gcc" "ASSEMBLER=mb-as" "ARCHIVER=mb-ar" "COMPI
TRACE::2026-03-06.09:03:43::SCWMssOS::LER_FLAGS=  -O2 -c -mcpu=v11.0 -mlittle-endian -mxl-soft-mul" "EXTRA_COMPILER_FLAGS=-g -ffunction-sections -fdata-sections -Wal
TRACE::2026-03-06.09:03:43::SCWMssOS::l -Wextra -fno-tree-loop-distribute-patterns"

TRACE::2026-03-06.09:03:47::SCWMssOS::"DEBUG NON_LTO_OBJECTS is ../../../lib/microblaze_interrupt_handler.o"

TRACE::2026-03-06.09:03:47::SCWMssOS::'Finished building libraries parallelly.'

TRACE::2026-03-06.09:03:47::SCWMssOS::make --no-print-directory archive

TRACE::2026-03-06.09:03:47::SCWMssOS::mb-ar -r  microblaze_0/lib/libxil.a microblaze_0/lib/_exit.o microblaze_0/lib/errno.o microblaze_0/lib/fcntl.o microblaze_0/lib
TRACE::2026-03-06.09:03:47::SCWMssOS::/hw_exception_handler.o microblaze_0/lib/inbyte.o microblaze_0/lib/microblaze_disable_dcache.o microblaze_0/lib/microblaze_disa
TRACE::2026-03-06.09:03:47::SCWMssOS::ble_exceptions.o microblaze_0/lib/microblaze_disable_icache.o microblaze_0/lib/microblaze_disable_interrupts.o microblaze_0/lib
TRACE::2026-03-06.09:03:47::SCWMssOS::/microblaze_enable_dcache.o microblaze_0/lib/microblaze_enable_exceptions.o microblaze_0/lib/microblaze_enable_icache.o microbl
TRACE::2026-03-06.09:03:47::SCWMssOS::aze_0/lib/microblaze_enable_interrupts.o microblaze_0/lib/microblaze_exception_handler.o microblaze_0/lib/microblaze_flush_cach
TRACE::2026-03-06.09:03:47::SCWMssOS::e_ext.o microblaze_0/lib/microblaze_flush_cache_ext_range.o microblaze_0/lib/microblaze_flush_dcache.o microblaze_0/lib/microbl
TRACE::2026-03-06.09:03:47::SCWMssOS::aze_flush_dcache_range.o microblaze_0/lib/microblaze_init_dcache_range.o microblaze_0/lib/microblaze_init_icache_range.o microb
TRACE::2026-03-06.09:03:47::SCWMssOS::laze_0/lib/microblaze_interrupt_handler.o microblaze_0/lib/microblaze_interrupts_g.o microblaze_0/lib/microblaze_invalidate_cac
TRACE::2026-03-06.09:03:47::SCWMssOS::he_ext.o microblaze_0/lib/microblaze_invalidate_cache_ext_range.o microblaze_0/lib/microblaze_invalidate_dcache.o microblaze_0/
TRACE::2026-03-06.09:03:47::SCWMssOS::lib/microblaze_invalidate_dcache_range.o microblaze_0/lib/microblaze_invalidate_icache.o microblaze_0/lib/microblaze_invalidate
TRACE::2026-03-06.09:03:47::SCWMssOS::_icache_range.o microblaze_0/lib/microblaze_scrub.o microblaze_0/lib/microblaze_selftest.o microblaze_0/lib/microblaze_sleep.o 
TRACE::2026-03-06.09:03:47::SCWMssOS::microblaze_0/lib/microblaze_update_dcache.o microblaze_0/lib/microblaze_update_icache.o microblaze_0/lib/outbyte.o microblaze_0
TRACE::2026-03-06.09:03:47::SCWMssOS::/lib/print.o microblaze_0/lib/pvr.o microblaze_0/lib/xbram.o microblaze_0/lib/xbram_g.o microblaze_0/lib/xbram_intr.o microblaz
TRACE::2026-03-06.09:03:47::SCWMssOS::e_0/lib/xbram_selftest.o microblaze_0/lib/xbram_sinit.o microblaze_0/lib/xil_assert.o microblaze_0/lib/xil_cache.o microblaze_0
TRACE::2026-03-06.09:03:47::SCWMssOS::/lib/xil_clocking.o microblaze_0/lib/xil_exception.o microblaze_0/lib/xil_mem.o microblaze_0/lib/xil_misc_psreset_api.o microbl
TRACE::2026-03-06.09:03:47::SCWMssOS::aze_0/lib/xil_printf.o microblaze_0/lib/xil_sleepcommon.o microblaze_0/lib/xil_sutil.o microblaze_0/lib/xil_testcache.o microbl
TRACE::2026-03-06.09:03:47::SCWMssOS::aze_0/lib/xil_testio.o microblaze_0/lib/xil_testmem.o microblaze_0/lib/xil_util.o microblaze_0/lib/xinterrupt_wrap.o microblaze
TRACE::2026-03-06.09:03:47::SCWMssOS::_0/lib/xio.o microblaze_0/lib/xplatform_info.o microblaze_0/lib/xpm_init.o microblaze_0/lib/xuartlite.o microblaze_0/lib/xuartl
TRACE::2026-03-06.09:03:47::SCWMssOS::ite_g.o microblaze_0/lib/xuartlite_intr.o microblaze_0/lib/xuartlite_l.o microblaze_0/lib/xuartlite_selftest.o microblaze_0/lib
TRACE::2026-03-06.09:03:47::SCWMssOS::/xuartlite_sinit.o microblaze_0/lib/xuartlite_stats.o

TRACE::2026-03-06.09:03:48::SCWMssOS::'Finished building libraries'

TRACE::2026-03-06.09:03:48::SCWMssOS::Copying to export directory.
TRACE::2026-03-06.09:03:49::SCWMssOS:: Checking if to create the Supporting Applications
TRACE::2026-03-06.09:03:49::SCWMssOS:: No Linux domain exists, trying to generate FSBL 
LOG::2026-03-06.09:03:49::SCWSystem::Completed Processing the domain standalone_microblaze_0
LOG::2026-03-06.09:03:49::SCWSystem::Completed Processing the sysconfig design_1_wrapper
LOG::2026-03-06.09:03:49::SCWPlatform::Completed generating the artifacts for system configuration design_1_wrapper
TRACE::2026-03-06.09:03:49::SCWPlatform::Started preparing the platform 
TRACE::2026-03-06.09:03:49::SCWSystem::Writing the bif file for system config design_1_wrapper
TRACE::2026-03-06.09:03:49::SCWSystem::dir created 
TRACE::2026-03-06.09:03:49::SCWSystem::Writing the bif 
TRACE::2026-03-06.09:03:49::SCWPlatform::Started writing the spfm file 
TRACE::2026-03-06.09:03:49::SCWPlatform::Started writing the xpfm file 
TRACE::2026-03-06.09:03:49::SCWPlatform::Completed generating the platform
TRACE::2026-03-06.09:03:49::SCWMssOS::Saving the mss changes C:/Users/C27Bradford.Hurt/ece383_wksp/ice2/design_1_wrapper/microblaze_0/standalone_microblaze_0/bsp/system.mss
TRACE::2026-03-06.09:03:49::SCWMssOS::Found a swdesign opened with the mssfile.
TRACE::2026-03-06.09:03:49::SCWMssOS::Completed writemss as part of save.
TRACE::2026-03-06.09:03:49::SCWMssOS::Commit changes completed.
TRACE::2026-03-06.09:03:49::SCWPlatform::Trying to open the hw design at C:/Users/C27Bradford.Hurt/ece383_wksp/ice2/design_1_wrapper/hw/design_1_wrapper.xsa
TRACE::2026-03-06.09:03:49::SCWPlatform::DSA given C:/Users/C27Bradford.Hurt/ece383_wksp/ice2/design_1_wrapper/hw/design_1_wrapper.xsa
TRACE::2026-03-06.09:03:49::SCWPlatform::DSA absoulate path C:/Users/C27Bradford.Hurt/ece383_wksp/ice2/design_1_wrapper/hw/design_1_wrapper.xsa
TRACE::2026-03-06.09:03:49::SCWPlatform::DSA directory C:/Users/C27Bradford.Hurt/ece383_wksp/ice2/design_1_wrapper/hw
TRACE::2026-03-06.09:03:49::SCWPlatform:: Platform Path C:/Users/C27Bradford.Hurt/ece383_wksp/ice2/design_1_wrapper/hw/design_1_wrapper.xsa
TRACE::2026-03-06.09:03:49::SCWPlatform:: Unique name xilinx:nexys_video::0.0
TRACE::2026-03-06.09:03:49::SCWPlatform::Trying to set the existing hwdb with name design_1_wrapper_0
TRACE::2026-03-06.09:03:49::SCWPlatform::Opened existing hwdb design_1_wrapper_0
TRACE::2026-03-06.09:03:49::SCWPlatform::Found the Hw Db part of the input DSA
TRACE::2026-03-06.09:03:49::SCWMssOS::Checking the sw design at  C:/Users/C27Bradford.Hurt/ece383_wksp/ice2/design_1_wrapper/microblaze_0/standalone_microblaze_0/bsp/system.mss
TRACE::2026-03-06.09:03:49::SCWMssOS::DEBUG:  swdes dump  C:/Users/C27Bradford.Hurt/ece383_wksp/ice2/design_1_wrapper/microblaze_0/standalone_microblaze_0/bsp/system.mss|system||

TRACE::2026-03-06.09:03:49::SCWMssOS::Sw design exists and opened at  C:/Users/C27Bradford.Hurt/ece383_wksp/ice2/design_1_wrapper/microblaze_0/standalone_microblaze_0/bsp/system.mss
TRACE::2026-03-06.09:03:49::SCWPlatform::Trying to open the hw design at C:/Users/C27Bradford.Hurt/ece383_wksp/ice2/design_1_wrapper/hw/design_1_wrapper.xsa
TRACE::2026-03-06.09:03:49::SCWPlatform::DSA given C:/Users/C27Bradford.Hurt/ece383_wksp/ice2/design_1_wrapper/hw/design_1_wrapper.xsa
TRACE::2026-03-06.09:03:49::SCWPlatform::DSA absoulate path C:/Users/C27Bradford.Hurt/ece383_wksp/ice2/design_1_wrapper/hw/design_1_wrapper.xsa
TRACE::2026-03-06.09:03:49::SCWPlatform::DSA directory C:/Users/C27Bradford.Hurt/ece383_wksp/ice2/design_1_wrapper/hw
TRACE::2026-03-06.09:03:49::SCWPlatform:: Platform Path C:/Users/C27Bradford.Hurt/ece383_wksp/ice2/design_1_wrapper/hw/design_1_wrapper.xsa
TRACE::2026-03-06.09:03:49::SCWPlatform:: Unique name xilinx:nexys_video::0.0
TRACE::2026-03-06.09:03:49::SCWPlatform::Trying to set the existing hwdb with name design_1_wrapper_0
TRACE::2026-03-06.09:03:49::SCWPlatform::Opened existing hwdb design_1_wrapper_0
TRACE::2026-03-06.09:03:49::SCWPlatform::Found the Hw Db part of the input DSA
TRACE::2026-03-06.09:03:49::SCWMssOS::Checking the sw design at  C:/Users/C27Bradford.Hurt/ece383_wksp/ice2/design_1_wrapper/microblaze_0/standalone_microblaze_0/bsp/system.mss
TRACE::2026-03-06.09:03:49::SCWMssOS::DEBUG:  swdes dump  C:/Users/C27Bradford.Hurt/ece383_wksp/ice2/design_1_wrapper/microblaze_0/standalone_microblaze_0/bsp/system.mss|system||

TRACE::2026-03-06.09:03:49::SCWMssOS::Sw design exists and opened at  C:/Users/C27Bradford.Hurt/ece383_wksp/ice2/design_1_wrapper/microblaze_0/standalone_microblaze_0/bsp/system.mss
TRACE::2026-03-06.09:03:49::SCWPlatform::Trying to open the hw design at C:/Users/C27Bradford.Hurt/ece383_wksp/ice2/design_1_wrapper/hw/design_1_wrapper.xsa
TRACE::2026-03-06.09:03:49::SCWPlatform::DSA given C:/Users/C27Bradford.Hurt/ece383_wksp/ice2/design_1_wrapper/hw/design_1_wrapper.xsa
TRACE::2026-03-06.09:03:49::SCWPlatform::DSA absoulate path C:/Users/C27Bradford.Hurt/ece383_wksp/ice2/design_1_wrapper/hw/design_1_wrapper.xsa
TRACE::2026-03-06.09:03:49::SCWPlatform::DSA directory C:/Users/C27Bradford.Hurt/ece383_wksp/ice2/design_1_wrapper/hw
TRACE::2026-03-06.09:03:49::SCWPlatform:: Platform Path C:/Users/C27Bradford.Hurt/ece383_wksp/ice2/design_1_wrapper/hw/design_1_wrapper.xsa
TRACE::2026-03-06.09:03:49::SCWPlatform:: Unique name xilinx:nexys_video::0.0
TRACE::2026-03-06.09:03:49::SCWPlatform::Trying to set the existing hwdb with name design_1_wrapper_0
TRACE::2026-03-06.09:03:49::SCWPlatform::Opened existing hwdb design_1_wrapper_0
TRACE::2026-03-06.09:03:49::SCWPlatform::Found the Hw Db part of the input DSA
TRACE::2026-03-06.09:03:49::SCWMssOS::Checking the sw design at  C:/Users/C27Bradford.Hurt/ece383_wksp/ice2/design_1_wrapper/microblaze_0/standalone_microblaze_0/bsp/system.mss
TRACE::2026-03-06.09:03:49::SCWMssOS::DEBUG:  swdes dump  C:/Users/C27Bradford.Hurt/ece383_wksp/ice2/design_1_wrapper/microblaze_0/standalone_microblaze_0/bsp/system.mss|system||

TRACE::2026-03-06.09:03:49::SCWMssOS::Sw design exists and opened at  C:/Users/C27Bradford.Hurt/ece383_wksp/ice2/design_1_wrapper/microblaze_0/standalone_microblaze_0/bsp/system.mss
TRACE::2026-03-06.09:03:49::SCWWriter::formatted JSON is {
	"platformName":	"design_1_wrapper",
	"sprVersion":	"2.0",
	"mode":	"gui",
	"dsaType":	"Fixed",
	"platformDesc":	"design_1_wrapper",
	"platHandOff":	"<platformDir>.xsa",
	"platIntHandOff":	"<platformDir>/hw/design_1_wrapper.xsa",
	"deviceType":	"FPGA",
	"platIsPrebuiltAutogen":	"false",
	"platIsNoBootBsp":	"false",
	"hasFsblMakeHasChanges":	"false",
	"hasPmufwMakeHasChanges":	"false",
	"platPreBuiltFlag":	false,
	"platformSamplesDir":	"",
	"platActiveSys":	"design_1_wrapper",
	"systems":	[{
			"systemName":	"design_1_wrapper",
			"systemDesc":	"design_1_wrapper",
			"sysIsBootAutoGen":	"true",
			"systemDispName":	"design_1_wrapper",
			"sysActiveDom":	"standalone_microblaze_0",
			"sysDefaultDom":	"standalone_microblaze_0",
			"domains":	[{
					"domainName":	"standalone_microblaze_0",
					"domainDispName":	"standalone_microblaze_0",
					"domainDesc":	"standalone_microblaze_0",
					"processors":	"microblaze_0",
					"os":	"standalone",
					"sdxOs":	"standalone",
					"debugEnable":	"False",
					"domRuntimes":	["cpp"],
					"swRepo":	"",
					"mssOsVer":	"9.2",
					"mssFile":	"",
					"md5Digest":	"78d0412b485d8ad9f86b2c0627bf3467",
					"compatibleApp":	"hello_world",
					"domType":	"mssDomain",
					"arch":	"32-bit",
					"appSettings":	{
						"appCompilerFlags":	"",
						"appLinkerFlags":	""
					},
					"addedLibs":	[],
					"libOptions":	{
						"libsContainingOptions":	[]
					},
					"prebuiltLibs":	{
						"prebuiltIncPath":	[],
						"prebuiltLibPath":	[]
					},
					"isolation":	{
					}
				}]
		}]
}
KEYINFO::2026-03-06.09:03:49::SCWPlatform::updated the xpfm file.
TRACE::2026-03-06.09:03:49::SCWPlatform::Trying to open the hw design at C:/Users/C27Bradford.Hurt/ece383_wksp/ice2/design_1_wrapper/hw/design_1_wrapper.xsa
TRACE::2026-03-06.09:03:49::SCWPlatform::DSA given C:/Users/C27Bradford.Hurt/ece383_wksp/ice2/design_1_wrapper/hw/design_1_wrapper.xsa
TRACE::2026-03-06.09:03:49::SCWPlatform::DSA absoulate path C:/Users/C27Bradford.Hurt/ece383_wksp/ice2/design_1_wrapper/hw/design_1_wrapper.xsa
TRACE::2026-03-06.09:03:49::SCWPlatform::DSA directory C:/Users/C27Bradford.Hurt/ece383_wksp/ice2/design_1_wrapper/hw
TRACE::2026-03-06.09:03:49::SCWPlatform:: Platform Path C:/Users/C27Bradford.Hurt/ece383_wksp/ice2/design_1_wrapper/hw/design_1_wrapper.xsa
TRACE::2026-03-06.09:03:49::SCWPlatform:: Unique name xilinx:nexys_video::0.0
TRACE::2026-03-06.09:03:49::SCWPlatform::Trying to set the existing hwdb with name design_1_wrapper_0
TRACE::2026-03-06.09:03:49::SCWPlatform::Opened existing hwdb design_1_wrapper_0
TRACE::2026-03-06.09:03:49::SCWPlatform::Found the Hw Db part of the input DSA
TRACE::2026-03-06.09:03:49::SCWMssOS::Checking the sw design at  C:/Users/C27Bradford.Hurt/ece383_wksp/ice2/design_1_wrapper/microblaze_0/standalone_microblaze_0/bsp/system.mss
TRACE::2026-03-06.09:03:49::SCWMssOS::DEBUG:  swdes dump  C:/Users/C27Bradford.Hurt/ece383_wksp/ice2/design_1_wrapper/microblaze_0/standalone_microblaze_0/bsp/system.mss|system||

TRACE::2026-03-06.09:03:49::SCWMssOS::Sw design exists and opened at  C:/Users/C27Bradford.Hurt/ece383_wksp/ice2/design_1_wrapper/microblaze_0/standalone_microblaze_0/bsp/system.mss
