17:00:49 **** Incremental Build of configuration Debug for project lab3_3 ****
make all 
'Building file: ../src/helloworld.c'
'Invoking: MicroBlaze gcc compiler'
mb-gcc -Wall -O0 -g3 -c -fmessage-length=0 -MT"src/helloworld.o" -IC:/Users/C27Bradford.Hurt/ece383_wksp/lab3_2/design_1_wrapper_fixed/export/design_1_wrapper_fixed/sw/design_1_wrapper_fixed/standalone_microblaze_0/bspinclude/include -mlittle-endian -mcpu=v11.0 -mxl-soft-mul -Wl,--no-relax -ffunction-sections -fdata-sections -MMD -MP -MF"src/helloworld.d" -MT"src/helloworld.o" -o "src/helloworld.o" "../src/helloworld.c"
'Finished building: ../src/helloworld.c'
' '
'Building target: lab3_3.elf'
'Invoking: MicroBlaze gcc linker'
mb-gcc -Wl,-T -Wl,../src/lscript.ld -LC:/Users/C27Bradford.Hurt/ece383_wksp/lab3_2/design_1_wrapper_fixed/export/design_1_wrapper_fixed/sw/design_1_wrapper_fixed/standalone_microblaze_0/bsplib/lib -mlittle-endian -mcpu=v11.0 -mxl-soft-mul -Wl,--no-relax -Wl,--gc-sections -o "lab3_3.elf"  ./src/helloworld.o ./src/platform.o   -Wl,--start-group,-lxil,-lgcc,-lc,--end-group
'Finished building target: lab3_3.elf'
' '
'Invoking: MicroBlaze Print Size'
mb-size lab3_3.elf  |tee "lab3_3.elf.size"
   text	   data	    bss	    dec	    hex	filename
  10340	     24	   7532	  17896	   45e8	lab3_3.elf
'Finished building: lab3_3.elf.size'
' '

17:00:53 Build Finished (took 4s.232ms)

