
*** Running vivado
    with args -log design_1_vga_signal_generator_0_0.vds -m64 -product Vivado -mode batch -messageDb vivado.pb -notrace -source design_1_vga_signal_generator_0_0.tcl



****** Vivado v2024.2 (64-bit)
  **** SW Build 5239630 on Fri Nov 08 22:35:27 MST 2024
  **** IP Build 5239520 on Sun Nov 10 16:12:51 MST 2024
  **** SharedData Build 5239561 on Fri Nov 08 14:39:27 MST 2024
  **** Start of session at: Wed May  6 15:01:30 2026
    ** Copyright 1986-2022 Xilinx, Inc. All Rights Reserved.
    ** Copyright 2022-2024 Advanced Micro Devices, Inc. All Rights Reserved.

source design_1_vga_signal_generator_0_0.tcl -notrace
WARNING: [Common 17-1361] You have specified a new message control rule that is equivalent to an existing rule with attributes ' -id {17-179}  -suppress '. The existing rule will be replaced.
INFO: [IP_Flow 19-234] Refreshing IP repositories
INFO: [IP_Flow 19-1700] Loaded user IP repository 'c:/Users/C27Bradford.Hurt/ece383_wksp/ip_repo/myip_write_SCCB_1_0'.
INFO: [IP_Flow 19-1700] Loaded user IP repository 'c:/Users/C27Bradford.Hurt/ece383_wksp/ip_repo/write_SCCB_1_0'.
INFO: [IP_Flow 19-1700] Loaded user IP repository 'c:/Users/C27Bradford.Hurt/ece383_wksp/ip_repo/my_oscope_1_0'.
INFO: [IP_Flow 19-1700] Loaded user IP repository 'c:/Users/C27Bradford.Hurt/ece383_wksp/ip_repo/My_Counter_IP_1_0'.
INFO: [IP_Flow 19-2313] Loaded Vivado IP repository 'C:/Xilinx/Vivado/2024.2/data/ip'.
Command: synth_design -top design_1_vga_signal_generator_0_0 -part xc7a200tsbg484-1 -incremental_mode off -mode out_of_context
Starting synth_design
Attempting to get a license for feature 'Synthesis' and/or device 'xc7a200t'
INFO: [Common 17-349] Got license for feature 'Synthesis' and/or device 'xc7a200t'
INFO: [Device 21-403] Loading part xc7a200tsbg484-1
INFO: [Synth 8-7079] Multithreading enabled for synth_design using a maximum of 2 processes.
INFO: [Synth 8-7078] Launching helper process for spawning children vivado processes
WARNING: [Common 17-1361] You have specified a new message control rule that is equivalent to an existing rule with attributes ' -id {17-179}  -suppress '. The existing rule will be replaced.
INFO: [Synth 8-7075] Helper process launched with PID 2512
---------------------------------------------------------------------------------
Starting RTL Elaboration : Time (s): cpu = 00:00:06 ; elapsed = 00:00:09 . Memory (MB): peak = 1011.578 ; gain = 468.082
---------------------------------------------------------------------------------
INFO: [Synth 8-638] synthesizing module 'design_1_vga_signal_generator_0_0' [c:/Users/C27Bradford.Hurt/ece383_wksp/final_project/final_project.gen/sources_1/bd/design_1/ip/design_1_vga_signal_generator_0_0/synth/design_1_vga_signal_generator_0_0.vhd:68]
INFO: [Synth 8-3491] module 'vga_signal_generator' declared at 'C:/Users/C27Bradford.Hurt/ece383_wksp/final_project/final_project.srcs/sources_1/imports/Downloads/vga_signal_generator.vhd:10' bound to instance 'U0' of component 'vga_signal_generator' [c:/Users/C27Bradford.Hurt/ece383_wksp/final_project/final_project.gen/sources_1/bd/design_1/ip/design_1_vga_signal_generator_0_0/synth/design_1_vga_signal_generator_0_0.vhd:100]
INFO: [Synth 8-638] synthesizing module 'vga_signal_generator' [C:/Users/C27Bradford.Hurt/ece383_wksp/final_project/final_project.srcs/sources_1/imports/Downloads/vga_signal_generator.vhd:26]
	Parameter num_bits bound to: 10 - type: integer 
	Parameter max_value bound to: 799 - type: integer 
INFO: [Synth 8-3491] module 'counter' declared at 'C:/Users/C27Bradford.Hurt/ece383_wksp/final_project/final_project.srcs/sources_1/imports/Downloads/counter.vhd:5' bound to instance 'horizontal_counter' of component 'counter' [C:/Users/C27Bradford.Hurt/ece383_wksp/final_project/final_project.srcs/sources_1/imports/Downloads/vga_signal_generator.vhd:39]
INFO: [Synth 8-638] synthesizing module 'counter' [C:/Users/C27Bradford.Hurt/ece383_wksp/final_project/final_project.srcs/sources_1/imports/Downloads/counter.vhd:17]
INFO: [Synth 8-256] done synthesizing module 'counter' (0#1) [C:/Users/C27Bradford.Hurt/ece383_wksp/final_project/final_project.srcs/sources_1/imports/Downloads/counter.vhd:17]
	Parameter num_bits bound to: 10 - type: integer 
	Parameter max_value bound to: 524 - type: integer 
INFO: [Synth 8-3491] module 'counter' declared at 'C:/Users/C27Bradford.Hurt/ece383_wksp/final_project/final_project.srcs/sources_1/imports/Downloads/counter.vhd:5' bound to instance 'vertical_counter' of component 'counter' [C:/Users/C27Bradford.Hurt/ece383_wksp/final_project/final_project.srcs/sources_1/imports/Downloads/vga_signal_generator.vhd:56]
INFO: [Synth 8-638] synthesizing module 'counter__parameterized1' [C:/Users/C27Bradford.Hurt/ece383_wksp/final_project/final_project.srcs/sources_1/imports/Downloads/counter.vhd:17]
INFO: [Synth 8-256] done synthesizing module 'counter__parameterized1' (0#1) [C:/Users/C27Bradford.Hurt/ece383_wksp/final_project/final_project.srcs/sources_1/imports/Downloads/counter.vhd:17]
INFO: [Synth 8-256] done synthesizing module 'vga_signal_generator' (0#1) [C:/Users/C27Bradford.Hurt/ece383_wksp/final_project/final_project.srcs/sources_1/imports/Downloads/vga_signal_generator.vhd:26]
INFO: [Synth 8-256] done synthesizing module 'design_1_vga_signal_generator_0_0' (0#1) [c:/Users/C27Bradford.Hurt/ece383_wksp/final_project/final_project.gen/sources_1/bd/design_1/ip/design_1_vga_signal_generator_0_0/synth/design_1_vga_signal_generator_0_0.vhd:68]
---------------------------------------------------------------------------------
Finished RTL Elaboration : Time (s): cpu = 00:00:08 ; elapsed = 00:00:11 . Memory (MB): peak = 1123.145 ; gain = 579.648
---------------------------------------------------------------------------------
---------------------------------------------------------------------------------
Start Handling Custom Attributes
---------------------------------------------------------------------------------
---------------------------------------------------------------------------------
Finished Handling Custom Attributes : Time (s): cpu = 00:00:08 ; elapsed = 00:00:11 . Memory (MB): peak = 1123.145 ; gain = 579.648
---------------------------------------------------------------------------------
---------------------------------------------------------------------------------
Finished RTL Optimization Phase 1 : Time (s): cpu = 00:00:08 ; elapsed = 00:00:11 . Memory (MB): peak = 1123.145 ; gain = 579.648
---------------------------------------------------------------------------------
Netlist sorting complete. Time (s): cpu = 00:00:00 ; elapsed = 00:00:00.002 . Memory (MB): peak = 1123.145 ; gain = 0.000
INFO: [Project 1-570] Preparing netlist for logic optimization

Processing XDC Constraints
Initializing timing engine
Completed Processing XDC Constraints

Netlist sorting complete. Time (s): cpu = 00:00:00 ; elapsed = 00:00:00 . Memory (MB): peak = 1200.621 ; gain = 0.000
INFO: [Project 1-111] Unisim Transformation Summary:
No Unisim elements were transformed.

Constraint Validation Runtime : Time (s): cpu = 00:00:00 ; elapsed = 00:00:00.084 . Memory (MB): peak = 1200.746 ; gain = 0.125
INFO: [Designutils 20-5008] Incremental synthesis strategy off
---------------------------------------------------------------------------------
Finished Constraint Validation : Time (s): cpu = 00:00:17 ; elapsed = 00:00:22 . Memory (MB): peak = 1200.746 ; gain = 657.250
---------------------------------------------------------------------------------
---------------------------------------------------------------------------------
Start Loading Part and Timing Information
---------------------------------------------------------------------------------
Loading part: xc7a200tsbg484-1
---------------------------------------------------------------------------------
Finished Loading Part and Timing Information : Time (s): cpu = 00:00:17 ; elapsed = 00:00:22 . Memory (MB): peak = 1200.746 ; gain = 657.250
---------------------------------------------------------------------------------
---------------------------------------------------------------------------------
Start Applying 'set_property' XDC Constraints
---------------------------------------------------------------------------------
---------------------------------------------------------------------------------
Finished applying 'set_property' XDC Constraints : Time (s): cpu = 00:00:17 ; elapsed = 00:00:22 . Memory (MB): peak = 1200.746 ; gain = 657.250
---------------------------------------------------------------------------------
---------------------------------------------------------------------------------
Finished RTL Optimization Phase 2 : Time (s): cpu = 00:00:17 ; elapsed = 00:00:23 . Memory (MB): peak = 1200.746 ; gain = 657.250
---------------------------------------------------------------------------------
---------------------------------------------------------------------------------
Start RTL Component Statistics 
---------------------------------------------------------------------------------
Detailed RTL Component Info : 
+---Adders : 
	   2 Input   10 Bit       Adders := 2     
+---Registers : 
	               10 Bit    Registers := 2     
	                1 Bit    Registers := 3     
+---Muxes : 
	   2 Input    1 Bit        Muxes := 2     
---------------------------------------------------------------------------------
Finished RTL Component Statistics 
---------------------------------------------------------------------------------
---------------------------------------------------------------------------------
Start Part Resource Summary
---------------------------------------------------------------------------------
Part Resources:
DSPs: 740 (col length:100)
BRAMs: 730 (col length: RAMB18 100 RAMB36 50)
---------------------------------------------------------------------------------
Finished Part Resource Summary
---------------------------------------------------------------------------------
---------------------------------------------------------------------------------
Start Cross Boundary and Area Optimization
---------------------------------------------------------------------------------
WARNING: [Synth 8-7080] Parallel synthesis criteria is not met
---------------------------------------------------------------------------------
Finished Cross Boundary and Area Optimization : Time (s): cpu = 00:00:19 ; elapsed = 00:00:25 . Memory (MB): peak = 1200.746 ; gain = 657.250
---------------------------------------------------------------------------------
---------------------------------------------------------------------------------
Start Applying XDC Timing Constraints
---------------------------------------------------------------------------------
---------------------------------------------------------------------------------
Finished Applying XDC Timing Constraints : Time (s): cpu = 00:00:25 ; elapsed = 00:00:33 . Memory (MB): peak = 1312.699 ; gain = 769.203
---------------------------------------------------------------------------------
---------------------------------------------------------------------------------
Start Timing Optimization
---------------------------------------------------------------------------------
---------------------------------------------------------------------------------
Finished Timing Optimization : Time (s): cpu = 00:00:25 ; elapsed = 00:00:33 . Memory (MB): peak = 1312.699 ; gain = 769.203
---------------------------------------------------------------------------------
---------------------------------------------------------------------------------
Start Technology Mapping
---------------------------------------------------------------------------------
---------------------------------------------------------------------------------
Finished Technology Mapping : Time (s): cpu = 00:00:25 ; elapsed = 00:00:33 . Memory (MB): peak = 1322.797 ; gain = 779.301
---------------------------------------------------------------------------------
---------------------------------------------------------------------------------
Start IO Insertion
---------------------------------------------------------------------------------
---------------------------------------------------------------------------------
Start Flattening Before IO Insertion
---------------------------------------------------------------------------------
---------------------------------------------------------------------------------
Finished Flattening Before IO Insertion
---------------------------------------------------------------------------------
---------------------------------------------------------------------------------
Start Final Netlist Cleanup
---------------------------------------------------------------------------------
---------------------------------------------------------------------------------
Finished Final Netlist Cleanup
---------------------------------------------------------------------------------
---------------------------------------------------------------------------------
Finished IO Insertion : Time (s): cpu = 00:00:30 ; elapsed = 00:00:38 . Memory (MB): peak = 1539.309 ; gain = 995.812
---------------------------------------------------------------------------------
---------------------------------------------------------------------------------
Start Renaming Generated Instances
---------------------------------------------------------------------------------
---------------------------------------------------------------------------------
Finished Renaming Generated Instances : Time (s): cpu = 00:00:30 ; elapsed = 00:00:38 . Memory (MB): peak = 1539.309 ; gain = 995.812
---------------------------------------------------------------------------------
---------------------------------------------------------------------------------
Start Rebuilding User Hierarchy
---------------------------------------------------------------------------------
---------------------------------------------------------------------------------
Finished Rebuilding User Hierarchy : Time (s): cpu = 00:00:30 ; elapsed = 00:00:38 . Memory (MB): peak = 1539.309 ; gain = 995.812
---------------------------------------------------------------------------------
---------------------------------------------------------------------------------
Start Renaming Generated Ports
---------------------------------------------------------------------------------
---------------------------------------------------------------------------------
Finished Renaming Generated Ports : Time (s): cpu = 00:00:30 ; elapsed = 00:00:38 . Memory (MB): peak = 1539.309 ; gain = 995.812
---------------------------------------------------------------------------------
---------------------------------------------------------------------------------
Start Handling Custom Attributes
---------------------------------------------------------------------------------
---------------------------------------------------------------------------------
Finished Handling Custom Attributes : Time (s): cpu = 00:00:30 ; elapsed = 00:00:38 . Memory (MB): peak = 1539.309 ; gain = 995.812
---------------------------------------------------------------------------------
---------------------------------------------------------------------------------
Start Renaming Generated Nets
---------------------------------------------------------------------------------
---------------------------------------------------------------------------------
Finished Renaming Generated Nets : Time (s): cpu = 00:00:30 ; elapsed = 00:00:38 . Memory (MB): peak = 1539.309 ; gain = 995.812
---------------------------------------------------------------------------------
---------------------------------------------------------------------------------
Start Writing Synthesis Report
---------------------------------------------------------------------------------

Report BlackBoxes: 
+-+--------------+----------+
| |BlackBox name |Instances |
+-+--------------+----------+
+-+--------------+----------+

Report Cell Usage: 
+------+-----+------+
|      |Cell |Count |
+------+-----+------+
|1     |LUT1 |     2|
|2     |LUT2 |     4|
|3     |LUT3 |     6|
|4     |LUT4 |     6|
|5     |LUT5 |    11|
|6     |LUT6 |     9|
|7     |FDRE |    23|
+------+-----+------+
---------------------------------------------------------------------------------
Finished Writing Synthesis Report : Time (s): cpu = 00:00:30 ; elapsed = 00:00:38 . Memory (MB): peak = 1539.309 ; gain = 995.812
---------------------------------------------------------------------------------
Synthesis finished with 0 errors, 0 critical warnings and 1 warnings.
Synthesis Optimization Runtime : Time (s): cpu = 00:00:20 ; elapsed = 00:00:36 . Memory (MB): peak = 1539.309 ; gain = 918.211
Synthesis Optimization Complete : Time (s): cpu = 00:00:30 ; elapsed = 00:00:39 . Memory (MB): peak = 1539.309 ; gain = 995.812
INFO: [Project 1-571] Translating synthesized netlist
Netlist sorting complete. Time (s): cpu = 00:00:00 ; elapsed = 00:00:00.001 . Memory (MB): peak = 1548.516 ; gain = 0.000
INFO: [Project 1-570] Preparing netlist for logic optimization
INFO: [Opt 31-138] Pushed 0 inverter(s) to 0 load pin(s).
Netlist sorting complete. Time (s): cpu = 00:00:00 ; elapsed = 00:00:00 . Memory (MB): peak = 1554.781 ; gain = 0.000
INFO: [Project 1-111] Unisim Transformation Summary:
No Unisim elements were transformed.

Synth Design complete | Checksum: f230eb7f
INFO: [Common 17-83] Releasing license: Synthesis
30 Infos, 3 Warnings, 0 Critical Warnings and 0 Errors encountered.
synth_design completed successfully
synth_design: Time (s): cpu = 00:00:34 ; elapsed = 00:01:19 . Memory (MB): peak = 1554.781 ; gain = 1245.344
INFO: [Coretcl 2-1174] Renamed 3 cell refs.
Write ShapeDB Complete: Time (s): cpu = 00:00:00 ; elapsed = 00:00:00.002 . Memory (MB): peak = 1554.781 ; gain = 0.000
INFO: [Common 17-1381] The checkpoint 'C:/Users/C27Bradford.Hurt/ece383_wksp/final_project/final_project.runs/design_1_vga_signal_generator_0_0_synth_1/design_1_vga_signal_generator_0_0.dcp' has been generated.
INFO: [Vivado 12-24828] Executing command : report_utilization -file design_1_vga_signal_generator_0_0_utilization_synth.rpt -pb design_1_vga_signal_generator_0_0_utilization_synth.pb
INFO: [Common 17-206] Exiting Vivado at Wed May  6 15:03:10 2026...
