08:49:58 DEBUG : Logs will be stored at 'C:/Users/C27Bradford.Hurt/ece383_wksp/ice2/IDE.log'.
08:50:03 INFO  : Launching XSCT server: xsct.bat -n  -interactive C:\Users\C27Bradford.Hurt\ece383_wksp\ice2\temp_xsdb_launch_script.tcl
08:50:03 INFO  : Platform repository initialization has completed.
08:50:04 INFO  : Registering command handlers for Vitis TCF services
08:50:12 INFO  : XSCT server has started successfully.
08:50:12 INFO  : Successfully done setting XSCT server connection channel  
08:50:12 INFO  : plnx-install-location is set to ''
08:50:22 INFO  : Successfully done setting workspace for the tool. 
08:50:22 INFO  : Successfully done query RDI_DATADIR 
08:51:58 INFO  : Result from executing command 'getProjects': design_1_wrapper
08:51:58 INFO  : Result from executing command 'getPlatforms': 
08:51:58 WARN  : An unexpected exception occurred in the module 'platform project logging'
08:51:58 INFO  : Platform 'design_1_wrapper' is added to custom repositories.
08:52:03 INFO  : Platform 'design_1_wrapper' is added to custom repositories.
08:57:25 INFO  : Checking for BSP changes to sync application flags for project 'ublaze2'...
08:57:25 INFO  : Result from executing command 'getProjects': RemoteSystemsTempFiles;design_1_wrapper;ublaze2;ublaze2_system
08:57:25 WARN  : Failed to closehw "C:/Users/C27Bradford.Hurt/ece383_wksp/ice2/design_1_wrapper/export/design_1_wrapper/hw/design_1_wrapper.xsa"
Reason: C:/Users/C27Bradford.Hurt/ece383_wksp/ice2/design_1_wrapper/export/design_1_wrapper/hw/design_1_wrapper.xsa is not available in the current workspace
use 'getprojects' command to see list of available projects in current workspace
08:57:25 INFO  : Result from executing command 'getProjects': RemoteSystemsTempFiles;design_1_wrapper;ublaze2;ublaze2_system
08:57:25 ERROR : Failed to openhw "C:/Users/C27Bradford.Hurt/ece383_wksp/ice2/design_1_wrapper/export/design_1_wrapper/hw/design_1_wrapper.xsa"
Reason: C:/Users/C27Bradford.Hurt/ece383_wksp/ice2/design_1_wrapper/export/design_1_wrapper/hw/design_1_wrapper.xsa is not available in the current workspace
use 'getprojects' command to see list of available projects in current workspace
08:57:25 ERROR : Failed to update application flags from BSP for 'ublaze2'. Reason: null
java.lang.NullPointerException: null
	at com.xilinx.sdx.sw.internal.SDxSwPlatform.<init>(SDxSwPlatform.java:305) ~[com.xilinx.sdx.sw_1.0.0.202411031917.jar:?]
	at com.xilinx.sdx.sw.internal.SDxSwPlatform.create(SDxSwPlatform.java:214) ~[com.xilinx.sdx.sw_1.0.0.202411031917.jar:?]
	at com.xilinx.sdx.sdk.core.util.SdkPlatformHelper.getSwPlatform(SdkPlatformHelper.java:64) ~[com.xilinx.sdx.sdk.core_1.0.0.202411031917.jar:?]
	at com.xilinx.sdx.sdk.core.build.SdkMakefileGenerationListener.getSwPlatform(SdkMakefileGenerationListener.java:160) ~[com.xilinx.sdx.sdk.core_1.0.0.202411031917.jar:?]
	at com.xilinx.sdx.sdk.core.build.SdkMakefileGenerationListener.syncAppFlags(SdkMakefileGenerationListener.java:78) [com.xilinx.sdx.sdk.core_1.0.0.202411031917.jar:?]
	at com.xilinx.sdx.sdk.core.build.SdkMakefileGenerationListener.preMakefileGeneration(SdkMakefileGenerationListener.java:48) [com.xilinx.sdx.sdk.core_1.0.0.202411031917.jar:?]
	at com.xilinx.sdk.managedbuilder.XilinxGnuMakefileGenerator.notifyPreMakefileGenerationListeners(XilinxGnuMakefileGenerator.java:91) [com.xilinx.sdk.managedbuilder_1.0.0.202411031917.jar:?]
	at com.xilinx.sdk.managedbuilder.XilinxGnuMakefileGenerator.regenerateMakefiles(XilinxGnuMakefileGenerator.java:75) [com.xilinx.sdk.managedbuilder_1.0.0.202411031917.jar:?]
	at org.eclipse.cdt.managedbuilder.internal.core.CommonBuilder.performMakefileGeneration(CommonBuilder.java:1006) [org.eclipse.cdt.managedbuilder.core_8.6.0.201802261533.jar:?]
	at org.eclipse.cdt.managedbuilder.internal.core.CommonBuilder.performPrebuildGeneration(CommonBuilder.java:873) [org.eclipse.cdt.managedbuilder.core_8.6.0.201802261533.jar:?]
	at org.eclipse.cdt.managedbuilder.internal.core.CommonBuilder.build(CommonBuilder.java:748) [org.eclipse.cdt.managedbuilder.core_8.6.0.201802261533.jar:?]
	at org.eclipse.cdt.managedbuilder.internal.core.CommonBuilder.build(CommonBuilder.java:513) [org.eclipse.cdt.managedbuilder.core_8.6.0.201802261533.jar:?]
	at org.eclipse.cdt.managedbuilder.internal.core.CommonBuilder.build(CommonBuilder.java:459) [org.eclipse.cdt.managedbuilder.core_8.6.0.201802261533.jar:?]
	at org.eclipse.core.internal.events.BuildManager$2.run(BuildManager.java:832) [org.eclipse.core.resources_3.13.700.v20200209-1624.jar:?]
	at org.eclipse.core.runtime.SafeRunner.run(SafeRunner.java:45) [org.eclipse.equinox.common_3.11.0.v20200206-0817.jar:?]
	at org.eclipse.core.internal.events.BuildManager.basicBuild(BuildManager.java:220) [org.eclipse.core.resources_3.13.700.v20200209-1624.jar:?]
	at org.eclipse.core.internal.events.BuildManager.basicBuild(BuildManager.java:263) [org.eclipse.core.resources_3.13.700.v20200209-1624.jar:?]
	at org.eclipse.core.internal.events.BuildManager$1.run(BuildManager.java:316) [org.eclipse.core.resources_3.13.700.v20200209-1624.jar:?]
	at org.eclipse.core.runtime.SafeRunner.run(SafeRunner.java:45) [org.eclipse.equinox.common_3.11.0.v20200206-0817.jar:?]
	at org.eclipse.core.internal.events.BuildManager.basicBuild(BuildManager.java:319) [org.eclipse.core.resources_3.13.700.v20200209-1624.jar:?]
	at org.eclipse.core.internal.events.BuildManager.basicBuildLoop(BuildManager.java:371) [org.eclipse.core.resources_3.13.700.v20200209-1624.jar:?]
	at org.eclipse.core.internal.events.BuildManager.build(BuildManager.java:392) [org.eclipse.core.resources_3.13.700.v20200209-1624.jar:?]
	at org.eclipse.core.internal.resources.Workspace.buildInternal(Workspace.java:515) [org.eclipse.core.resources_3.13.700.v20200209-1624.jar:?]
	at org.eclipse.core.internal.resources.Workspace.build(Workspace.java:412) [org.eclipse.core.resources_3.13.700.v20200209-1624.jar:?]
	at org.eclipse.ui.actions.BuildAction$1.runInWorkspace(BuildAction.java:291) [org.eclipse.ui.ide_3.17.0.v20200217-1511.jar:?]
	at org.eclipse.core.internal.resources.InternalWorkspaceJob.run(InternalWorkspaceJob.java:42) [org.eclipse.core.resources_3.13.700.v20200209-1624.jar:?]
	at org.eclipse.core.internal.jobs.Worker.run(Worker.java:63) [org.eclipse.core.jobs_3.10.700.v20200106-1020.jar:?]
08:57:26 ERROR : Failed to compute checksum of hardware specification file used by project 'ublaze2'
08:57:26 INFO  : Result from executing command 'getProjects': RemoteSystemsTempFiles;design_1_wrapper;ublaze2;ublaze2_system
08:57:26 ERROR : Failed to openhw "C:/Users/C27Bradford.Hurt/ece383_wksp/ice2/design_1_wrapper/export/design_1_wrapper/hw/design_1_wrapper.xsa"
Reason: C:/Users/C27Bradford.Hurt/ece383_wksp/ice2/design_1_wrapper/export/design_1_wrapper/hw/design_1_wrapper.xsa is not available in the current workspace
use 'getprojects' command to see list of available projects in current workspace
08:57:26 INFO  : Result from executing command 'getProjects': RemoteSystemsTempFiles;design_1_wrapper;ublaze2;ublaze2_system
08:57:26 ERROR : Failed to openhw "C:/Users/C27Bradford.Hurt/ece383_wksp/ice2/design_1_wrapper/export/design_1_wrapper/hw/design_1_wrapper.xsa"
Reason: C:/Users/C27Bradford.Hurt/ece383_wksp/ice2/design_1_wrapper/export/design_1_wrapper/hw/design_1_wrapper.xsa is not available in the current workspace
use 'getprojects' command to see list of available projects in current workspace
08:57:26 INFO  : Result from executing command 'getProjects': RemoteSystemsTempFiles;design_1_wrapper;ublaze2;ublaze2_system
08:57:26 ERROR : Failed to openhw "C:/Users/C27Bradford.Hurt/ece383_wksp/ice2/design_1_wrapper/export/design_1_wrapper/hw/design_1_wrapper.xsa"
Reason: C:/Users/C27Bradford.Hurt/ece383_wksp/ice2/design_1_wrapper/export/design_1_wrapper/hw/design_1_wrapper.xsa is not available in the current workspace
use 'getprojects' command to see list of available projects in current workspace
09:03:49 INFO  : Result from executing command 'getProjects': design_1_wrapper
09:03:49 INFO  : Result from executing command 'getPlatforms': design_1_wrapper|C:/Users/C27Bradford.Hurt/ece383_wksp/ice2/design_1_wrapper/export/design_1_wrapper/design_1_wrapper.xpfm
09:03:50 INFO  : Checking for BSP changes to sync application flags for project 'ublaze2'...
09:04:23 INFO  : Checking for BSP changes to sync application flags for project 'ublaze2'...
09:05:15 INFO  : Connected to target on host '127.0.0.1' and port '3121'.
09:05:33 INFO  : ----------------XSDB Script----------------
connect -url tcp:127.0.0.1:3121
----------------End of Script----------------

09:05:33 ERROR : Could not find FPGA device on the board for connection 'Local'.


Troubleshooting hints:
1. Check whether board is connected to system properly.
2. In case of zynq board, check whether Digilent/Xilinx cable switch settings are correct.
3. If you are using Xilinx Platform Cable USB, ensure that status LED is green.
09:07:29 INFO  : Connected to target on host '127.0.0.1' and port '3121'.
09:07:30 INFO  : Jtag cable 'Digilent Nexys Video 210276AEF629B' is selected.
09:07:32 INFO  : 'jtag frequency' command is executed.
09:07:34 INFO  : 'targets -set -filter {jtag_cable_name =~ "Digilent Nexys Video 210276AEF629B" && level==0 && jtag_device_ctx=="jsn-Nexys Video-210276AEF629B-13636093-0"}' command is executed.
09:07:40 INFO  : Device configured successfully with "C:/Users/C27Bradford.Hurt/ece383_wksp/ice2/ublaze2/_ide/bitstream/design_1_wrapper.bit"
09:07:40 INFO  : Context for processor 'microblaze_0' is selected.
09:07:40 INFO  : Hardware design and registers information is loaded from 'C:/Users/C27Bradford.Hurt/ece383_wksp/ice2/design_1_wrapper/export/design_1_wrapper/hw/design_1_wrapper.xsa'.
09:07:40 INFO  : 'configparams mdm-detect-bscan-mask 2' command is executed.
09:07:40 INFO  : Context for processor 'microblaze_0' is selected.
09:07:40 INFO  : System reset is completed.
09:07:43 INFO  : 'after 3000' command is executed.
09:07:43 INFO  : Context for processor 'microblaze_0' is selected.
09:07:43 INFO  : The application 'C:/Users/C27Bradford.Hurt/ece383_wksp/ice2/ublaze2/Debug/ublaze2.elf' is downloaded to processor 'microblaze_0'.
09:07:43 INFO  : ----------------XSDB Script----------------
connect -url tcp:127.0.0.1:3121
targets -set -filter {jtag_cable_name =~ "Digilent Nexys Video 210276AEF629B" && level==0 && jtag_device_ctx=="jsn-Nexys Video-210276AEF629B-13636093-0"}
fpga -file C:/Users/C27Bradford.Hurt/ece383_wksp/ice2/ublaze2/_ide/bitstream/design_1_wrapper.bit
targets -set -nocase -filter {name =~ "*microblaze*#0" && bscan=="USER2" }
loadhw -hw C:/Users/C27Bradford.Hurt/ece383_wksp/ice2/design_1_wrapper/export/design_1_wrapper/hw/design_1_wrapper.xsa -regs
configparams mdm-detect-bscan-mask 2
targets -set -nocase -filter {name =~ "*microblaze*#0" && bscan=="USER2" }
rst -system
after 3000
targets -set -nocase -filter {name =~ "*microblaze*#0" && bscan=="USER2" }
dow C:/Users/C27Bradford.Hurt/ece383_wksp/ice2/ublaze2/Debug/ublaze2.elf
----------------End of Script----------------

09:07:43 INFO  : Context for processor 'microblaze_0' is selected.
09:07:43 INFO  : 'con' command is executed.
09:07:43 INFO  : ----------------XSDB Script (After Launch)----------------
targets -set -nocase -filter {name =~ "*microblaze*#0" && bscan=="USER2" }
con
----------------End of Script----------------

09:07:43 INFO  : Launch script is exported to file 'C:\Users\C27Bradford.Hurt\ece383_wksp\ice2\ublaze2_system\_ide\scripts\debugger_ublaze2-default.tcl'
09:10:20 INFO  : Disconnected from the channel tcfchan#5.
09:10:21 INFO  : Connected to target on host '127.0.0.1' and port '3121'.
09:10:30 INFO  : ----------------XSDB Script----------------
connect -url tcp:127.0.0.1:3121
----------------End of Script----------------

09:10:30 ERROR : Could not find FPGA device on the board for connection 'Local'.


Troubleshooting hints:
1. Check whether board is connected to system properly.
2. In case of zynq board, check whether Digilent/Xilinx cable switch settings are correct.
3. If you are using Xilinx Platform Cable USB, ensure that status LED is green.
09:10:57 INFO  : Connected to target on host '127.0.0.1' and port '3121'.
09:10:58 INFO  : Jtag cable 'Digilent Nexys Video 210276AEF629B' is selected.
09:10:58 INFO  : 'jtag frequency' command is executed.
09:10:58 INFO  : 'targets -set -filter {jtag_cable_name =~ "Digilent Nexys Video 210276AEF629B" && level==0 && jtag_device_ctx=="jsn-Nexys Video-210276AEF629B-13636093-0"}' command is executed.
09:11:03 INFO  : Device configured successfully with "C:/Users/C27Bradford.Hurt/ece383_wksp/ice2/ublaze2/_ide/bitstream/design_1_wrapper.bit"
09:11:03 INFO  : Context for processor 'microblaze_0' is selected.
09:11:03 INFO  : Hardware design and registers information is loaded from 'C:/Users/C27Bradford.Hurt/ece383_wksp/ice2/design_1_wrapper/export/design_1_wrapper/hw/design_1_wrapper.xsa'.
09:11:03 INFO  : 'configparams mdm-detect-bscan-mask 2' command is executed.
09:11:03 INFO  : Context for processor 'microblaze_0' is selected.
09:11:03 INFO  : System reset is completed.
09:11:06 INFO  : 'after 3000' command is executed.
09:11:06 INFO  : Context for processor 'microblaze_0' is selected.
09:11:07 INFO  : The application 'C:/Users/C27Bradford.Hurt/ece383_wksp/ice2/ublaze2/Debug/ublaze2.elf' is downloaded to processor 'microblaze_0'.
09:11:07 INFO  : ----------------XSDB Script----------------
connect -url tcp:127.0.0.1:3121
targets -set -filter {jtag_cable_name =~ "Digilent Nexys Video 210276AEF629B" && level==0 && jtag_device_ctx=="jsn-Nexys Video-210276AEF629B-13636093-0"}
fpga -file C:/Users/C27Bradford.Hurt/ece383_wksp/ice2/ublaze2/_ide/bitstream/design_1_wrapper.bit
targets -set -nocase -filter {name =~ "*microblaze*#0" && bscan=="USER2" }
loadhw -hw C:/Users/C27Bradford.Hurt/ece383_wksp/ice2/design_1_wrapper/export/design_1_wrapper/hw/design_1_wrapper.xsa -regs
configparams mdm-detect-bscan-mask 2
targets -set -nocase -filter {name =~ "*microblaze*#0" && bscan=="USER2" }
rst -system
after 3000
targets -set -nocase -filter {name =~ "*microblaze*#0" && bscan=="USER2" }
dow C:/Users/C27Bradford.Hurt/ece383_wksp/ice2/ublaze2/Debug/ublaze2.elf
----------------End of Script----------------

09:11:07 INFO  : Context for processor 'microblaze_0' is selected.
09:11:07 INFO  : 'con' command is executed.
09:11:07 INFO  : ----------------XSDB Script (After Launch)----------------
targets -set -nocase -filter {name =~ "*microblaze*#0" && bscan=="USER2" }
con
----------------End of Script----------------

09:11:07 INFO  : Launch script is exported to file 'C:\Users\C27Bradford.Hurt\ece383_wksp\ice2\ublaze2_system\_ide\scripts\debugger_ublaze2-default.tcl'
09:13:01 INFO  : Disconnected from the channel tcfchan#6.
